77.33.202.80 - - [07/Mar/2025:03:46:26 +0100] "GET /til-hjemmet/" 304 0 "https://danmedica.dk/" "Mozilla/5.0 (Windows NT 10.0; Win64; x64) AppleWebKit/537.36 (KHTML, like Gecko) Chrome/126.0.0.0 Safari/537.36"
77.33.202.80 - - [07/Mar/2025:03:46:28 +0100] "GET /bevaegelse/korestole/el-korestole/" 499 0 "https://danmedica.dk/" "Mozilla/5.0 (Windows NT 10.0; Win64; x64) AppleWebKit/537.36 (KHTML, like Gecko) Chrome/126.0.0.0 Safari/537.36"
77.33.202.80 - - [07/Mar/2025:03:46:29 +0100] "GET /bevaegelse/handicap-scootere/" 200 48586 "https://danmedica.dk/" "Mozilla/5.0 (Windows NT 10.0; Win64; x64) AppleWebKit/537.36 (KHTML, like Gecko) Chrome/126.0.0.0 Safari/537.36"
93.191.156.213 - - [07/Mar/2025:03:47:04 +0100] "POST /wp-cron.php?doing_wp_cron=1741315624.8570339679718017578125" 200 0 "" "XeIAo51JCzeW"
93.191.156.213 - - [07/Mar/2025:03:47:04 +0100] "POST /wp-cron.php?doing_wp_cron=1741315624.8570320606231689453125" 200 0 "" "mvUPCRJ6kyGb"
2401:ba80:ac16:afd:fd9b:3d5a:5e5e:18d2 - - [07/Mar/2025:03:47:05 +0100] "POST /wp-admin/admin-ajax.php" 200 108 "https://danmedica.dk/" "Mozilla/5.0 (Windows NT 10.0; Win64; x64) AppleWebKit/537.36 (KHTML, like Gecko) Chrome/131.0.0.0 Safari/537.36"
93.191.156.213 - - [07/Mar/2025:03:47:06 +0100] "GET /blog/" 200 61151 "" "WP Rocket/Preload"
77.33.202.80 - - [07/Mar/2025:03:47:06 +0100] "GET /bevaegelse/til-trapper/stolelift-og-trappelift/" 200 78861 "https://danmedica.dk/" "Mozilla/5.0 (Windows NT 10.0; Win64; x64) AppleWebKit/537.36 (KHTML, like Gecko) Chrome/126.0.0.0 Safari/537.36"
93.191.156.213 - - [07/Mar/2025:03:47:06 +0100] "POST /wp-admin/admin-ajax.php?action=as_async_request_queue_runner&nonce=47ca455ab6" 499 0 "" "XeIAo51JCzeW"
2401:ba80:ac16:afd:fd9b:3d5a:5e5e:18d2 - - [07/Mar/2025:03:47:06 +0100] "POST /wp-admin/admin-ajax.php" 200 97 "https://danmedica.dk/" "Mozilla/5.0 (Windows NT 10.0; Win64; x64) AppleWebKit/537.36 (KHTML, like Gecko) Chrome/131.0.0.0 Safari/537.36"
93.191.156.213 - - [07/Mar/2025:03:47:07 +0100] "GET /blog/" 200 61156 "" "WP Rocket/Preload Mozilla/5.0 (iPhone; CPU iPhone OS 9_1 like Mac OS X) AppleWebKit/601.1.46 (KHTML, like Gecko) Version/9.0 Mobile/13B143 Safari/601.1"
93.191.156.213 - - [07/Mar/2025:03:47:08 +0100] "GET /guides/funktioner-og-egenskaber-ved-din-el-koerestol/" 200 77016 "" "WP Rocket/Preload"
40.77.167.78 - - [07/Mar/2025:03:47:09 +0100] "GET /bevaegelse/til-trapper/stolelift-og-trappelift/" 200 80948 "" "Mozilla/5.0 AppleWebKit/537.36 (KHTML, like Gecko; compatible; bingbot/2.0; +http://www.bing.com/bingbot.htm) Chrome/116.0.1938.76 Safari/537.36"
2401:ba80:ac16:afd:fd9b:3d5a:5e5e:18d2 - - [07/Mar/2025:03:47:11 +0100] "POST /wp-admin/admin-ajax.php" 200 98 "https://danmedica.dk/" "Mozilla/5.0 (Windows NT 10.0; Win64; x64) AppleWebKit/537.36 (KHTML, like Gecko) Chrome/131.0.0.0 Safari/537.36"
93.191.156.213 - - [07/Mar/2025:03:47:11 +0100] "GET /guides/funktioner-og-egenskaber-ved-din-el-koerestol/" 200 77019 "" "WP Rocket/Preload Mozilla/5.0 (iPhone; CPU iPhone OS 9_1 like Mac OS X) AppleWebKit/601.1.46 (KHTML, like Gecko) Version/9.0 Mobile/13B143 Safari/601.1"
77.33.202.80 - - [07/Mar/2025:03:47:11 +0100] "GET /" 200 79556 "https://danmedica.dk/" "Mozilla/5.0 (Windows NT 10.0; Win64; x64) AppleWebKit/537.36 (KHTML, like Gecko) Chrome/126.0.0.0 Safari/537.36"
2401:ba80:ac16:afd:fd9b:3d5a:5e5e:18d2 - - [07/Mar/2025:03:47:11 +0100] "POST /wp-admin/admin-ajax.php" 200 98 "https://danmedica.dk/" "Mozilla/5.0 (Windows NT 10.0; Win64; x64) AppleWebKit/537.36 (KHTML, like Gecko) Chrome/131.0.0.0 Safari/537.36"
2401:ba80:ac16:afd:fd9b:3d5a:5e5e:18d2 - - [07/Mar/2025:03:47:11 +0100] "POST /wp-admin/admin-ajax.php" 200 98 "https://danmedica.dk/" "Mozilla/5.0 (Windows NT 10.0; Win64; x64) AppleWebKit/537.36 (KHTML, like Gecko) Chrome/131.0.0.0 Safari/537.36"
2401:ba80:ac16:afd:fd9b:3d5a:5e5e:18d2 - - [07/Mar/2025:03:47:11 +0100] "POST /wp-admin/admin-ajax.php" 200 98 "https://danmedica.dk/" "Mozilla/5.0 (Windows NT 10.0; Win64; x64) AppleWebKit/537.36 (KHTML, like Gecko) Chrome/131.0.0.0 Safari/537.36"
2401:ba80:ac16:afd:fd9b:3d5a:5e5e:18d2 - - [07/Mar/2025:03:47:11 +0100] "POST /wp-admin/admin-ajax.php" 200 98 "https://danmedica.dk/" "Mozilla/5.0 (Windows NT 10.0; Win64; x64) AppleWebKit/537.36 (KHTML, like Gecko) Chrome/131.0.0.0 Safari/537.36"
2401:ba80:ac16:afd:fd9b:3d5a:5e5e:18d2 - - [07/Mar/2025:03:47:11 +0100] "POST /wp-admin/admin-ajax.php" 200 98 "https://danmedica.dk/" "Mozilla/5.0 (Windows NT 10.0; Win64; x64) AppleWebKit/537.36 (KHTML, like Gecko) Chrome/131.0.0.0 Safari/537.36"
2401:ba80:ac16:afd:fd9b:3d5a:5e5e:18d2 - - [07/Mar/2025:03:47:11 +0100] "POST /wp-admin/admin-ajax.php" 200 98 "https://danmedica.dk/" "Mozilla/5.0 (Windows NT 10.0; Win64; x64) AppleWebKit/537.36 (KHTML, like Gecko) Chrome/131.0.0.0 Safari/537.36"
2401:ba80:ac16:afd:fd9b:3d5a:5e5e:18d2 - - [07/Mar/2025:03:47:11 +0100] "POST /wp-admin/admin-ajax.php" 200 98 "https://danmedica.dk/" "Mozilla/5.0 (Windows NT 10.0; Win64; x64) AppleWebKit/537.36 (KHTML, like Gecko) Chrome/131.0.0.0 Safari/537.36"
2401:ba80:ac16:afd:fd9b:3d5a:5e5e:18d2 - - [07/Mar/2025:03:47:11 +0100] "POST /wp-admin/admin-ajax.php" 200 108 "https://danmedica.dk/" "Mozilla/5.0 (Windows NT 10.0; Win64; x64) AppleWebKit/537.36 (KHTML, like Gecko) Chrome/131.0.0.0 Safari/537.36"
2401:ba80:ac16:afd:fd9b:3d5a:5e5e:18d2 - - [07/Mar/2025:03:47:12 +0100] "GET /" 200 76237 "https://danmedica.dk/" "Mozilla/5.0 (Windows NT 10.0; Win64; x64) AppleWebKit/537.36 (KHTML, like Gecko) Chrome/131.0.0.0 Safari/537.36"
93.191.156.213 - - [07/Mar/2025:03:47:12 +0100] "GET /guides/de-bedste-rollatorer-en-guide-til-frihed-og-mobilitet/" 200 72887 "" "WP Rocket/Preload"
93.191.156.213 - - [07/Mar/2025:03:47:13 +0100] "GET /guides/de-bedste-rollatorer-en-guide-til-frihed-og-mobilitet/" 200 73492 "" "WP Rocket/Preload Mozilla/5.0 (iPhone; CPU iPhone OS 9_1 like Mac OS X) AppleWebKit/601.1.46 (KHTML, like Gecko) Version/9.0 Mobile/13B143 Safari/601.1"
93.191.156.213 - - [07/Mar/2025:03:47:14 +0100] "GET /guides/manuel-vs-elektrisk-koerestol-hvad-er-dit-behov/" 200 48586 "" "WP Rocket/Preload"
93.191.156.213 - - [07/Mar/2025:03:47:17 +0100] "GET /guides/manuel-vs-elektrisk-koerestol-hvad-er-dit-behov/" 503 851 "" "WP Rocket/Preload Mozilla/5.0 (iPhone; CPU iPhone OS 9_1 like Mac OS X) AppleWebKit/601.1.46 (KHTML, like Gecko) Version/9.0 Mobile/13B143 Safari/601.1"
2401:ba80:ac16:afd:fd9b:3d5a:5e5e:18d2 - - [07/Mar/2025:03:47:17 +0100] "POST /?wc-ajax=get_refreshed_fragments" 200 371 "https://danmedica.dk/" "Mozilla/5.0 (Windows NT 10.0; Win64; x64) AppleWebKit/537.36 (KHTML, like Gecko) Chrome/131.0.0.0 Safari/537.36"
2401:ba80:ac16:afd:fd9b:3d5a:5e5e:18d2 - - [07/Mar/2025:03:47:18 +0100] "POST /wp-admin/admin-ajax.php" 503 875 "https://danmedica.dk/" "Mozilla/5.0 (Windows NT 10.0; Win64; x64) AppleWebKit/537.36 (KHTML, like Gecko) Chrome/131.0.0.0 Safari/537.36"
2401:ba80:ac16:afd:fd9b:3d5a:5e5e:18d2 - - [07/Mar/2025:03:47:18 +0100] "POST /wp-admin/admin-ajax.php" 200 106 "https://danmedica.dk/" "Mozilla/5.0 (Windows NT 10.0; Win64; x64) AppleWebKit/537.36 (KHTML, like Gecko) Chrome/131.0.0.0 Safari/537.36"
2401:ba80:ac16:afd:fd9b:3d5a:5e5e:18d2 - - [07/Mar/2025:03:47:18 +0100] "POST /wp-admin/admin-ajax.php" 503 875 "https://danmedica.dk/" "Mozilla/5.0 (Windows NT 10.0; Win64; x64) AppleWebKit/537.36 (KHTML, like Gecko) Chrome/131.0.0.0 Safari/537.36"
2401:ba80:ac16:afd:fd9b:3d5a:5e5e:18d2 - - [07/Mar/2025:03:47:18 +0100] "POST /wp-admin/admin-ajax.php" 503 875 "https://danmedica.dk/" "Mozilla/5.0 (Windows NT 10.0; Win64; x64) AppleWebKit/537.36 (KHTML, like Gecko) Chrome/131.0.0.0 Safari/537.36"
2401:ba80:ac16:afd:fd9b:3d5a:5e5e:18d2 - - [07/Mar/2025:03:47:18 +0100] "POST /wp-admin/admin-ajax.php" 200 108 "https://danmedica.dk/" "Mozilla/5.0 (Windows NT 10.0; Win64; x64) AppleWebKit/537.36 (KHTML, like Gecko) Chrome/131.0.0.0 Safari/537.36"
2401:ba80:ac16:afd:fd9b:3d5a:5e5e:18d2 - - [07/Mar/2025:03:47:18 +0100] "POST /wp-admin/admin-ajax.php" 200 98 "https://danmedica.dk/" "Mozilla/5.0 (Windows NT 10.0; Win64; x64) AppleWebKit/537.36 (KHTML, like Gecko) Chrome/131.0.0.0 Safari/537.36"
2401:ba80:ac16:afd:fd9b:3d5a:5e5e:18d2 - - [07/Mar/2025:03:47:18 +0100] "POST /wp-admin/admin-ajax.php" 503 875 "https://danmedica.dk/" "Mozilla/5.0 (Windows NT 10.0; Win64; x64) AppleWebKit/537.36 (KHTML, like Gecko) Chrome/131.0.0.0 Safari/537.36"
2401:ba80:ac16:afd:fd9b:3d5a:5e5e:18d2 - - [07/Mar/2025:03:47:18 +0100] "POST /wp-admin/admin-ajax.php" 503 875 "https://danmedica.dk/" "Mozilla/5.0 (Windows NT 10.0; Win64; x64) AppleWebKit/537.36 (KHTML, like Gecko) Chrome/131.0.0.0 Safari/537.36"
2401:ba80:ac16:afd:fd9b:3d5a:5e5e:18d2 - - [07/Mar/2025:03:47:18 +0100] "POST /wp-admin/admin-ajax.php" 200 98 "https://danmedica.dk/" "Mozilla/5.0 (Windows NT 10.0; Win64; x64) AppleWebKit/537.36 (KHTML, like Gecko) Chrome/131.0.0.0 Safari/537.36"
2401:ba80:ac16:afd:fd9b:3d5a:5e5e:18d2 - - [07/Mar/2025:03:47:18 +0100] "POST /wp-admin/admin-ajax.php" 200 108 "https://danmedica.dk/" "Mozilla/5.0 (Windows NT 10.0; Win64; x64) AppleWebKit/537.36 (KHTML, like Gecko) Chrome/131.0.0.0 Safari/537.36"
2401:ba80:ac16:afd:fd9b:3d5a:5e5e:18d2 - - [07/Mar/2025:03:47:18 +0100] "POST /wp-admin/admin-ajax.php" 200 106 "https://danmedica.dk/" "Mozilla/5.0 (Windows NT 10.0; Win64; x64) AppleWebKit/537.36 (KHTML, like Gecko) Chrome/131.0.0.0 Safari/537.36"
2401:ba80:ac16:afd:fd9b:3d5a:5e5e:18d2 - - [07/Mar/2025:03:47:18 +0100] "POST /wp-admin/admin-ajax.php" 200 98 "https://danmedica.dk/" "Mozilla/5.0 (Windows NT 10.0; Win64; x64) AppleWebKit/537.36 (KHTML, like Gecko) Chrome/131.0.0.0 Safari/537.36"
2401:ba80:ac16:afd:fd9b:3d5a:5e5e:18d2 - - [07/Mar/2025:03:47:18 +0100] "POST /wp-admin/admin-ajax.php" 200 98 "https://danmedica.dk/" "Mozilla/5.0 (Windows NT 10.0; Win64; x64) AppleWebKit/537.36 (KHTML, like Gecko) Chrome/131.0.0.0 Safari/537.36"
93.191.156.213 - - [07/Mar/2025:03:47:18 +0100] "GET /guides/vaelg-en-letvaegts-rollator-til-udendoers-brug-en-guide/" 503 851 "" "WP Rocket/Preload"
2401:ba80:ac16:afd:fd9b:3d5a:5e5e:18d2 - - [07/Mar/2025:03:47:18 +0100] "POST /wp-admin/admin-ajax.php" 200 98 "https://danmedica.dk/" "Mozilla/5.0 (Windows NT 10.0; Win64; x64) AppleWebKit/537.36 (KHTML, like Gecko) Chrome/131.0.0.0 Safari/537.36"
93.191.156.213 - - [07/Mar/2025:03:47:22 +0100] "GET /guides/vaelg-en-letvaegts-rollator-til-udendoers-brug-en-guide/" 200 56778 "" "WP Rocket/Preload Mozilla/5.0 (iPhone; CPU iPhone OS 9_1 like Mac OS X) AppleWebKit/601.1.46 (KHTML, like Gecko) Version/9.0 Mobile/13B143 Safari/601.1"
2401:ba80:ac16:afd:fd9b:3d5a:5e5e:18d2 - - [07/Mar/2025:03:47:25 +0100] "GET /wp-admin/?temp-login-token=d9ed95aa02249dd2c5d65580d57838c2c024122a5a1bc3752974031937ee4eb4&tl-site=e28391575326994b" 302 0 "" "Mozilla/5.0 (Windows NT 10.0; Win64; x64) AppleWebKit/537.36 (KHTML, like Gecko) Chrome/131.0.0.0 Safari/537.36"
207.46.13.151 - - [07/Mar/2025:03:47:27 +0100] "GET /til-hjemmet/" 200 91423 "" "Mozilla/5.0 AppleWebKit/537.36 (KHTML, like Gecko; compatible; bingbot/2.0; +http://www.bing.com/bingbot.htm) Chrome/116.0.1938.76 Safari/537.36"
2401:ba80:ac16:afd:fd9b:3d5a:5e5e:18d2 - - [07/Mar/2025:03:47:28 +0100] "POST /wp-admin/admin-ajax.php" 200 98 "https://danmedica.dk/" "Mozilla/5.0 (Windows NT 10.0; Win64; x64) AppleWebKit/537.36 (KHTML, like Gecko) Chrome/131.0.0.0 Safari/537.36"
2401:ba80:ac16:afd:fd9b:3d5a:5e5e:18d2 - - [07/Mar/2025:03:47:28 +0100] "POST /wp-admin/admin-ajax.php" 200 108 "https://danmedica.dk/" "Mozilla/5.0 (Windows NT 10.0; Win64; x64) AppleWebKit/537.36 (KHTML, like Gecko) Chrome/131.0.0.0 Safari/537.36"
2401:ba80:ac16:afd:fd9b:3d5a:5e5e:18d2 - - [07/Mar/2025:03:47:28 +0100] "POST /wp-admin/admin-ajax.php" 200 98 "https://danmedica.dk/" "Mozilla/5.0 (Windows NT 10.0; Win64; x64) AppleWebKit/537.36 (KHTML, like Gecko) Chrome/131.0.0.0 Safari/537.36"
2401:ba80:ac16:afd:fd9b:3d5a:5e5e:18d2 - - [07/Mar/2025:03:47:28 +0100] "POST /wp-admin/admin-ajax.php" 200 97 "https://danmedica.dk/" "Mozilla/5.0 (Windows NT 10.0; Win64; x64) AppleWebKit/537.36 (KHTML, like Gecko) Chrome/131.0.0.0 Safari/537.36"
2401:ba80:ac16:afd:fd9b:3d5a:5e5e:18d2 - - [07/Mar/2025:03:47:28 +0100] "POST /wp-admin/admin-ajax.php" 200 98 "https://danmedica.dk/" "Mozilla/5.0 (Windows NT 10.0; Win64; x64) AppleWebKit/537.36 (KHTML, like Gecko) Chrome/131.0.0.0 Safari/537.36"
2401:ba80:ac16:afd:fd9b:3d5a:5e5e:18d2 - - [07/Mar/2025:03:47:28 +0100] "POST /?wc-ajax=get_refreshed_fragments" 200 371 "https://danmedica.dk/" "Mozilla/5.0 (Windows NT 10.0; Win64; x64) AppleWebKit/537.36 (KHTML, like Gecko) Chrome/131.0.0.0 Safari/537.36"
2401:ba80:ac16:afd:fd9b:3d5a:5e5e:18d2 - - [07/Mar/2025:03:47:28 +0100] "POST /wp-admin/admin-ajax.php" 200 106 "https://danmedica.dk/" "Mozilla/5.0 (Windows NT 10.0; Win64; x64) AppleWebKit/537.36 (KHTML, like Gecko) Chrome/131.0.0.0 Safari/537.36"
213.180.203.196 - - [07/Mar/2025:03:47:29 +0100] "GET /bevaegelse/til-trapper/stolelift-og-trappelift/" 200 80948 "" "Mozilla/5.0 (compatible; YandexBot/3.0; +http://yandex.com/bots)"
87.250.224.125 - - [07/Mar/2025:03:47:29 +0100] "GET /testing-2/" 200 58129 "" "Mozilla/5.0 (compatible; YandexBot/3.0; +http://yandex.com/bots)"
2401:ba80:ac16:afd:fd9b:3d5a:5e5e:18d2 - - [07/Mar/2025:03:47:29 +0100] "POST /wp-admin/admin-ajax.php" 200 641 "https://danmedica.dk/" "Mozilla/5.0 (Windows NT 10.0; Win64; x64) AppleWebKit/537.36 (KHTML, like Gecko) Chrome/131.0.0.0 Safari/537.36"
2401:ba80:ac16:afd:fd9b:3d5a:5e5e:18d2 - - [07/Mar/2025:03:47:32 +0100] "POST /wp-admin/admin-ajax.php" 499 0 "https://danmedica.dk/" "Mozilla/5.0 (Windows NT 10.0; Win64; x64) AppleWebKit/537.36 (KHTML, like Gecko) Chrome/131.0.0.0 Safari/537.36"
2401:ba80:ac16:afd:fd9b:3d5a:5e5e:18d2 - - [07/Mar/2025:03:47:32 +0100] "POST /wp-admin/admin-ajax.php" 499 0 "https://danmedica.dk/" "Mozilla/5.0 (Windows NT 10.0; Win64; x64) AppleWebKit/537.36 (KHTML, like Gecko) Chrome/131.0.0.0 Safari/537.36"
93.191.156.213 - - [07/Mar/2025:03:47:34 +0100] "POST /wp-cron.php?doing_wp_cron=1741315654.0202140808105468750000" 200 0 "" "QqXRvZLyj6PU"
2401:ba80:ac16:afd:fd9b:3d5a:5e5e:18d2 - - [07/Mar/2025:03:47:34 +0100] "POST /wp-admin/admin-ajax.php" 200 108 "https://danmedica.dk/" "Mozilla/5.0 (Windows NT 10.0; Win64; x64) AppleWebKit/537.36 (KHTML, like Gecko) Chrome/131.0.0.0 Safari/537.36"
2401:ba80:ac16:afd:fd9b:3d5a:5e5e:18d2 - - [07/Mar/2025:03:47:34 +0100] "POST /wp-admin/admin-ajax.php" 200 106 "https://danmedica.dk/" "Mozilla/5.0 (Windows NT 10.0; Win64; x64) AppleWebKit/537.36 (KHTML, like Gecko) Chrome/131.0.0.0 Safari/537.36"
93.191.156.213 - - [07/Mar/2025:03:47:34 +0100] "POST /wp-cron.php?doing_wp_cron=1741315654.0228209495544433593750" 200 0 "" "EHIpezXUtA0S"
2401:ba80:ac16:afd:fd9b:3d5a:5e5e:18d2 - - [07/Mar/2025:03:47:34 +0100] "POST /wp-admin/admin-ajax.php" 200 98 "https://danmedica.dk/" "Mozilla/5.0 (Windows NT 10.0; Win64; x64) AppleWebKit/537.36 (KHTML, like Gecko) Chrome/131.0.0.0 Safari/537.36"
2401:ba80:ac16:afd:fd9b:3d5a:5e5e:18d2 - - [07/Mar/2025:03:47:37 +0100] "POST /wp-admin/admin-ajax.php" 499 0 "https://danmedica.dk/" "Mozilla/5.0 (Windows NT 10.0; Win64; x64) AppleWebKit/537.36 (KHTML, like Gecko) Chrome/131.0.0.0 Safari/537.36"
2401:ba80:ac16:afd:fd9b:3d5a:5e5e:18d2 - - [07/Mar/2025:03:47:37 +0100] "POST /wp-admin/admin-ajax.php" 499 0 "https://danmedica.dk/" "Mozilla/5.0 (Windows NT 10.0; Win64; x64) AppleWebKit/537.36 (KHTML, like Gecko) Chrome/131.0.0.0 Safari/537.36"
2401:ba80:ac16:afd:fd9b:3d5a:5e5e:18d2 - - [07/Mar/2025:03:47:38 +0100] "POST /?wc-ajax=get_refreshed_fragments" 499 0 "https://danmedica.dk/" "Mozilla/5.0 (Windows NT 10.0; Win64; x64) AppleWebKit/537.36 (KHTML, like Gecko) Chrome/131.0.0.0 Safari/537.36"
2401:ba80:ac16:afd:fd9b:3d5a:5e5e:18d2 - - [07/Mar/2025:03:47:39 +0100] "POST /wp-admin/admin-ajax.php" 200 98 "https://danmedica.dk/" "Mozilla/5.0 (Windows NT 10.0; Win64; x64) AppleWebKit/537.36 (KHTML, like Gecko) Chrome/131.0.0.0 Safari/537.36"
2401:ba80:ac16:afd:fd9b:3d5a:5e5e:18d2 - - [07/Mar/2025:03:47:39 +0100] "POST /wp-admin/admin-ajax.php" 200 98 "https://danmedica.dk/" "Mozilla/5.0 (Windows NT 10.0; Win64; x64) AppleWebKit/537.36 (KHTML, like Gecko) Chrome/131.0.0.0 Safari/537.36"
2401:ba80:ac16:afd:fd9b:3d5a:5e5e:18d2 - - [07/Mar/2025:03:47:39 +0100] "POST /wp-admin/admin-ajax.php" 200 108 "https://danmedica.dk/" "Mozilla/5.0 (Windows NT 10.0; Win64; x64) AppleWebKit/537.36 (KHTML, like Gecko) Chrome/131.0.0.0 Safari/537.36"
2401:ba80:ac16:afd:fd9b:3d5a:5e5e:18d2 - - [07/Mar/2025:03:47:42 +0100] "POST /wp-admin/admin-ajax.php" 499 0 "https://danmedica.dk/" "Mozilla/5.0 (Windows NT 10.0; Win64; x64) AppleWebKit/537.36 (KHTML, like Gecko) Chrome/131.0.0.0 Safari/537.36"
2401:ba80:ac16:afd:fd9b:3d5a:5e5e:18d2 - - [07/Mar/2025:03:47:42 +0100] "POST /wp-admin/admin-ajax.php" 499 0 "https://danmedica.dk/" "Mozilla/5.0 (Windows NT 10.0; Win64; x64) AppleWebKit/537.36 (KHTML, like Gecko) Chrome/131.0.0.0 Safari/537.36"
2401:ba80:ac16:afd:fd9b:3d5a:5e5e:18d2 - - [07/Mar/2025:03:47:44 +0100] "POST /wp-admin/admin-ajax.php" 200 106 "https://danmedica.dk/" "Mozilla/5.0 (Windows NT 10.0; Win64; x64) AppleWebKit/537.36 (KHTML, like Gecko) Chrome/131.0.0.0 Safari/537.36"
2401:ba80:ac16:afd:fd9b:3d5a:5e5e:18d2 - - [07/Mar/2025:03:47:44 +0100] "POST /wp-admin/admin-ajax.php" 200 98 "https://danmedica.dk/" "Mozilla/5.0 (Windows NT 10.0; Win64; x64) AppleWebKit/537.36 (KHTML, like Gecko) Chrome/131.0.0.0 Safari/537.36"
2401:ba80:ac16:afd:fd9b:3d5a:5e5e:18d2 - - [07/Mar/2025:03:47:44 +0100] "POST /wp-admin/admin-ajax.php" 200 98 "https://danmedica.dk/" "Mozilla/5.0 (Windows NT 10.0; Win64; x64) AppleWebKit/537.36 (KHTML, like Gecko) Chrome/131.0.0.0 Safari/537.36"
93.191.156.213 - - [07/Mar/2025:03:47:44 +0100] "POST /wp-cron.php?doing_wp_cron=1741315664.2075450420379638671875" 200 0 "" "4mkPuxYHkCHn"
2401:ba80:ac16:afd:fd9b:3d5a:5e5e:18d2 - - [07/Mar/2025:03:47:44 +0100] "POST /wp-admin/admin-ajax.php" 200 106 "https://danmedica.dk/" "Mozilla/5.0 (Windows NT 10.0; Win64; x64) AppleWebKit/537.36 (KHTML, like Gecko) Chrome/131.0.0.0 Safari/537.36"
2401:ba80:ac16:afd:fd9b:3d5a:5e5e:18d2 - - [07/Mar/2025:03:47:44 +0100] "POST /wp-admin/admin-ajax.php" 200 98 "https://danmedica.dk/" "Mozilla/5.0 (Windows NT 10.0; Win64; x64) AppleWebKit/537.36 (KHTML, like Gecko) Chrome/131.0.0.0 Safari/537.36"
213.180.203.103 - - [07/Mar/2025:03:47:45 +0100] "GET /til-hjemmet/" 200 91423 "" "Mozilla/5.0 (compatible; YandexBot/3.0; +http://yandex.com/bots)"
2401:ba80:ac16:afd:fd9b:3d5a:5e5e:18d2 - - [07/Mar/2025:03:47:48 +0100] "POST /wp-admin/admin-ajax.php" 499 0 "https://danmedica.dk/" "Mozilla/5.0 (Windows NT 10.0; Win64; x64) AppleWebKit/537.36 (KHTML, like Gecko) Chrome/131.0.0.0 Safari/537.36"
2401:ba80:ac16:afd:fd9b:3d5a:5e5e:18d2 - - [07/Mar/2025:03:47:48 +0100] "POST /wp-admin/admin-ajax.php" 499 0 "https://danmedica.dk/" "Mozilla/5.0 (Windows NT 10.0; Win64; x64) AppleWebKit/537.36 (KHTML, like Gecko) Chrome/131.0.0.0 Safari/537.36"
2401:ba80:ac16:afd:fd9b:3d5a:5e5e:18d2 - - [07/Mar/2025:03:47:49 +0100] "POST /wp-admin/admin-ajax.php" 200 97 "https://danmedica.dk/" "Mozilla/5.0 (Windows NT 10.0; Win64; x64) AppleWebKit/537.36 (KHTML, like Gecko) Chrome/131.0.0.0 Safari/537.36"
2401:ba80:ac16:afd:fd9b:3d5a:5e5e:18d2 - - [07/Mar/2025:03:47:49 +0100] "POST /wp-admin/admin-ajax.php" 200 98 "https://danmedica.dk/" "Mozilla/5.0 (Windows NT 10.0; Win64; x64) AppleWebKit/537.36 (KHTML, like Gecko) Chrome/131.0.0.0 Safari/537.36"
2401:ba80:ac16:afd:fd9b:3d5a:5e5e:18d2 - - [07/Mar/2025:03:47:49 +0100] "POST /wp-admin/admin-ajax.php" 200 98 "https://danmedica.dk/" "Mozilla/5.0 (Windows NT 10.0; Win64; x64) AppleWebKit/537.36 (KHTML, like Gecko) Chrome/131.0.0.0 Safari/537.36"
87.49.42.226 - - [07/Mar/2025:03:48:00 +0100] "POST /?wc-ajax=get_refreshed_fragments" 200 371 "https://danmedica.dk/bevaegelse/til-trapper/stolelift-og-trappelift/trappelift-indendoers-til-lige-trappe-med-montering/" "Mozilla/5.0 (iPhone; CPU iPhone OS 18_1_1 like Mac OS X) AppleWebKit/605.1.15 (KHTML, like Gecko) Version/18.1.1 Mobile/15E148 Safari/604.1"
87.49.42.226 - - [07/Mar/2025:03:48:00 +0100] "POST /wp-admin/admin-ajax.php" 403 85 "https://danmedica.dk/bevaegelse/til-trapper/stolelift-og-trappelift/trappelift-indendoers-til-lige-trappe-med-montering/" "Mozilla/5.0 (iPhone; CPU iPhone OS 18_1_1 like Mac OS X) AppleWebKit/605.1.15 (KHTML, like Gecko) Version/18.1.1 Mobile/15E148 Safari/604.1"
87.49.42.226 - - [07/Mar/2025:03:48:00 +0100] "POST /wp-admin/admin-ajax.php" 200 98 "https://danmedica.dk/bevaegelse/til-trapper/stolelift-og-trappelift/trappelift-indendoers-til-lige-trappe-med-montering/" "Mozilla/5.0 (iPhone; CPU iPhone OS 18_1_1 like Mac OS X) AppleWebKit/605.1.15 (KHTML, like Gecko) Version/18.1.1 Mobile/15E148 Safari/604.1"
93.191.156.213 - - [07/Mar/2025:03:48:00 +0100] "POST /wp-cron.php?doing_wp_cron=1741315680.0999820232391357421875" 200 0 "" "iqu7gbbZRe4Y"
87.49.42.226 - - [07/Mar/2025:03:48:01 +0100] "POST /wp-admin/admin-ajax.php" 200 22 "https://danmedica.dk/bevaegelse/til-trapper/stolelift-og-trappelift/trappelift-indendoers-til-lige-trappe-med-montering/" "Mozilla/5.0 (iPhone; CPU iPhone OS 18_1_1 like Mac OS X) AppleWebKit/605.1.15 (KHTML, like Gecko) Version/18.1.1 Mobile/15E148 Safari/604.1"
87.49.42.226 - - [07/Mar/2025:03:48:01 +0100] "POST /wp-admin/admin-ajax.php" 200 98 "https://danmedica.dk/bevaegelse/til-trapper/stolelift-og-trappelift/trappelift-indendoers-til-lige-trappe-med-montering/" "Mozilla/5.0 (iPhone; CPU iPhone OS 18_1_1 like Mac OS X) AppleWebKit/605.1.15 (KHTML, like Gecko) Version/18.1.1 Mobile/15E148 Safari/604.1"
87.49.42.226 - - [07/Mar/2025:03:48:01 +0100] "POST /wp-admin/admin-ajax.php" 200 98 "https://danmedica.dk/bevaegelse/til-trapper/stolelift-og-trappelift/trappelift-indendoers-til-lige-trappe-med-montering/" "Mozilla/5.0 (iPhone; CPU iPhone OS 18_1_1 like Mac OS X) AppleWebKit/605.1.15 (KHTML, like Gecko) Version/18.1.1 Mobile/15E148 Safari/604.1"
87.49.42.226 - - [07/Mar/2025:03:48:01 +0100] "POST /wp-admin/admin-ajax.php" 200 98 "https://danmedica.dk/bevaegelse/til-trapper/stolelift-og-trappelift/trappelift-indendoers-til-lige-trappe-med-montering/" "Mozilla/5.0 (iPhone; CPU iPhone OS 18_1_1 like Mac OS X) AppleWebKit/605.1.15 (KHTML, like Gecko) Version/18.1.1 Mobile/15E148 Safari/604.1"
2401:ba80:ac16:afd:fd9b:3d5a:5e5e:18d2 - - [07/Mar/2025:03:48:12 +0100] "GET /wp-content/uploads/2024/10/6840739a-b474-4590-b83e-85a2aebecbdf.png.webp" 200 43478 "https://danmedica.dk/" "Mozilla/5.0 (Windows NT 10.0; Win64; x64) AppleWebKit/537.36 (KHTML, like Gecko) Chrome/131.0.0.0 Safari/537.36"
2401:ba80:ac16:afd:fd9b:3d5a:5e5e:18d2 - - [07/Mar/2025:03:48:12 +0100] "GET /wp-content/uploads/2025/02/82954016-2f01-4b76-94fc-590785ae1fbe.png.webp" 200 31380 "https://danmedica.dk/" "Mozilla/5.0 (Windows NT 10.0; Win64; x64) AppleWebKit/537.36 (KHTML, like Gecko) Chrome/131.0.0.0 Safari/537.36"
2401:ba80:ac16:afd:fd9b:3d5a:5e5e:18d2 - - [07/Mar/2025:03:48:13 +0100] "GET /wp-content/uploads/2025/02/62976246_elderly-women-walking-with-rollators-in-autumn-park-peaceful-forest-pathway-for-seniors-elderly-women-walking-with-rollators-in-autumn-park-peaceful-forest-pathway-for-seniors-1024x684.jpg" 200 205705 "https://danmedica.dk/" "Mozilla/5.0 (Windows NT 10.0; Win64; x64) AppleWebKit/537.36 (KHTML, like Gecko) Chrome/131.0.0.0 Safari/537.36"
2401:ba80:ac16:afd:fd9b:3d5a:5e5e:18d2 - - [07/Mar/2025:03:48:16 +0100] "GET /wp-content/uploads/2023/10/Smarty-Koerestol-3-e1726825129720-300x300.jpg.webp" 200 14298 "https://danmedica.dk/" "Mozilla/5.0 (Windows NT 10.0; Win64; x64) AppleWebKit/537.36 (KHTML, like Gecko) Chrome/131.0.0.0 Safari/537.36"
2401:ba80:ac16:afd:fd9b:3d5a:5e5e:18d2 - - [07/Mar/2025:03:48:17 +0100] "GET /wp-content/uploads/2024/02/d81cce88-a1eb-4848-9f14-68ce1ff921b3-300x300.png.webp" 200 17310 "https://danmedica.dk/" "Mozilla/5.0 (Windows NT 10.0; Win64; x64) AppleWebKit/537.36 (KHTML, like Gecko) Chrome/131.0.0.0 Safari/537.36"
2401:ba80:ac16:afd:fd9b:3d5a:5e5e:18d2 - - [07/Mar/2025:03:48:17 +0100] "GET /wp-content/uploads/2024/10/ecfc3ac5-7150-4619-9053-d3c01f23321b-300x300.png.webp" 200 22992 "https://danmedica.dk/" "Mozilla/5.0 (Windows NT 10.0; Win64; x64) AppleWebKit/537.36 (KHTML, like Gecko) Chrome/131.0.0.0 Safari/537.36"
2401:ba80:ac16:afd:fd9b:3d5a:5e5e:18d2 - - [07/Mar/2025:03:48:17 +0100] "GET /wp-content/uploads/2023/10/ae409a3a-2592-4129-8f84-8d4c883e9a7a-300x300.png.webp" 200 22872 "https://danmedica.dk/" "Mozilla/5.0 (Windows NT 10.0; Win64; x64) AppleWebKit/537.36 (KHTML, like Gecko) Chrome/131.0.0.0 Safari/537.36"
2401:ba80:ac16:afd:fd9b:3d5a:5e5e:18d2 - - [07/Mar/2025:03:48:17 +0100] "GET /wp-content/uploads/2023/10/bafc5224-a5c2-4c9f-81d2-89e367ae8b8f-300x300.png.webp" 200 18730 "https://danmedica.dk/" "Mozilla/5.0 (Windows NT 10.0; Win64; x64) AppleWebKit/537.36 (KHTML, like Gecko) Chrome/131.0.0.0 Safari/537.36"
2401:ba80:ac16:afd:fd9b:3d5a:5e5e:18d2 - - [07/Mar/2025:03:48:18 +0100] "GET /bevaegelse/korestole/el-korestole/aftagelige-og-justerbare-fodstoetter/a3-el-korestol-med-ledsagerstyring/" 200 95919 "https://danmedica.dk/" "Mozilla/5.0 (Windows NT 10.0; Win64; x64) AppleWebKit/537.36 (KHTML, like Gecko) Chrome/131.0.0.0 Safari/537.36"
2401:ba80:ac16:afd:fd9b:3d5a:5e5e:18d2 - - [07/Mar/2025:03:48:18 +0100] "GET /bevaegelse/handicap-scootere/" 200 84118 "https://danmedica.dk/" "Mozilla/5.0 (Windows NT 10.0; Win64; x64) AppleWebKit/537.36 (KHTML, like Gecko) Chrome/131.0.0.0 Safari/537.36"
2401:ba80:ac16:afd:fd9b:3d5a:5e5e:18d2 - - [07/Mar/2025:03:48:23 +0100] "GET /wp-content/uploads/2024/02/e03c51da-7008-43e5-937d-b24fb2ca75ca-300x300.png.webp" 200 20752 "https://danmedica.dk/" "Mozilla/5.0 (Windows NT 10.0; Win64; x64) AppleWebKit/537.36 (KHTML, like Gecko) Chrome/131.0.0.0 Safari/537.36"
2401:ba80:ac16:afd:fd9b:3d5a:5e5e:18d2 - - [07/Mar/2025:03:48:25 +0100] "GET /bevaegelse/korestole/el-korestole/letvaegt-sammenklappelige/" 200 84169 "https://danmedica.dk/" "Mozilla/5.0 (Windows NT 10.0; Win64; x64) AppleWebKit/537.36 (KHTML, like Gecko) Chrome/131.0.0.0 Safari/537.36"
2401:ba80:ac16:afd:fd9b:3d5a:5e5e:18d2 - - [07/Mar/2025:03:48:36 +0100] "GET /wp-content/uploads/2023/12/a70c3fb2-d2ba-4bd3-93b7-0dbb4d397a19-e1724940295246-300x300.png" 200 24525 "https://danmedica.dk/" "Mozilla/5.0 (Windows NT 10.0; Win64; x64) AppleWebKit/537.36 (KHTML, like Gecko) Chrome/131.0.0.0 Safari/537.36"
157.55.39.48 - - [07/Mar/2025:03:48:59 +0100] "GET /" 200 77089 "" "Mozilla/5.0 AppleWebKit/537.36 (KHTML, like Gecko; compatible; bingbot/2.0; +http://www.bing.com/bingbot.htm) Chrome/116.0.1938.76 Safari/537.36"
93.191.156.213 - - [07/Mar/2025:03:49:02 +0100] "POST /wp-cron.php?doing_wp_cron=1741315741.9056050777435302734375" 200 0 "" "4hytaItT8Skt"
87.250.224.77 - - [07/Mar/2025:03:49:02 +0100] "GET /feed/" 200 19342 "" "Mozilla/5.0 (compatible; YandexBot/3.0; +http://yandex.com/bots)"
213.180.203.94 - - [07/Mar/2025:03:49:03 +0100] "GET /wp-json/oembed/1.0/embed?url=https%3A%2F%2Fdanmedica.dk%2Ftesting-2%2F" 200 1033 "" "Mozilla/5.0 (compatible; YandexBot/3.0; +http://yandex.com/bots)"
93.191.156.213 - - [07/Mar/2025:03:49:03 +0100] "GET /tilbud/" 200 70149 "" "WP Rocket/Preload"
213.180.203.81 - - [07/Mar/2025:03:49:03 +0100] "GET /bevaegelse/korestole/el-korestole/med-ledsagerstyring/" 200 83365 "" "Mozilla/5.0 (compatible; YandexBot/3.0; +http://yandex.com/bots)"
213.180.203.40 - - [07/Mar/2025:03:49:03 +0100] "GET /til-hjemmet/toiletstole-og-baekkenstole/" 200 81232 "" "Mozilla/5.0 (compatible; YandexBot/3.0; +http://yandex.com/bots)"
87.250.224.18 - - [07/Mar/2025:03:49:03 +0100] "GET /nyheder/" 200 61789 "" "Mozilla/5.0 (compatible; YandexBot/3.0; +http://yandex.com/bots)"
213.180.203.145 - - [07/Mar/2025:03:49:04 +0100] "GET /guides/de-bedste-rollatorer-en-guide-til-frihed-og-mobilitet/" 200 73509 "" "Mozilla/5.0 (compatible; YandexBot/3.0; +http://yandex.com/bots)"
87.250.224.49 - - [07/Mar/2025:03:49:04 +0100] "GET /handelsbetingelser/" 200 60619 "" "Mozilla/5.0 (compatible; YandexBot/3.0; +http://yandex.com/bots)"
93.191.156.213 - - [07/Mar/2025:03:49:04 +0100] "GET /tilbud/" 200 70148 "" "WP Rocket/Preload Mozilla/5.0 (iPhone; CPU iPhone OS 9_1 like Mac OS X) AppleWebKit/601.1.46 (KHTML, like Gecko) Version/9.0 Mobile/13B143 Safari/601.1"
5.255.231.183 - - [07/Mar/2025:03:49:05 +0100] "GET /wp-json/oembed/1.0/embed?url=https%3A%2F%2Fdanmedica.dk%2Ftesting-2%2F&format=xml" 200 1065 "" "Mozilla/5.0 (compatible; YandexBot/3.0; +http://yandex.com/bots)"
93.191.156.213 - - [07/Mar/2025:03:49:05 +0100] "GET /nyheder/" 200 61809 "" "WP Rocket/Preload"
213.180.203.77 - - [07/Mar/2025:03:49:06 +0100] "GET /bevaegelse/3-hjulet-cykler/" 200 80283 "" "Mozilla/5.0 (compatible; YandexBot/3.0; +http://yandex.com/bots)"
93.191.156.213 - - [07/Mar/2025:03:49:06 +0100] "GET /nyheder/" 200 61452 "" "WP Rocket/Preload Mozilla/5.0 (iPhone; CPU iPhone OS 9_1 like Mac OS X) AppleWebKit/601.1.46 (KHTML, like Gecko) Version/9.0 Mobile/13B143 Safari/601.1"
213.180.203.155 - - [07/Mar/2025:03:49:06 +0100] "GET /wp-json/wp/v2/pages/6827" 200 5395 "" "Mozilla/5.0 (compatible; YandexBot/3.0; +http://yandex.com/bots)"
5.255.231.5 - - [07/Mar/2025:03:49:06 +0100] "GET /testing-2/stylesheet" 404 59045 "" "Mozilla/5.0 (compatible; YandexBot/3.0; +http://yandex.com/bots)"
93.191.156.213 - - [07/Mar/2025:03:49:08 +0100] "GET /showroom/" 200 58127 "" "WP Rocket/Preload"
40.77.167.78 - - [07/Mar/2025:03:49:09 +0100] "GET /bevaegelse/" 200 95399 "" "Mozilla/5.0 AppleWebKit/537.36 (KHTML, like Gecko; compatible; bingbot/2.0; +http://www.bing.com/bingbot.htm) Chrome/116.0.1938.76 Safari/537.36"
93.191.156.213 - - [07/Mar/2025:03:49:09 +0100] "GET /showroom/" 200 58434 "" "WP Rocket/Preload Mozilla/5.0 (iPhone; CPU iPhone OS 9_1 like Mac OS X) AppleWebKit/601.1.46 (KHTML, like Gecko) Version/9.0 Mobile/13B143 Safari/601.1"
93.191.156.213 - - [07/Mar/2025:03:49:10 +0100] "GET /outlet-produkters-stand/" 200 60146 "" "WP Rocket/Preload"
93.191.156.213 - - [07/Mar/2025:03:49:11 +0100] "GET /outlet-produkters-stand/" 200 60150 "" "WP Rocket/Preload Mozilla/5.0 (iPhone; CPU iPhone OS 9_1 like Mac OS X) AppleWebKit/601.1.46 (KHTML, like Gecko) Version/9.0 Mobile/13B143 Safari/601.1"
93.191.156.213 - - [07/Mar/2025:03:49:13 +0100] "GET /kontakt/" 200 63593 "" "WP Rocket/Preload"
93.191.156.213 - - [07/Mar/2025:03:49:14 +0100] "GET /kontakt/" 200 63679 "" "WP Rocket/Preload Mozilla/5.0 (iPhone; CPU iPhone OS 9_1 like Mac OS X) AppleWebKit/601.1.46 (KHTML, like Gecko) Version/9.0 Mobile/13B143 Safari/601.1"
93.191.156.213 - - [07/Mar/2025:03:49:15 +0100] "GET /tak-for-bestillingen/" 200 61953 "" "WP Rocket/Preload"
93.191.156.213 - - [07/Mar/2025:03:49:16 +0100] "GET /tak-for-bestillingen/" 200 61958 "" "WP Rocket/Preload Mozilla/5.0 (iPhone; CPU iPhone OS 9_1 like Mac OS X) AppleWebKit/601.1.46 (KHTML, like Gecko) Version/9.0 Mobile/13B143 Safari/601.1"
93.191.156.213 - - [07/Mar/2025:03:49:17 +0100] "GET /privatlivs-politik/" 200 60047 "" "WP Rocket/Preload"
93.191.156.213 - - [07/Mar/2025:03:49:19 +0100] "GET /privatlivs-politik/" 200 60051 "" "WP Rocket/Preload Mozilla/5.0 (iPhone; CPU iPhone OS 9_1 like Mac OS X) AppleWebKit/601.1.46 (KHTML, like Gecko) Version/9.0 Mobile/13B143 Safari/601.1"
93.191.156.213 - - [07/Mar/2025:03:49:19 +0100] "GET /handelsbetingelser/" 200 60641 "" "WP Rocket/Preload"
93.191.156.213 - - [07/Mar/2025:03:49:20 +0100] "GET /handelsbetingelser/" 200 60347 "" "WP Rocket/Preload Mozilla/5.0 (iPhone; CPU iPhone OS 9_1 like Mac OS X) AppleWebKit/601.1.46 (KHTML, like Gecko) Version/9.0 Mobile/13B143 Safari/601.1"
93.191.156.213 - - [07/Mar/2025:03:49:22 +0100] "GET /checkout/" 200 43944 "" "WP Rocket/Preload"
93.191.156.213 - - [07/Mar/2025:03:49:23 +0100] "GET /checkout/" 200 43947 "" "WP Rocket/Preload Mozilla/5.0 (iPhone; CPU iPhone OS 9_1 like Mac OS X) AppleWebKit/601.1.46 (KHTML, like Gecko) Version/9.0 Mobile/13B143 Safari/601.1"
93.191.156.213 - - [07/Mar/2025:03:49:24 +0100] "GET /om-os/" 200 58983 "" "WP Rocket/Preload"
93.191.156.213 - - [07/Mar/2025:03:49:25 +0100] "GET /om-os/" 200 59208 "" "WP Rocket/Preload Mozilla/5.0 (iPhone; CPU iPhone OS 9_1 like Mac OS X) AppleWebKit/601.1.46 (KHTML, like Gecko) Version/9.0 Mobile/13B143 Safari/601.1"
87.250.224.202 - - [07/Mar/2025:03:49:35 +0100] "GET /wp-content/uploads/2024/12/0ae338bd-af54-42c7-a7f1-8ae7e9c77e9d-150x150.png" 200 8916 "" "Mozilla/5.0 (compatible; YandexImages/3.0; +http://yandex.com/bots)"
93.191.156.213 - - [07/Mar/2025:03:49:36 +0100] "POST /wp-cron.php?doing_wp_cron=1741315776.8438379764556884765625" 200 0 "" "49ktbgDcezwQ"
213.180.203.196 - - [07/Mar/2025:03:49:37 +0100] "GET /bevaegelse/handicap-scootere/letvaegt/colibri-light-sammenklappelig-rejse-scooter-kun-18-kg/feed/" 200 490 "" "Mozilla/5.0 (compatible; YandexBot/3.0; +http://yandex.com/bots)"
93.191.156.213 - - [07/Mar/2025:03:49:38 +0100] "GET /alle-produkter/" 200 48586 "" "WP Rocket/Preload"
87.250.224.125 - - [07/Mar/2025:03:49:38 +0100] "GET /wp-content/uploads/2024/12/0ae338bd-af54-42c7-a7f1-8ae7e9c77e9d-1536x1536.png" 200 399504 "" "Mozilla/5.0 (compatible; YandexImages/3.0; +http://yandex.com/bots)"
213.180.203.103 - - [07/Mar/2025:03:49:38 +0100] "GET /wp-content/uploads/2024/12/0ae338bd-af54-42c7-a7f1-8ae7e9c77e9d-1024x1024.png" 200 206583 "" "Mozilla/5.0 (compatible; YandexImages/3.0; +http://yandex.com/bots)"
87.250.224.77 - - [07/Mar/2025:03:49:39 +0100] "GET /bevaegelse/" 200 95399 "" "Mozilla/5.0 (compatible; YandexBot/3.0; +http://yandex.com/bots)"
93.191.156.213 - - [07/Mar/2025:03:49:39 +0100] "GET /alle-produkter/" 200 48586 "" "WP Rocket/Preload Mozilla/5.0 (iPhone; CPU iPhone OS 9_1 like Mac OS X) AppleWebKit/601.1.46 (KHTML, like Gecko) Version/9.0 Mobile/13B143 Safari/601.1"
93.191.156.213 - - [07/Mar/2025:03:49:41 +0100] "GET /udsalg/" 200 69423 "" "WP Rocket/Preload"
93.191.156.213 - - [07/Mar/2025:03:49:42 +0100] "GET /udsalg/" 200 69427 "" "WP Rocket/Preload Mozilla/5.0 (iPhone; CPU iPhone OS 9_1 like Mac OS X) AppleWebKit/601.1.46 (KHTML, like Gecko) Version/9.0 Mobile/13B143 Safari/601.1"
93.191.156.213 - - [07/Mar/2025:03:49:43 +0100] "GET /global-styles/" 200 40161 "" "WP Rocket/Preload"
93.191.156.213 - - [07/Mar/2025:03:49:44 +0100] "GET /global-styles/" 200 40165 "" "WP Rocket/Preload Mozilla/5.0 (iPhone; CPU iPhone OS 9_1 like Mac OS X) AppleWebKit/601.1.46 (KHTML, like Gecko) Version/9.0 Mobile/13B143 Safari/601.1"
93.191.156.213 - - [07/Mar/2025:03:49:45 +0100] "GET /shop/" 200 58954 "" "WP Rocket/Preload"
93.191.156.213 - - [07/Mar/2025:03:49:47 +0100] "GET /shop/" 200 58958 "" "WP Rocket/Preload Mozilla/5.0 (iPhone; CPU iPhone OS 9_1 like Mac OS X) AppleWebKit/601.1.46 (KHTML, like Gecko) Version/9.0 Mobile/13B143 Safari/601.1"
93.191.156.213 - - [07/Mar/2025:03:49:48 +0100] "GET /bevaegelse/rollatorer/fleksibel-comfort-2-i-1-rollator-22261/" 200 86837 "" "WP Rocket/Preload"
93.191.156.213 - - [07/Mar/2025:03:49:49 +0100] "GET /bevaegelse/rollatorer/fleksibel-comfort-2-i-1-rollator-22261/" 200 87700 "" "WP Rocket/Preload Mozilla/5.0 (iPhone; CPU iPhone OS 9_1 like Mac OS X) AppleWebKit/601.1.46 (KHTML, like Gecko) Version/9.0 Mobile/13B143 Safari/601.1"
213.180.203.40 - - [07/Mar/2025:03:49:50 +0100] "GET /wp-content/uploads/2024/12/0ae338bd-af54-42c7-a7f1-8ae7e9c77e9d-600x600.png" 200 82543 "" "Mozilla/5.0 (compatible; YandexImages/3.0; +http://yandex.com/bots)"
87.250.224.18 - - [07/Mar/2025:03:49:51 +0100] "GET /wp-content/uploads/2024/12/0ae338bd-af54-42c7-a7f1-8ae7e9c77e9d-100x100.png" 200 5022 "" "Mozilla/5.0 (compatible; YandexImages/3.0; +http://yandex.com/bots)"
93.191.156.213 - - [07/Mar/2025:03:49:51 +0100] "GET /bevaegelse/korestole/el-korestole/aftagelige-og-justerbare-fodstoetter/a3-manuel-og-elektrisk-korestol/" 200 97766 "" "WP Rocket/Preload"
213.180.203.81 - - [07/Mar/2025:03:49:52 +0100] "GET /wp-content/uploads/2024/12/0ae338bd-af54-42c7-a7f1-8ae7e9c77e9d.png" 200 419204 "" "Mozilla/5.0 (compatible; YandexImages/3.0; +http://yandex.com/bots)"
93.191.156.213 - - [07/Mar/2025:03:49:52 +0100] "GET /bevaegelse/korestole/el-korestole/aftagelige-og-justerbare-fodstoetter/a3-manuel-og-elektrisk-korestol/" 200 97203 "" "WP Rocket/Preload Mozilla/5.0 (iPhone; CPU iPhone OS 9_1 like Mac OS X) AppleWebKit/601.1.46 (KHTML, like Gecko) Version/9.0 Mobile/13B143 Safari/601.1"
213.180.203.94 - - [07/Mar/2025:03:49:53 +0100] "GET /wp-content/uploads/2024/12/0ae338bd-af54-42c7-a7f1-8ae7e9c77e9d-768x768.png" 200 126791 "" "Mozilla/5.0 (compatible; YandexImages/3.0; +http://yandex.com/bots)"
93.191.156.213 - - [07/Mar/2025:03:49:54 +0100] "GET /bevaegelse/korestole/el-korestole/aura-automatisk-foldbar-el-koerestol-med-fjernbetjening/" 200 48586 "" "WP Rocket/Preload"
93.191.156.213 - - [07/Mar/2025:03:49:55 +0100] "GET /bevaegelse/korestole/el-korestole/aura-automatisk-foldbar-el-koerestol-med-fjernbetjening/" 200 48586 "" "WP Rocket/Preload Mozilla/5.0 (iPhone; CPU iPhone OS 9_1 like Mac OS X) AppleWebKit/601.1.46 (KHTML, like Gecko) Version/9.0 Mobile/13B143 Safari/601.1"
93.191.156.213 - - [07/Mar/2025:03:49:57 +0100] "GET /uncategorized/easy-go-personloefter-til-bilen-hjaelpemiddel-til-forflytning/" 200 94668 "" "WP Rocket/Preload"
93.191.156.213 - - [07/Mar/2025:03:49:58 +0100] "GET /uncategorized/easy-go-personloefter-til-bilen-hjaelpemiddel-til-forflytning/" 200 94474 "" "WP Rocket/Preload Mozilla/5.0 (iPhone; CPU iPhone OS 9_1 like Mac OS X) AppleWebKit/601.1.46 (KHTML, like Gecko) Version/9.0 Mobile/13B143 Safari/601.1"
207.46.13.150 - - [07/Mar/2025:03:51:00 +0100] "GET /om-os/" 200 59006 "" "Mozilla/5.0 AppleWebKit/537.36 (KHTML, like Gecko; compatible; bingbot/2.0; +http://www.bing.com/bingbot.htm) Chrome/116.0.1938.76 Safari/537.36"
213.180.203.145 - - [07/Mar/2025:03:51:07 +0100] "GET /udsalg/" 200 69444 "" "Mozilla/5.0 (compatible; YandexBot/3.0; +http://yandex.com/bots)"
87.250.224.49 - - [07/Mar/2025:03:51:07 +0100] "GET /om-os/" 200 59006 "" "Mozilla/5.0 (compatible; YandexBot/3.0; +http://yandex.com/bots)"
93.191.156.213 - - [07/Mar/2025:03:51:16 +0100] "POST /wp-cron.php?doing_wp_cron=1741315876.7356610298156738281250" 200 0 "" "rDZSmrL8IfoW"
54.36.148.7 - - [07/Mar/2025:03:51:17 +0100] "GET /bevaegelse/handicap-scootere/4-hjulet/urban/" 200 93350 "" "Mozilla/5.0 (compatible; AhrefsBot/7.0; +http://ahrefs.com/robot/)"
93.191.156.213 - - [07/Mar/2025:03:51:18 +0100] "GET /bevaegelse/korestole/el-korestole/letvaegt-sammenklappelige/7008-flex-letvaegs-el-koerestol/" 200 89763 "" "WP Rocket/Preload"
93.191.156.213 - - [07/Mar/2025:03:51:19 +0100] "GET /bevaegelse/korestole/el-korestole/letvaegt-sammenklappelige/7008-flex-letvaegs-el-koerestol/" 200 89373 "" "WP Rocket/Preload Mozilla/5.0 (iPhone; CPU iPhone OS 9_1 like Mac OS X) AppleWebKit/601.1.46 (KHTML, like Gecko) Version/9.0 Mobile/13B143 Safari/601.1"
93.191.156.213 - - [07/Mar/2025:03:51:21 +0100] "GET /bevaegelse/korestole/manuelle-koerestole/evakueringsstol-og-transitkoerestol-letvaegt-11-kg-brugervaegt-160kg/" 200 87690 "" "WP Rocket/Preload"
93.191.156.213 - - [07/Mar/2025:03:51:22 +0100] "GET /bevaegelse/korestole/manuelle-koerestole/evakueringsstol-og-transitkoerestol-letvaegt-11-kg-brugervaegt-160kg/" 200 86899 "" "WP Rocket/Preload Mozilla/5.0 (iPhone; CPU iPhone OS 9_1 like Mac OS X) AppleWebKit/601.1.46 (KHTML, like Gecko) Version/9.0 Mobile/13B143 Safari/601.1"
93.191.156.213 - - [07/Mar/2025:03:51:23 +0100] "GET /evakueringsudstyr/evakueringsstol-og-trappeklatrer/" 200 86821 "" "WP Rocket/Preload"
93.191.156.213 - - [07/Mar/2025:03:51:25 +0100] "GET /evakueringsudstyr/evakueringsstol-og-trappeklatrer/" 200 86791 "" "WP Rocket/Preload Mozilla/5.0 (iPhone; CPU iPhone OS 9_1 like Mac OS X) AppleWebKit/601.1.46 (KHTML, like Gecko) Version/9.0 Mobile/13B143 Safari/601.1"
93.191.156.213 - - [07/Mar/2025:03:51:26 +0100] "GET /evakueringsudstyr/evakueringsstol-lg-evacu/" 200 86599 "" "WP Rocket/Preload"
93.191.156.213 - - [07/Mar/2025:03:51:28 +0100] "GET /evakueringsudstyr/evakueringsstol-lg-evacu/" 200 86001 "" "WP Rocket/Preload Mozilla/5.0 (iPhone; CPU iPhone OS 9_1 like Mac OS X) AppleWebKit/601.1.46 (KHTML, like Gecko) Version/9.0 Mobile/13B143 Safari/601.1"
93.191.156.213 - - [07/Mar/2025:03:51:29 +0100] "GET /evakueringsudstyr/elektrisk-evakueringsstol-og-trappeklatrer-lg-evacu-plus-el/" 200 87472 "" "WP Rocket/Preload"
93.191.156.213 - - [07/Mar/2025:03:51:30 +0100] "GET /evakueringsudstyr/elektrisk-evakueringsstol-og-trappeklatrer-lg-evacu-plus-el/" 200 87267 "" "WP Rocket/Preload Mozilla/5.0 (iPhone; CPU iPhone OS 9_1 like Mac OS X) AppleWebKit/601.1.46 (KHTML, like Gecko) Version/9.0 Mobile/13B143 Safari/601.1"
93.191.156.213 - - [07/Mar/2025:03:51:32 +0100] "GET /til-hjemmet/toiletstole-og-baekkenstole/badestol-med-tilt-med-hjul-og-toilet-22061/" 200 87017 "" "WP Rocket/Preload"
93.191.156.213 - - [07/Mar/2025:03:51:33 +0100] "GET /til-hjemmet/toiletstole-og-baekkenstole/badestol-med-tilt-med-hjul-og-toilet-22061/" 200 86957 "" "WP Rocket/Preload Mozilla/5.0 (iPhone; CPU iPhone OS 9_1 like Mac OS X) AppleWebKit/601.1.46 (KHTML, like Gecko) Version/9.0 Mobile/13B143 Safari/601.1"
93.191.156.213 - - [07/Mar/2025:03:51:35 +0100] "GET /til-hjemmet/toiletstole-og-baekkenstole/selvkoerende-toiletstol-med-storehjul-2234/" 200 87339 "" "WP Rocket/Preload"
93.191.156.213 - - [07/Mar/2025:03:51:36 +0100] "GET /til-hjemmet/toiletstole-og-baekkenstole/selvkoerende-toiletstol-med-storehjul-2234/" 200 87428 "" "WP Rocket/Preload Mozilla/5.0 (iPhone; CPU iPhone OS 9_1 like Mac OS X) AppleWebKit/601.1.46 (KHTML, like Gecko) Version/9.0 Mobile/13B143 Safari/601.1"
93.191.156.213 - - [07/Mar/2025:03:51:37 +0100] "GET /til-hjemmet/toiletstole-og-baekkenstole/stol-med-toilet-og-gaastol-2-i-1-p21082/" 200 87064 "" "WP Rocket/Preload"
93.191.156.213 - - [07/Mar/2025:03:51:39 +0100] "GET /til-hjemmet/toiletstole-og-baekkenstole/stol-med-toilet-og-gaastol-2-i-1-p21082/" 200 87081 "" "WP Rocket/Preload Mozilla/5.0 (iPhone; CPU iPhone OS 9_1 like Mac OS X) AppleWebKit/601.1.46 (KHTML, like Gecko) Version/9.0 Mobile/13B143 Safari/601.1"
157.55.39.194 - - [07/Mar/2025:03:51:51 +0100] "GET /wp-content/uploads/2024/06/f2dd4e3f-4f34-482d-ac3d-e9794388b32b-169x300.png.webp" 200 8912 "" "Mozilla/5.0 AppleWebKit/537.36 (KHTML, like Gecko; compatible; bingbot/2.0; +http://www.bing.com/bingbot.htm) Chrome/116.0.1938.76 Safari/537.36"
54.217.83.13 - - [07/Mar/2025:03:52:43 +0100] "GET /" 200 77089 "" "Mozilla/5.0 (compatible; MSIE 8.0; Windows NT 5.1; Trident/4.0; .NET CLR 1.1.4322; .NET CLR 2.0.50727)"
93.191.156.213 - - [07/Mar/2025:03:52:50 +0100] "POST /wp-cron.php?doing_wp_cron=1741315970.8189010620117187500000" 200 0 "" "XcYaFpFxAXLi"
40.77.167.11 - - [07/Mar/2025:03:52:51 +0100] "GET /wp-json/wp/v2/pages/6827" 200 5395 "" "Mozilla/5.0 AppleWebKit/537.36 (KHTML, like Gecko; compatible; bingbot/2.0; +http://www.bing.com/bingbot.htm) Chrome/116.0.1938.76 Safari/537.36"
93.191.156.213 - - [07/Mar/2025:03:52:52 +0100] "GET /til-hjemmet/toiletstole-og-baekkenstole/selvkoerende-badestol-med-toilet-og-store-hjul-p22341/" 200 88258 "" "WP Rocket/Preload"
93.191.156.213 - - [07/Mar/2025:03:52:53 +0100] "GET /til-hjemmet/toiletstole-og-baekkenstole/selvkoerende-badestol-med-toilet-og-store-hjul-p22341/" 200 87413 "" "WP Rocket/Preload Mozilla/5.0 (iPhone; CPU iPhone OS 9_1 like Mac OS X) AppleWebKit/601.1.46 (KHTML, like Gecko) Version/9.0 Mobile/13B143 Safari/601.1"
93.191.156.213 - - [07/Mar/2025:03:52:55 +0100] "GET /bevaegelse/elektrisk-personloftere/ulisse-el-150-ci/" 200 88561 "" "WP Rocket/Preload"
93.191.156.213 - - [07/Mar/2025:03:52:56 +0100] "GET /bevaegelse/elektrisk-personloftere/ulisse-el-150-ci/" 200 48586 "" "WP Rocket/Preload Mozilla/5.0 (iPhone; CPU iPhone OS 9_1 like Mac OS X) AppleWebKit/601.1.46 (KHTML, like Gecko) Version/9.0 Mobile/13B143 Safari/601.1"
93.191.156.213 - - [07/Mar/2025:03:52:58 +0100] "GET /bevaegelse/korestole/leisure-sportskoerestol-med-god-manoevreringsevne/" 200 73420 "" "WP Rocket/Preload"
93.191.156.213 - - [07/Mar/2025:03:52:59 +0100] "GET /bevaegelse/korestole/leisure-sportskoerestol-med-god-manoevreringsevne/" 200 86907 "" "WP Rocket/Preload Mozilla/5.0 (iPhone; CPU iPhone OS 9_1 like Mac OS X) AppleWebKit/601.1.46 (KHTML, like Gecko) Version/9.0 Mobile/13B143 Safari/601.1"
157.55.39.194 - - [07/Mar/2025:03:53:00 +0100] "GET /kontakt/" 200 63614 "" "Mozilla/5.0 AppleWebKit/537.36 (KHTML, like Gecko; compatible; bingbot/2.0; +http://www.bing.com/bingbot.htm) Chrome/116.0.1938.76 Safari/537.36"
93.191.156.213 - - [07/Mar/2025:03:53:01 +0100] "GET /bevaegelse/korestole/el-korestole/gala-ultralet-sammenklappelig-el-koerestol-18kg/" 200 48071 "" "WP Rocket/Preload"
93.191.156.213 - - [07/Mar/2025:03:53:02 +0100] "GET /bevaegelse/korestole/el-korestole/gala-ultralet-sammenklappelig-el-koerestol-18kg/" 200 48586 "" "WP Rocket/Preload Mozilla/5.0 (iPhone; CPU iPhone OS 9_1 like Mac OS X) AppleWebKit/601.1.46 (KHTML, like Gecko) Version/9.0 Mobile/13B143 Safari/601.1"
93.191.156.213 - - [07/Mar/2025:03:53:04 +0100] "GET /bevaegelse/handicap-scootere/4-hjulet/urban-plus-litio/" 200 48071 "" "WP Rocket/Preload"
93.191.156.213 - - [07/Mar/2025:03:53:05 +0100] "GET /bevaegelse/handicap-scootere/4-hjulet/urban-plus-litio/" 200 96349 "" "WP Rocket/Preload Mozilla/5.0 (iPhone; CPU iPhone OS 9_1 like Mac OS X) AppleWebKit/601.1.46 (KHTML, like Gecko) Version/9.0 Mobile/13B143 Safari/601.1"
93.191.156.213 - - [07/Mar/2025:03:53:07 +0100] "GET /bevaegelse/korestole/el-korestole/letvaegt-sammenklappelige/smarty-xl-elektrisk-koerestol-med-automatisk-folde-funktion-med-udvidet-saedebredde-50cm/" 200 48586 "" "WP Rocket/Preload"
93.191.156.213 - - [07/Mar/2025:03:53:08 +0100] "GET /bevaegelse/korestole/el-korestole/letvaegt-sammenklappelige/smarty-xl-elektrisk-koerestol-med-automatisk-folde-funktion-med-udvidet-saedebredde-50cm/" 200 95513 "" "WP Rocket/Preload Mozilla/5.0 (iPhone; CPU iPhone OS 9_1 like Mac OS X) AppleWebKit/601.1.46 (KHTML, like Gecko) Version/9.0 Mobile/13B143 Safari/601.1"
93.191.156.213 - - [07/Mar/2025:03:53:10 +0100] "GET /bevaegelse/handicap-scootere/letvaegt/bravo/" 499 0 "" "WP Rocket/Preload"
93.191.156.213 - - [07/Mar/2025:03:53:11 +0100] "GET /bevaegelse/handicap-scootere/letvaegt/bravo/" 499 0 "" "WP Rocket/Preload Mozilla/5.0 (iPhone; CPU iPhone OS 9_1 like Mac OS X) AppleWebKit/601.1.46 (KHTML, like Gecko) Version/9.0 Mobile/13B143 Safari/601.1"
5.255.231.183 - - [07/Mar/2025:03:53:17 +0100] "GET /outlet-produkters-stand/" 200 60168 "" "Mozilla/5.0 (compatible; YandexBot/3.0; +http://yandex.com/bots)"
207.46.13.150 - - [07/Mar/2025:03:53:19 +0100] "GET /wp-content/uploads/2025/01/compact_lead_acid_battery_250x250.png.webp" 200 5962 "" "Mozilla/5.0 AppleWebKit/537.36 (KHTML, like Gecko; compatible; bingbot/2.0; +http://www.bing.com/bingbot.htm) Chrome/116.0.1938.76 Safari/537.36"
213.180.203.155 - - [07/Mar/2025:03:53:19 +0100] "GET /kontakt/" 200 63614 "" "Mozilla/5.0 (compatible; YandexBot/3.0; +http://yandex.com/bots)"
157.55.39.194 - - [07/Mar/2025:03:53:22 +0100] "GET /wp-content/uploads/2025/02/scooter-plegable-totalcare-formentera_foto_semiperfil-300x300.webp" 200 18360 "" "Mozilla/5.0 AppleWebKit/537.36 (KHTML, like Gecko; compatible; bingbot/2.0; +http://www.bing.com/bingbot.htm) Chrome/116.0.1938.76 Safari/537.36"
207.46.13.150 - - [07/Mar/2025:03:53:23 +0100] "GET /om-os/" 200 59006 "" "Mozilla/5.0 AppleWebKit/537.36 (KHTML, like Gecko; compatible; bingbot/2.0; +http://www.bing.com/bingbot.htm) Chrome/116.0.1938.76 Safari/537.36"
2401:ba80:ac16:afd:fd9b:3d5a:5e5e:18d2 - - [07/Mar/2025:03:53:51 +0100] "GET /wp-content/uploads/2024/02/e03c51da-7008-43e5-937d-b24fb2ca75ca-300x300.png.webp" 200 20752 "https://danmedica.dk/" "Mozilla/5.0 (Windows NT 10.0; Win64; x64) AppleWebKit/537.36 (KHTML, like Gecko) Chrome/131.0.0.0 Safari/537.36"
93.191.156.213 - - [07/Mar/2025:03:54:04 +0100] "POST /wp-cron.php?doing_wp_cron=1741316044.1867709159851074218750" 200 0 "" "KcUb24v8Gl4E"
34.34.141.2 - - [07/Mar/2025:03:54:04 +0100] "GET /wp-json/wc/v3/orders?oauth_consumer_key=ck_767531e9aed8f4e4649535625a425845b1b83d5f&oauth_nonce=e8262cc98e0d70cd9e94c4d2c99bd45540792117&oauth_signature=zWYYxw8M1MUnJewbpXyDCEeOUsw%3D&oauth_signature_method=HMAC-SHA1&oauth_timestamp=1741316043&oauth_token=&oauth_version=1.0&dates_are_gmt=1&modified_after=2025-03-07%2002%3A43%3A57&per_page=100&page=1" 200 22 "" "IEX Integration/3.0"
2401:ba80:ac16:afd:fd9b:3d5a:5e5e:18d2 - - [07/Mar/2025:03:54:04 +0100] "GET /wp-content/uploads/2024/01/7f5bc885-1abf-45fb-aa2f-6242dbd2f733.png.webp" 200 76830 "https://danmedica.dk/" "Mozilla/5.0 (Windows NT 10.0; Win64; x64) AppleWebKit/537.36 (KHTML, like Gecko) Chrome/131.0.0.0 Safari/537.36"
2401:ba80:ac16:afd:fd9b:3d5a:5e5e:18d2 - - [07/Mar/2025:03:54:04 +0100] "GET /wp-content/uploads/2024/01/4961d568-42cf-421d-8c65-f7329ed4ab53.png.webp" 200 55894 "https://danmedica.dk/" "Mozilla/5.0 (Windows NT 10.0; Win64; x64) AppleWebKit/537.36 (KHTML, like Gecko) Chrome/131.0.0.0 Safari/537.36"
2401:ba80:ac16:afd:fd9b:3d5a:5e5e:18d2 - - [07/Mar/2025:03:54:04 +0100] "GET /wp-content/uploads/2024/01/libercar-vento-el-scooter-4-hjul24.jpg" 200 69857 "https://danmedica.dk/" "Mozilla/5.0 (Windows NT 10.0; Win64; x64) AppleWebKit/537.36 (KHTML, like Gecko) Chrome/131.0.0.0 Safari/537.36"
2401:ba80:ac16:afd:fd9b:3d5a:5e5e:18d2 - - [07/Mar/2025:03:54:04 +0100] "GET /wp-content/uploads/2024/02/563bb0a5-487e-4d73-9772-0a6e9ef00ad3.png.webp" 200 126230 "https://danmedica.dk/" "Mozilla/5.0 (Windows NT 10.0; Win64; x64) AppleWebKit/537.36 (KHTML, like Gecko) Chrome/131.0.0.0 Safari/537.36"
