77.33.202.80 - - [07/Mar/2025:03:33:05 +0100] "POST /wp-admin/admin-ajax.php" 503 849 "https://danmedica.dk/?elementor-preview=77&ver=1741314768" "Mozilla/5.0 (Windows NT 10.0; Win64; x64) AppleWebKit/537.36 (KHTML, like Gecko) Chrome/126.0.0.0 Safari/537.36"
77.33.202.80 - - [07/Mar/2025:03:33:05 +0100] "POST /wp-admin/admin-ajax.php" 200 106 "https://danmedica.dk/?elementor-preview=77&ver=1741314768" "Mozilla/5.0 (Windows NT 10.0; Win64; x64) AppleWebKit/537.36 (KHTML, like Gecko) Chrome/126.0.0.0 Safari/537.36"
77.33.202.80 - - [07/Mar/2025:03:33:05 +0100] "POST /wp-admin/admin-ajax.php" 200 108 "https://danmedica.dk/?elementor-preview=77&ver=1741314768" "Mozilla/5.0 (Windows NT 10.0; Win64; x64) AppleWebKit/537.36 (KHTML, like Gecko) Chrome/126.0.0.0 Safari/537.36"
77.33.202.80 - - [07/Mar/2025:03:33:05 +0100] "POST /wp-admin/admin-ajax.php" 503 849 "https://danmedica.dk/?elementor-preview=77&ver=1741314768" "Mozilla/5.0 (Windows NT 10.0; Win64; x64) AppleWebKit/537.36 (KHTML, like Gecko) Chrome/126.0.0.0 Safari/537.36"
77.33.202.80 - - [07/Mar/2025:03:33:05 +0100] "POST /wp-admin/admin-ajax.php" 200 106 "https://danmedica.dk/?elementor-preview=77&ver=1741314768" "Mozilla/5.0 (Windows NT 10.0; Win64; x64) AppleWebKit/537.36 (KHTML, like Gecko) Chrome/126.0.0.0 Safari/537.36"
77.33.202.80 - - [07/Mar/2025:03:33:05 +0100] "POST /wp-admin/admin-ajax.php" 503 849 "https://danmedica.dk/?elementor-preview=77&ver=1741314768" "Mozilla/5.0 (Windows NT 10.0; Win64; x64) AppleWebKit/537.36 (KHTML, like Gecko) Chrome/126.0.0.0 Safari/537.36"
77.33.202.80 - - [07/Mar/2025:03:33:05 +0100] "POST /wp-admin/admin-ajax.php" 503 849 "https://danmedica.dk/?elementor-preview=77&ver=1741314768" "Mozilla/5.0 (Windows NT 10.0; Win64; x64) AppleWebKit/537.36 (KHTML, like Gecko) Chrome/126.0.0.0 Safari/537.36"
77.33.202.80 - - [07/Mar/2025:03:33:05 +0100] "POST /wp-admin/admin-ajax.php" 200 97 "https://danmedica.dk/?elementor-preview=77&ver=1741314768" "Mozilla/5.0 (Windows NT 10.0; Win64; x64) AppleWebKit/537.36 (KHTML, like Gecko) Chrome/126.0.0.0 Safari/537.36"
77.33.202.80 - - [07/Mar/2025:03:33:05 +0100] "POST /wp-admin/admin-ajax.php" 503 849 "https://danmedica.dk/?elementor-preview=77&ver=1741314768" "Mozilla/5.0 (Windows NT 10.0; Win64; x64) AppleWebKit/537.36 (KHTML, like Gecko) Chrome/126.0.0.0 Safari/537.36"
77.33.202.80 - - [07/Mar/2025:03:33:05 +0100] "POST /wp-admin/admin-ajax.php" 200 108 "https://danmedica.dk/?elementor-preview=77&ver=1741314768" "Mozilla/5.0 (Windows NT 10.0; Win64; x64) AppleWebKit/537.36 (KHTML, like Gecko) Chrome/126.0.0.0 Safari/537.36"
77.33.202.80 - - [07/Mar/2025:03:33:06 +0100] "POST /?wc-ajax=get_refreshed_fragments" 200 1070 "https://danmedica.dk/?elementor-preview=77&ver=1741314768" "Mozilla/5.0 (Windows NT 10.0; Win64; x64) AppleWebKit/537.36 (KHTML, like Gecko) Chrome/126.0.0.0 Safari/537.36"
77.33.202.80 - - [07/Mar/2025:03:33:06 +0100] "POST /wp-admin/admin-ajax.php" 200 98 "https://danmedica.dk/?elementor-preview=77&ver=1741314768" "Mozilla/5.0 (Windows NT 10.0; Win64; x64) AppleWebKit/537.36 (KHTML, like Gecko) Chrome/126.0.0.0 Safari/537.36"
77.33.202.80 - - [07/Mar/2025:03:33:06 +0100] "POST /wp-admin/admin-ajax.php" 200 98 "https://danmedica.dk/?elementor-preview=77&ver=1741314768" "Mozilla/5.0 (Windows NT 10.0; Win64; x64) AppleWebKit/537.36 (KHTML, like Gecko) Chrome/126.0.0.0 Safari/537.36"
77.33.202.80 - - [07/Mar/2025:03:33:09 +0100] "POST /wp-admin/admin-ajax.php" 200 449 "https://danmedica.dk/wp-admin/post.php?post=77&action=elementor" "Mozilla/5.0 (Windows NT 10.0; Win64; x64) AppleWebKit/537.36 (KHTML, like Gecko) Chrome/126.0.0.0 Safari/537.36"
77.33.202.80 - - [07/Mar/2025:03:33:09 +0100] "POST /wp-admin/admin-ajax.php" 200 644 "https://danmedica.dk/?elementor-preview=77&ver=1741314768" "Mozilla/5.0 (Windows NT 10.0; Win64; x64) AppleWebKit/537.36 (KHTML, like Gecko) Chrome/126.0.0.0 Safari/537.36"
77.33.202.80 - - [07/Mar/2025:03:33:11 +0100] "POST /wp-json/rankmath/v1/updateMeta?_locale=user" 200 223 "https://danmedica.dk/wp-admin/post.php?post=77&action=elementor" "Mozilla/5.0 (Windows NT 10.0; Win64; x64) AppleWebKit/537.36 (KHTML, like Gecko) Chrome/126.0.0.0 Safari/537.36"
77.33.202.80 - - [07/Mar/2025:03:33:18 +0100] "POST /wp-admin/admin-ajax.php" 200 638 "https://danmedica.dk/wp-admin/post.php?post=77&action=elementor" "Mozilla/5.0 (Windows NT 10.0; Win64; x64) AppleWebKit/537.36 (KHTML, like Gecko) Chrome/126.0.0.0 Safari/537.36"
192.0.87.173 - - [07/Mar/2025:03:33:19 +0100] "POST /?rest_route=%2Fjetpack%2Fv4%2Fsync%2Fobject&_for=jetpack&token=K%232THC5BKnkC%26P9O42XBNc2dK6B0YvA2%3A1%3A0&timestamp=1741314798&nonce=bc3ligYhr9&body-hash=eGzGe%2BTQuE203aFADc0jSknCE5k%3D&signature=vYpMnrwfb%2F1cAbIzQabLGzAEivo%3D" 500 92 "https://danmedica.dk/?rest_route=%2Fjetpack%2Fv4%2Fsync%2Fobject&_for=jetpack&token=K%232THC5BKnkC%26P9O42XBNc2dK6B0YvA2%3A1%3A0&timestamp=1741314798&nonce=bc3ligYhr9&body-hash=eGzGe%2BTQuE203aFADc0jSknCE5k%3D&signature=vYpMnrwfb%2F1cAbIzQabLGzAEivo%3D" "Jetpack by WordPress.com"
77.33.202.80 - - [07/Mar/2025:03:33:19 +0100] "POST /wp-admin/admin-ajax.php" 200 119672 "https://danmedica.dk/wp-admin/post.php?post=77&action=elementor" "Mozilla/5.0 (Windows NT 10.0; Win64; x64) AppleWebKit/537.36 (KHTML, like Gecko) Chrome/126.0.0.0 Safari/537.36"
77.33.202.80 - - [07/Mar/2025:03:33:19 +0100] "POST /wp-admin/admin-ajax.php" 200 100 "https://danmedica.dk/wp-admin/post.php?post=77&action=elementor" "Mozilla/5.0 (Windows NT 10.0; Win64; x64) AppleWebKit/537.36 (KHTML, like Gecko) Chrome/126.0.0.0 Safari/537.36"
77.33.202.80 - - [07/Mar/2025:03:33:20 +0100] "POST /wp-admin/admin-ajax.php" 200 96 "https://danmedica.dk/wp-admin/post.php?post=77&action=elementor" "Mozilla/5.0 (Windows NT 10.0; Win64; x64) AppleWebKit/537.36 (KHTML, like Gecko) Chrome/126.0.0.0 Safari/537.36"
93.191.156.213 - - [07/Mar/2025:03:33:21 +0100] "GET /wp-json/jetpack/v4/sync/spawn-sync?time=1741314797&request_lock_id=1741314797.0468" 200 37 "" "WordPress/6.7.2; https://danmedica.dk"
77.33.202.80 - - [07/Mar/2025:03:33:23 +0100] "POST /wp-admin/admin-ajax.php" 200 36 "https://danmedica.dk/wp-admin/post.php?post=77&action=elementor&active-document=7562" "Mozilla/5.0 (Windows NT 10.0; Win64; x64) AppleWebKit/537.36 (KHTML, like Gecko) Chrome/126.0.0.0 Safari/537.36"
93.191.156.213 - - [07/Mar/2025:03:33:34 +0100] "POST /wp-cron.php?doing_wp_cron=1741314814.0870809555053710937500" 200 0 "" "BFQpnVqL3GIM"
87.250.224.202 - - [07/Mar/2025:03:33:35 +0100] "GET /" 200 76749 "" "Mozilla/5.0 (compatible; YandexBot/3.0; +http://yandex.com/bots)"
93.191.156.213 - - [07/Mar/2025:03:33:53 +0100] "POST /wp-cron.php?doing_wp_cron=1741314832.9929070472717285156250" 200 0 "" "Nwch9g4GHjBb"
77.33.202.80 - - [07/Mar/2025:03:33:53 +0100] "POST /wp-admin/admin-ajax.php" 200 804 "https://danmedica.dk/wp-admin/post.php?post=77&action=elementor&active-document=7562" "Mozilla/5.0 (Windows NT 10.0; Win64; x64) AppleWebKit/537.36 (KHTML, like Gecko) Chrome/126.0.0.0 Safari/537.36"
77.33.202.80 - - [07/Mar/2025:03:33:53 +0100] "POST /wp-admin/admin-ajax.php" 200 46 "https://danmedica.dk/wp-admin/post.php?post=77&action=elementor&active-document=7562" "Mozilla/5.0 (Windows NT 10.0; Win64; x64) AppleWebKit/537.36 (KHTML, like Gecko) Chrome/126.0.0.0 Safari/537.36"
77.33.202.80 - - [07/Mar/2025:03:33:56 +0100] "POST /wp-admin/admin-ajax.php" 200 573 "https://danmedica.dk/wp-admin/post.php?post=77&action=elementor&active-document=7562" "Mozilla/5.0 (Windows NT 10.0; Win64; x64) AppleWebKit/537.36 (KHTML, like Gecko) Chrome/126.0.0.0 Safari/537.36"
77.33.202.80 - - [07/Mar/2025:03:33:59 +0100] "POST /wp-admin/admin-ajax.php" 200 248 "https://danmedica.dk/wp-admin/post.php?post=77&action=elementor&active-document=7562" "Mozilla/5.0 (Windows NT 10.0; Win64; x64) AppleWebKit/537.36 (KHTML, like Gecko) Chrome/126.0.0.0 Safari/537.36"
77.33.202.80 - - [07/Mar/2025:03:34:05 +0100] "GET /" 200 79486 "https://danmedica.dk/?elementor-preview=77&ver=1741314768" "Mozilla/5.0 (Windows NT 10.0; Win64; x64) AppleWebKit/537.36 (KHTML, like Gecko) Chrome/126.0.0.0 Safari/537.36"
77.33.202.80 - - [07/Mar/2025:03:34:06 +0100] "POST /wp-admin/admin-ajax.php" 200 862 "https://danmedica.dk/wp-admin/post.php?post=77&action=elementor&active-document=7562" "Mozilla/5.0 (Windows NT 10.0; Win64; x64) AppleWebKit/537.36 (KHTML, like Gecko) Chrome/126.0.0.0 Safari/537.36"
77.33.202.80 - - [07/Mar/2025:03:34:20 +0100] "POST /wp-admin/admin-ajax.php" 200 862 "https://danmedica.dk/wp-admin/post.php?post=77&action=elementor&active-document=7562" "Mozilla/5.0 (Windows NT 10.0; Win64; x64) AppleWebKit/537.36 (KHTML, like Gecko) Chrome/126.0.0.0 Safari/537.36"
77.33.202.80 - - [07/Mar/2025:03:34:27 +0100] "POST /wp-json/rankmath/v1/updateMeta?_locale=user" 400 120 "https://danmedica.dk/wp-admin/post.php?post=77&action=elementor&active-document=7562" "Mozilla/5.0 (Windows NT 10.0; Win64; x64) AppleWebKit/537.36 (KHTML, like Gecko) Chrome/126.0.0.0 Safari/537.36"
34.78.2.199 - - [07/Mar/2025:03:34:27 +0100] "GET /wp-json/wc/v3/orders?oauth_consumer_key=ck_767531e9aed8f4e4649535625a425845b1b83d5f&oauth_nonce=00b967efafa0a25ab7e215cbc8eff93f06c886f9&oauth_signature=TLNeGKHSqfc%2BewILo9KpK84psiQ%3D&oauth_signature_method=HMAC-SHA1&oauth_timestamp=1741314866&oauth_token=&oauth_version=1.0&dates_are_gmt=1&modified_after=2025-03-07%2002%3A24%3A41&per_page=100&page=1" 200 22 "" "IEX Integration/3.0"
34.78.2.199 - - [07/Mar/2025:03:34:28 +0100] "GET /wp-json/wc/v3/products/attributes?oauth_consumer_key=ck_767531e9aed8f4e4649535625a425845b1b83d5f&oauth_nonce=bc7d02f47df76d460bafd81f2feb3b996885aed0&oauth_signature=MTZp37P0E3oCvUN4pNbwhQaEJkg%3D&oauth_signature_method=HMAC-SHA1&oauth_timestamp=1741314867&oauth_token=&oauth_version=1.0" 200 7019 "" "IEX Integration/3.0"
77.33.202.80 - - [07/Mar/2025:03:34:30 +0100] "POST /wp-admin/admin-ajax.php" 200 636 "https://danmedica.dk/wp-admin/post.php?post=77&action=elementor&active-document=7562" "Mozilla/5.0 (Windows NT 10.0; Win64; x64) AppleWebKit/537.36 (KHTML, like Gecko) Chrome/126.0.0.0 Safari/537.36"
77.33.202.80 - - [07/Mar/2025:03:34:31 +0100] "POST /wp-admin/admin-ajax.php" 200 1257 "https://danmedica.dk/wp-admin/post.php?post=77&action=elementor&active-document=7562" "Mozilla/5.0 (Windows NT 10.0; Win64; x64) AppleWebKit/537.36 (KHTML, like Gecko) Chrome/126.0.0.0 Safari/537.36"
93.191.156.213 - - [07/Mar/2025:03:34:32 +0100] "GET /wp-json/jetpack/v4/sync/spawn-sync?time=1741314869&request_lock_id=1741314869.7311" 200 37 "" "WordPress/6.7.2; https://danmedica.dk"
93.191.156.213 - - [07/Mar/2025:03:34:38 +0100] "POST /wp-cron.php?doing_wp_cron=1741314878.8542189598083496093750" 200 0 "" "2Md9jwFkNXdF"
77.33.202.80 - - [07/Mar/2025:03:34:39 +0100] "POST /wp-json/rankmath/v1/updateMeta?_locale=user" 400 120 "https://danmedica.dk/wp-admin/post.php?post=77&action=elementor&active-document=7562" "Mozilla/5.0 (Windows NT 10.0; Win64; x64) AppleWebKit/537.36 (KHTML, like Gecko) Chrome/126.0.0.0 Safari/537.36"
93.191.156.213 - - [07/Mar/2025:03:34:41 +0100] "GET /alle-produkter/" 200 96053 "" "WP Rocket/Preload"
77.33.202.80 - - [07/Mar/2025:03:34:42 +0100] "POST /wp-admin/admin-ajax.php" 200 634 "https://danmedica.dk/wp-admin/post.php?post=77&action=elementor&active-document=7562" "Mozilla/5.0 (Windows NT 10.0; Win64; x64) AppleWebKit/537.36 (KHTML, like Gecko) Chrome/126.0.0.0 Safari/537.36"
77.33.202.80 - - [07/Mar/2025:03:34:43 +0100] "POST /wp-admin/admin-ajax.php" 200 154 "https://danmedica.dk/wp-admin/post.php?post=77&action=elementor&active-document=7562" "Mozilla/5.0 (Windows NT 10.0; Win64; x64) AppleWebKit/537.36 (KHTML, like Gecko) Chrome/126.0.0.0 Safari/537.36"
93.191.156.213 - - [07/Mar/2025:03:34:43 +0100] "GET /alle-produkter/" 200 48586 "" "WP Rocket/Preload Mozilla/5.0 (iPhone; CPU iPhone OS 9_1 like Mac OS X) AppleWebKit/601.1.46 (KHTML, like Gecko) Version/9.0 Mobile/13B143 Safari/601.1"
93.191.156.213 - - [07/Mar/2025:03:34:43 +0100] "GET /wp-json/jetpack/v4/sync/spawn-sync?time=1741314881&request_lock_id=1741314881.0544" 200 37 "" "WordPress/6.7.2; https://danmedica.dk"
93.191.156.213 - - [07/Mar/2025:03:34:44 +0100] "GET /global-styles/" 200 40161 "" "WP Rocket/Preload"
93.191.156.213 - - [07/Mar/2025:03:34:45 +0100] "GET /global-styles/" 200 40165 "" "WP Rocket/Preload Mozilla/5.0 (iPhone; CPU iPhone OS 9_1 like Mac OS X) AppleWebKit/601.1.46 (KHTML, like Gecko) Version/9.0 Mobile/13B143 Safari/601.1"
77.33.202.80 - - [07/Mar/2025:03:34:46 +0100] "GET /" 200 79508 "" "Mozilla/5.0 (Windows NT 10.0; Win64; x64) AppleWebKit/537.36 (KHTML, like Gecko) Chrome/126.0.0.0 Safari/537.36"
93.191.156.213 - - [07/Mar/2025:03:34:47 +0100] "GET /author/hasse/" 200 61087 "" "WP Rocket/Preload"
93.191.156.213 - - [07/Mar/2025:03:34:48 +0100] "GET /author/hasse/" 200 61091 "" "WP Rocket/Preload Mozilla/5.0 (iPhone; CPU iPhone OS 9_1 like Mac OS X) AppleWebKit/601.1.46 (KHTML, like Gecko) Version/9.0 Mobile/13B143 Safari/601.1"
93.191.156.213 - - [07/Mar/2025:03:34:50 +0100] "GET /" 200 48586 "" "WP Rocket/Preload"
77.33.202.80 - - [07/Mar/2025:03:34:51 +0100] "POST /wp-admin/admin-ajax.php" 503 849 "https://danmedica.dk/" "Mozilla/5.0 (Windows NT 10.0; Win64; x64) AppleWebKit/537.36 (KHTML, like Gecko) Chrome/126.0.0.0 Safari/537.36"
93.191.156.213 - - [07/Mar/2025:03:34:51 +0100] "GET /" 503 851 "" "WP Rocket/Preload Mozilla/5.0 (iPhone; CPU iPhone OS 9_1 like Mac OS X) AppleWebKit/601.1.46 (KHTML, like Gecko) Version/9.0 Mobile/13B143 Safari/601.1"
77.33.202.80 - - [07/Mar/2025:03:34:51 +0100] "POST /wp-admin/admin-ajax.php" 503 849 "https://danmedica.dk/" "Mozilla/5.0 (Windows NT 10.0; Win64; x64) AppleWebKit/537.36 (KHTML, like Gecko) Chrome/126.0.0.0 Safari/537.36"
77.33.202.80 - - [07/Mar/2025:03:34:52 +0100] "POST /wp-admin/admin-ajax.php" 503 849 "https://danmedica.dk/" "Mozilla/5.0 (Windows NT 10.0; Win64; x64) AppleWebKit/537.36 (KHTML, like Gecko) Chrome/126.0.0.0 Safari/537.36"
77.33.202.80 - - [07/Mar/2025:03:34:52 +0100] "POST /wp-admin/admin-ajax.php" 503 849 "https://danmedica.dk/" "Mozilla/5.0 (Windows NT 10.0; Win64; x64) AppleWebKit/537.36 (KHTML, like Gecko) Chrome/126.0.0.0 Safari/537.36"
77.33.202.80 - - [07/Mar/2025:03:34:52 +0100] "POST /wp-admin/admin-ajax.php" 503 849 "https://danmedica.dk/" "Mozilla/5.0 (Windows NT 10.0; Win64; x64) AppleWebKit/537.36 (KHTML, like Gecko) Chrome/126.0.0.0 Safari/537.36"
77.33.202.80 - - [07/Mar/2025:03:34:52 +0100] "POST /wp-admin/admin-ajax.php" 503 849 "https://danmedica.dk/" "Mozilla/5.0 (Windows NT 10.0; Win64; x64) AppleWebKit/537.36 (KHTML, like Gecko) Chrome/126.0.0.0 Safari/537.36"
77.33.202.80 - - [07/Mar/2025:03:34:52 +0100] "POST /wp-admin/admin-ajax.php" 503 849 "https://danmedica.dk/" "Mozilla/5.0 (Windows NT 10.0; Win64; x64) AppleWebKit/537.36 (KHTML, like Gecko) Chrome/126.0.0.0 Safari/537.36"
77.33.202.80 - - [07/Mar/2025:03:34:53 +0100] "POST /wp-admin/admin-ajax.php" 200 98 "https://danmedica.dk/" "Mozilla/5.0 (Windows NT 10.0; Win64; x64) AppleWebKit/537.36 (KHTML, like Gecko) Chrome/126.0.0.0 Safari/537.36"
77.33.202.80 - - [07/Mar/2025:03:34:53 +0100] "POST /wp-admin/admin-ajax.php" 200 108 "https://danmedica.dk/" "Mozilla/5.0 (Windows NT 10.0; Win64; x64) AppleWebKit/537.36 (KHTML, like Gecko) Chrome/126.0.0.0 Safari/537.36"
77.33.202.80 - - [07/Mar/2025:03:34:53 +0100] "POST /wp-admin/admin-ajax.php" 200 98 "https://danmedica.dk/" "Mozilla/5.0 (Windows NT 10.0; Win64; x64) AppleWebKit/537.36 (KHTML, like Gecko) Chrome/126.0.0.0 Safari/537.36"
77.33.202.80 - - [07/Mar/2025:03:34:53 +0100] "POST /wp-admin/admin-ajax.php" 200 108 "https://danmedica.dk/" "Mozilla/5.0 (Windows NT 10.0; Win64; x64) AppleWebKit/537.36 (KHTML, like Gecko) Chrome/126.0.0.0 Safari/537.36"
77.33.202.80 - - [07/Mar/2025:03:34:53 +0100] "POST /wp-admin/admin-ajax.php" 200 98 "https://danmedica.dk/" "Mozilla/5.0 (Windows NT 10.0; Win64; x64) AppleWebKit/537.36 (KHTML, like Gecko) Chrome/126.0.0.0 Safari/537.36"
77.33.202.80 - - [07/Mar/2025:03:34:53 +0100] "POST /wp-admin/admin-ajax.php" 200 98 "https://danmedica.dk/" "Mozilla/5.0 (Windows NT 10.0; Win64; x64) AppleWebKit/537.36 (KHTML, like Gecko) Chrome/126.0.0.0 Safari/537.36"
77.33.202.80 - - [07/Mar/2025:03:34:53 +0100] "POST /?wc-ajax=get_refreshed_fragments" 200 1070 "https://danmedica.dk/" "Mozilla/5.0 (Windows NT 10.0; Win64; x64) AppleWebKit/537.36 (KHTML, like Gecko) Chrome/126.0.0.0 Safari/537.36"
77.33.202.80 - - [07/Mar/2025:03:34:53 +0100] "POST /wp-admin/admin-ajax.php" 200 106 "https://danmedica.dk/" "Mozilla/5.0 (Windows NT 10.0; Win64; x64) AppleWebKit/537.36 (KHTML, like Gecko) Chrome/126.0.0.0 Safari/537.36"
77.33.202.80 - - [07/Mar/2025:03:34:55 +0100] "POST /?wc-ajax=get_refreshed_fragments" 200 1070 "https://danmedica.dk/?elementor-preview=77&ver=1741314768" "Mozilla/5.0 (Windows NT 10.0; Win64; x64) AppleWebKit/537.36 (KHTML, like Gecko) Chrome/126.0.0.0 Safari/537.36"
77.33.202.80 - - [07/Mar/2025:03:34:55 +0100] "POST /wp-admin/admin-ajax.php" 200 644 "https://danmedica.dk/" "Mozilla/5.0 (Windows NT 10.0; Win64; x64) AppleWebKit/537.36 (KHTML, like Gecko) Chrome/126.0.0.0 Safari/537.36"
93.191.156.213 - - [07/Mar/2025:03:34:55 +0100] "POST /wp-cron.php?doing_wp_cron=1741314895.7743110656738281250000" 200 0 "" "7V51jIhCEV3y"
77.33.202.80 - - [07/Mar/2025:03:34:56 +0100] "POST /wp-admin/admin-ajax.php" 200 644 "https://danmedica.dk/?elementor-preview=77&ver=1741314768" "Mozilla/5.0 (Windows NT 10.0; Win64; x64) AppleWebKit/537.36 (KHTML, like Gecko) Chrome/126.0.0.0 Safari/537.36"
77.33.202.80 - - [07/Mar/2025:03:34:56 +0100] "POST /wp-admin/admin-ajax.php" 200 644 "https://danmedica.dk/?elementor-preview=77&ver=1741314768" "Mozilla/5.0 (Windows NT 10.0; Win64; x64) AppleWebKit/537.36 (KHTML, like Gecko) Chrome/126.0.0.0 Safari/537.36"
77.33.202.80 - - [07/Mar/2025:03:35:00 +0100] "GET /bevaegelse/korestole/el-korestole/" 200 94156 "https://danmedica.dk/" "Mozilla/5.0 (Windows NT 10.0; Win64; x64) AppleWebKit/537.36 (KHTML, like Gecko) Chrome/126.0.0.0 Safari/537.36"
77.33.202.80 - - [07/Mar/2025:03:35:03 +0100] "POST /wp-admin/admin-ajax.php" 200 46 "https://danmedica.dk/wp-admin/post.php?post=77&action=elementor&active-document=7562" "Mozilla/5.0 (Windows NT 10.0; Win64; x64) AppleWebKit/537.36 (KHTML, like Gecko) Chrome/126.0.0.0 Safari/537.36"
77.33.202.80 - - [07/Mar/2025:03:35:10 +0100] "POST /wp-admin/admin-ajax.php" 200 869 "https://danmedica.dk/wp-admin/post.php?post=77&action=elementor&active-document=7562" "Mozilla/5.0 (Windows NT 10.0; Win64; x64) AppleWebKit/537.36 (KHTML, like Gecko) Chrome/126.0.0.0 Safari/537.36"
77.33.202.80 - - [07/Mar/2025:03:35:13 +0100] "POST /wp-json/rankmath/v1/updateMeta?_locale=user" 400 120 "https://danmedica.dk/wp-admin/post.php?post=77&action=elementor&active-document=7562" "Mozilla/5.0 (Windows NT 10.0; Win64; x64) AppleWebKit/537.36 (KHTML, like Gecko) Chrome/126.0.0.0 Safari/537.36"
77.33.202.80 - - [07/Mar/2025:03:35:16 +0100] "POST /wp-admin/admin-ajax.php" 200 635 "https://danmedica.dk/wp-admin/post.php?post=77&action=elementor&active-document=7562" "Mozilla/5.0 (Windows NT 10.0; Win64; x64) AppleWebKit/537.36 (KHTML, like Gecko) Chrome/126.0.0.0 Safari/537.36"
77.33.202.80 - - [07/Mar/2025:03:35:17 +0100] "POST /wp-admin/admin-ajax.php" 200 154 "https://danmedica.dk/wp-admin/post.php?post=77&action=elementor&active-document=7562" "Mozilla/5.0 (Windows NT 10.0; Win64; x64) AppleWebKit/537.36 (KHTML, like Gecko) Chrome/126.0.0.0 Safari/537.36"
93.191.156.213 - - [07/Mar/2025:03:35:17 +0100] "GET /wp-json/jetpack/v4/sync/spawn-sync?time=1741314915&request_lock_id=1741314915.4887" 200 37 "" "WordPress/6.7.2; https://danmedica.dk"
77.33.202.80 - - [07/Mar/2025:03:35:17 +0100] "POST /?wc-ajax=get_refreshed_fragments" 200 1070 "https://danmedica.dk/" "Mozilla/5.0 (Windows NT 10.0; Win64; x64) AppleWebKit/537.36 (KHTML, like Gecko) Chrome/126.0.0.0 Safari/537.36"
77.33.202.80 - - [07/Mar/2025:03:35:17 +0100] "POST /?wc-ajax=get_refreshed_fragments" 200 1070 "https://danmedica.dk/?elementor-preview=77&ver=1741314768" "Mozilla/5.0 (Windows NT 10.0; Win64; x64) AppleWebKit/537.36 (KHTML, like Gecko) Chrome/126.0.0.0 Safari/537.36"
77.33.202.80 - - [07/Mar/2025:03:35:17 +0100] "POST /wp-admin/admin-ajax.php" 200 644 "https://danmedica.dk/" "Mozilla/5.0 (Windows NT 10.0; Win64; x64) AppleWebKit/537.36 (KHTML, like Gecko) Chrome/126.0.0.0 Safari/537.36"
77.33.202.80 - - [07/Mar/2025:03:35:18 +0100] "POST /wp-admin/admin-ajax.php" 200 644 "https://danmedica.dk/?elementor-preview=77&ver=1741314768" "Mozilla/5.0 (Windows NT 10.0; Win64; x64) AppleWebKit/537.36 (KHTML, like Gecko) Chrome/126.0.0.0 Safari/537.36"
77.33.202.80 - - [07/Mar/2025:03:35:18 +0100] "POST /wp-admin/admin-ajax.php" 200 644 "https://danmedica.dk/?elementor-preview=77&ver=1741314768" "Mozilla/5.0 (Windows NT 10.0; Win64; x64) AppleWebKit/537.36 (KHTML, like Gecko) Chrome/126.0.0.0 Safari/537.36"
77.33.202.80 - - [07/Mar/2025:03:35:20 +0100] "POST /wp-admin/admin-ajax.php" 200 96 "https://danmedica.dk/wp-admin/post.php?post=77&action=elementor&active-document=7562" "Mozilla/5.0 (Windows NT 10.0; Win64; x64) AppleWebKit/537.36 (KHTML, like Gecko) Chrome/126.0.0.0 Safari/537.36"
77.33.202.80 - - [07/Mar/2025:03:35:29 +0100] "POST /wp-json/rankmath/v1/updateMeta?_locale=user" 400 120 "https://danmedica.dk/wp-admin/post.php?post=77&action=elementor&active-document=7562" "Mozilla/5.0 (Windows NT 10.0; Win64; x64) AppleWebKit/537.36 (KHTML, like Gecko) Chrome/126.0.0.0 Safari/537.36"
77.33.202.80 - - [07/Mar/2025:03:35:32 +0100] "POST /wp-admin/admin-ajax.php" 200 634 "https://danmedica.dk/wp-admin/post.php?post=77&action=elementor&active-document=7562" "Mozilla/5.0 (Windows NT 10.0; Win64; x64) AppleWebKit/537.36 (KHTML, like Gecko) Chrome/126.0.0.0 Safari/537.36"
77.33.202.80 - - [07/Mar/2025:03:35:33 +0100] "POST /wp-admin/admin-ajax.php" 200 154 "https://danmedica.dk/wp-admin/post.php?post=77&action=elementor&active-document=7562" "Mozilla/5.0 (Windows NT 10.0; Win64; x64) AppleWebKit/537.36 (KHTML, like Gecko) Chrome/126.0.0.0 Safari/537.36"
77.33.202.80 - - [07/Mar/2025:03:35:33 +0100] "POST /?wc-ajax=get_refreshed_fragments" 200 1070 "https://danmedica.dk/" "Mozilla/5.0 (Windows NT 10.0; Win64; x64) AppleWebKit/537.36 (KHTML, like Gecko) Chrome/126.0.0.0 Safari/537.36"
93.191.156.213 - - [07/Mar/2025:03:35:34 +0100] "GET /wp-json/jetpack/v4/sync/spawn-sync?time=1741314931&request_lock_id=1741314931.4374" 200 37 "" "WordPress/6.7.2; https://danmedica.dk"
93.191.156.213 - - [07/Mar/2025:03:35:34 +0100] "POST /wp-cron.php?doing_wp_cron=1741314934.0473699569702148437500" 200 0 "" "io4Nk9KOpIA2"
77.33.202.80 - - [07/Mar/2025:03:35:34 +0100] "POST /wp-admin/admin-ajax.php" 200 644 "https://danmedica.dk/?elementor-preview=77&ver=1741314768" "Mozilla/5.0 (Windows NT 10.0; Win64; x64) AppleWebKit/537.36 (KHTML, like Gecko) Chrome/126.0.0.0 Safari/537.36"
77.33.202.80 - - [07/Mar/2025:03:35:34 +0100] "POST /wp-admin/admin-ajax.php" 200 644 "https://danmedica.dk/?elementor-preview=77&ver=1741314768" "Mozilla/5.0 (Windows NT 10.0; Win64; x64) AppleWebKit/537.36 (KHTML, like Gecko) Chrome/126.0.0.0 Safari/537.36"
77.33.202.80 - - [07/Mar/2025:03:35:34 +0100] "POST /?wc-ajax=get_refreshed_fragments" 200 1070 "https://danmedica.dk/?elementor-preview=77&ver=1741314768" "Mozilla/5.0 (Windows NT 10.0; Win64; x64) AppleWebKit/537.36 (KHTML, like Gecko) Chrome/126.0.0.0 Safari/537.36"
77.33.202.80 - - [07/Mar/2025:03:35:34 +0100] "POST /wp-admin/admin-ajax.php" 200 644 "https://danmedica.dk/" "Mozilla/5.0 (Windows NT 10.0; Win64; x64) AppleWebKit/537.36 (KHTML, like Gecko) Chrome/126.0.0.0 Safari/537.36"
93.191.156.213 - - [07/Mar/2025:03:35:36 +0100] "GET /author/hasse/" 200 53805 "" "WP Rocket/Preload"
77.33.202.80 - - [07/Mar/2025:03:35:36 +0100] "GET /" 200 77964 "" "Mozilla/5.0 (Windows NT 10.0; Win64; x64) AppleWebKit/537.36 (KHTML, like Gecko) Chrome/126.0.0.0 Safari/537.36"
93.191.156.213 - - [07/Mar/2025:03:35:37 +0100] "GET /author/hasse/" 200 61127 "" "WP Rocket/Preload Mozilla/5.0 (iPhone; CPU iPhone OS 9_1 like Mac OS X) AppleWebKit/601.1.46 (KHTML, like Gecko) Version/9.0 Mobile/13B143 Safari/601.1"
93.191.156.213 - - [07/Mar/2025:03:35:38 +0100] "GET /" 200 76806 "" "WP Rocket/Preload"
93.191.156.213 - - [07/Mar/2025:03:35:40 +0100] "GET /" 200 76809 "" "WP Rocket/Preload Mozilla/5.0 (iPhone; CPU iPhone OS 9_1 like Mac OS X) AppleWebKit/601.1.46 (KHTML, like Gecko) Version/9.0 Mobile/13B143 Safari/601.1"
93.191.156.213 - - [07/Mar/2025:03:35:55 +0100] "POST /wp-cron.php?doing_wp_cron=1741314955.7161068916320800781250" 200 0 "" "ieT3RWl3IZWt"
77.33.202.80 - - [07/Mar/2025:03:35:56 +0100] "POST /wp-json/rankmath/v1/updateMeta?_locale=user" 400 120 "https://danmedica.dk/wp-admin/post.php?post=77&action=elementor&active-document=7562" "Mozilla/5.0 (Windows NT 10.0; Win64; x64) AppleWebKit/537.36 (KHTML, like Gecko) Chrome/126.0.0.0 Safari/537.36"
77.33.202.80 - - [07/Mar/2025:03:35:59 +0100] "POST /wp-admin/admin-ajax.php" 503 849 "https://danmedica.dk/" "Mozilla/5.0 (Windows NT 10.0; Win64; x64) AppleWebKit/537.36 (KHTML, like Gecko) Chrome/126.0.0.0 Safari/537.36"
77.33.202.80 - - [07/Mar/2025:03:35:59 +0100] "POST /wp-admin/admin-ajax.php" 503 849 "https://danmedica.dk/" "Mozilla/5.0 (Windows NT 10.0; Win64; x64) AppleWebKit/537.36 (KHTML, like Gecko) Chrome/126.0.0.0 Safari/537.36"
77.33.202.80 - - [07/Mar/2025:03:35:59 +0100] "POST /wp-admin/admin-ajax.php" 503 849 "https://danmedica.dk/" "Mozilla/5.0 (Windows NT 10.0; Win64; x64) AppleWebKit/537.36 (KHTML, like Gecko) Chrome/126.0.0.0 Safari/537.36"
77.33.202.80 - - [07/Mar/2025:03:36:00 +0100] "POST /wp-admin/admin-ajax.php" 503 849 "https://danmedica.dk/" "Mozilla/5.0 (Windows NT 10.0; Win64; x64) AppleWebKit/537.36 (KHTML, like Gecko) Chrome/126.0.0.0 Safari/537.36"
77.33.202.80 - - [07/Mar/2025:03:36:00 +0100] "POST /wp-admin/admin-ajax.php" 503 849 "https://danmedica.dk/" "Mozilla/5.0 (Windows NT 10.0; Win64; x64) AppleWebKit/537.36 (KHTML, like Gecko) Chrome/126.0.0.0 Safari/537.36"
77.33.202.80 - - [07/Mar/2025:03:36:00 +0100] "POST /wp-admin/admin-ajax.php" 503 849 "https://danmedica.dk/" "Mozilla/5.0 (Windows NT 10.0; Win64; x64) AppleWebKit/537.36 (KHTML, like Gecko) Chrome/126.0.0.0 Safari/537.36"
77.33.202.80 - - [07/Mar/2025:03:36:00 +0100] "POST /wp-admin/admin-ajax.php" 503 849 "https://danmedica.dk/" "Mozilla/5.0 (Windows NT 10.0; Win64; x64) AppleWebKit/537.36 (KHTML, like Gecko) Chrome/126.0.0.0 Safari/537.36"
93.191.156.213 - - [07/Mar/2025:03:36:00 +0100] "POST /wp-admin/admin-ajax.php?action=as_async_request_queue_runner&nonce=3b9e107b1b" 503 851 "" "zLfZwLwzl9ec"
77.33.202.80 - - [07/Mar/2025:03:36:01 +0100] "POST /wp-admin/admin-ajax.php" 200 106 "https://danmedica.dk/" "Mozilla/5.0 (Windows NT 10.0; Win64; x64) AppleWebKit/537.36 (KHTML, like Gecko) Chrome/126.0.0.0 Safari/537.36"
77.33.202.80 - - [07/Mar/2025:03:36:01 +0100] "POST /wp-admin/admin-ajax.php" 200 108 "https://danmedica.dk/" "Mozilla/5.0 (Windows NT 10.0; Win64; x64) AppleWebKit/537.36 (KHTML, like Gecko) Chrome/126.0.0.0 Safari/537.36"
77.33.202.80 - - [07/Mar/2025:03:36:01 +0100] "POST /wp-admin/admin-ajax.php" 200 108 "https://danmedica.dk/" "Mozilla/5.0 (Windows NT 10.0; Win64; x64) AppleWebKit/537.36 (KHTML, like Gecko) Chrome/126.0.0.0 Safari/537.36"
77.33.202.80 - - [07/Mar/2025:03:36:01 +0100] "POST /wp-admin/admin-ajax.php" 200 98 "https://danmedica.dk/" "Mozilla/5.0 (Windows NT 10.0; Win64; x64) AppleWebKit/537.36 (KHTML, like Gecko) Chrome/126.0.0.0 Safari/537.36"
77.33.202.80 - - [07/Mar/2025:03:36:01 +0100] "POST /wp-admin/admin-ajax.php" 200 635 "https://danmedica.dk/wp-admin/post.php?post=77&action=elementor&active-document=7562" "Mozilla/5.0 (Windows NT 10.0; Win64; x64) AppleWebKit/537.36 (KHTML, like Gecko) Chrome/126.0.0.0 Safari/537.36"
77.33.202.80 - - [07/Mar/2025:03:36:01 +0100] "POST /wp-admin/admin-ajax.php" 200 97 "https://danmedica.dk/" "Mozilla/5.0 (Windows NT 10.0; Win64; x64) AppleWebKit/537.36 (KHTML, like Gecko) Chrome/126.0.0.0 Safari/537.36"
77.33.202.80 - - [07/Mar/2025:03:36:01 +0100] "POST /wp-admin/admin-ajax.php" 200 98 "https://danmedica.dk/" "Mozilla/5.0 (Windows NT 10.0; Win64; x64) AppleWebKit/537.36 (KHTML, like Gecko) Chrome/126.0.0.0 Safari/537.36"
77.33.202.80 - - [07/Mar/2025:03:36:01 +0100] "POST /wp-admin/admin-ajax.php" 200 98 "https://danmedica.dk/" "Mozilla/5.0 (Windows NT 10.0; Win64; x64) AppleWebKit/537.36 (KHTML, like Gecko) Chrome/126.0.0.0 Safari/537.36"
77.33.202.80 - - [07/Mar/2025:03:36:03 +0100] "POST /?wc-ajax=get_refreshed_fragments" 200 1070 "https://danmedica.dk/" "Mozilla/5.0 (Windows NT 10.0; Win64; x64) AppleWebKit/537.36 (KHTML, like Gecko) Chrome/126.0.0.0 Safari/537.36"
77.33.202.80 - - [07/Mar/2025:03:36:03 +0100] "POST /wp-admin/admin-ajax.php" 200 46 "https://danmedica.dk/wp-admin/post.php?post=77&action=elementor&active-document=7562" "Mozilla/5.0 (Windows NT 10.0; Win64; x64) AppleWebKit/537.36 (KHTML, like Gecko) Chrome/126.0.0.0 Safari/537.36"
77.33.202.80 - - [07/Mar/2025:03:36:03 +0100] "POST /wp-admin/admin-ajax.php" 200 154 "https://danmedica.dk/wp-admin/post.php?post=77&action=elementor&active-document=7562" "Mozilla/5.0 (Windows NT 10.0; Win64; x64) AppleWebKit/537.36 (KHTML, like Gecko) Chrome/126.0.0.0 Safari/537.36"
77.33.202.80 - - [07/Mar/2025:03:36:04 +0100] "POST /wp-admin/admin-ajax.php" 200 644 "https://danmedica.dk/" "Mozilla/5.0 (Windows NT 10.0; Win64; x64) AppleWebKit/537.36 (KHTML, like Gecko) Chrome/126.0.0.0 Safari/537.36"
77.33.202.80 - - [07/Mar/2025:03:36:04 +0100] "POST /?wc-ajax=get_refreshed_fragments" 200 1070 "https://danmedica.dk/?elementor-preview=77&ver=1741314768" "Mozilla/5.0 (Windows NT 10.0; Win64; x64) AppleWebKit/537.36 (KHTML, like Gecko) Chrome/126.0.0.0 Safari/537.36"
93.191.156.213 - - [07/Mar/2025:03:36:05 +0100] "GET /wp-json/jetpack/v4/sync/spawn-sync?time=1741314960&request_lock_id=1741314960.3244" 200 37 "" "WordPress/6.7.2; https://danmedica.dk"
77.33.202.80 - - [07/Mar/2025:03:36:05 +0100] "POST /wp-admin/admin-ajax.php" 200 644 "https://danmedica.dk/?elementor-preview=77&ver=1741314768" "Mozilla/5.0 (Windows NT 10.0; Win64; x64) AppleWebKit/537.36 (KHTML, like Gecko) Chrome/126.0.0.0 Safari/537.36"
77.33.202.80 - - [07/Mar/2025:03:36:05 +0100] "POST /wp-admin/admin-ajax.php" 200 644 "https://danmedica.dk/?elementor-preview=77&ver=1741314768" "Mozilla/5.0 (Windows NT 10.0; Win64; x64) AppleWebKit/537.36 (KHTML, like Gecko) Chrome/126.0.0.0 Safari/537.36"
93.191.156.213 - - [07/Mar/2025:03:36:22 +0100] "POST /wp-cron.php?doing_wp_cron=1741314982.1945419311523437500000" 200 0 "" "EJmUIVMZ5mpI"
77.33.202.80 - - [07/Mar/2025:03:36:22 +0100] "POST /wp-admin/admin-ajax.php" 200 869 "https://danmedica.dk/wp-admin/post.php?post=77&action=elementor&active-document=7562" "Mozilla/5.0 (Windows NT 10.0; Win64; x64) AppleWebKit/537.36 (KHTML, like Gecko) Chrome/126.0.0.0 Safari/537.36"
93.191.156.213 - - [07/Mar/2025:03:36:53 +0100] "POST /wp-cron.php?doing_wp_cron=1741315013.4171760082244873046875" 200 0 "" "l0ndp9MaFnAK"
54.36.148.137 - - [07/Mar/2025:03:36:54 +0100] "GET /bevaegelse/korestole/el-korestole/elba-el-koerestol-med-store-hjul-og-letvaegt-25-kg-2/?add-to-cart=1901" 200 96886 "" "Mozilla/5.0 (compatible; AhrefsBot/7.0; +http://ahrefs.com/robot/)"
93.191.156.213 - - [07/Mar/2025:03:36:55 +0100] "GET /author/hasse/" 200 61126 "" "WP Rocket/Preload"
93.191.156.213 - - [07/Mar/2025:03:36:56 +0100] "GET /author/hasse/" 200 61129 "" "WP Rocket/Preload Mozilla/5.0 (iPhone; CPU iPhone OS 9_1 like Mac OS X) AppleWebKit/601.1.46 (KHTML, like Gecko) Version/9.0 Mobile/13B143 Safari/601.1"
93.191.156.213 - - [07/Mar/2025:03:36:58 +0100] "GET /" 200 48586 "" "WP Rocket/Preload"
93.191.156.213 - - [07/Mar/2025:03:36:59 +0100] "GET /" 200 48586 "" "WP Rocket/Preload Mozilla/5.0 (iPhone; CPU iPhone OS 9_1 like Mac OS X) AppleWebKit/601.1.46 (KHTML, like Gecko) Version/9.0 Mobile/13B143 Safari/601.1"
77.33.202.80 - - [07/Mar/2025:03:37:04 +0100] "POST /wp-admin/admin-ajax.php" 200 46 "https://danmedica.dk/wp-admin/post.php?post=77&action=elementor&active-document=7562" "Mozilla/5.0 (Windows NT 10.0; Win64; x64) AppleWebKit/537.36 (KHTML, like Gecko) Chrome/126.0.0.0 Safari/537.36"
93.191.156.213 - - [07/Mar/2025:03:37:04 +0100] "POST /wp-admin/admin-ajax.php?action=as_async_request_queue_runner&nonce=3b9e107b1b" 499 0 "" "1FXkHA95Dpxz"
206.189.232.91 - - [07/Mar/2025:03:37:09 +0100] "GET /" 200 76828 "http://danmedica.dk/" "Mozilla/5.0 (Macintosh; Intel Mac OS X 10_14_1) AppleWebKit/537.36 (KHTML, like Gecko) Chrome/70.0.3538.102 Safari/537.36"
206.189.232.91 - - [07/Mar/2025:03:37:10 +0100] "GET /" 200 76828 "http://danmedica.dk/" "Mozilla/5.0 (Macintosh; Intel Mac OS X 10_14_1) AppleWebKit/537.36 (KHTML, like Gecko) Chrome/70.0.3538.102 Safari/537.36"
77.33.202.80 - - [07/Mar/2025:03:37:12 +0100] "POST /wp-json/rankmath/v1/updateMeta?_locale=user" 400 120 "https://danmedica.dk/wp-admin/post.php?post=77&action=elementor&active-document=7562" "Mozilla/5.0 (Windows NT 10.0; Win64; x64) AppleWebKit/537.36 (KHTML, like Gecko) Chrome/126.0.0.0 Safari/537.36"
77.33.202.80 - - [07/Mar/2025:03:37:13 +0100] "POST /wp-admin/admin-ajax.php" 200 633 "https://danmedica.dk/wp-admin/post.php?post=77&action=elementor&active-document=7562" "Mozilla/5.0 (Windows NT 10.0; Win64; x64) AppleWebKit/537.36 (KHTML, like Gecko) Chrome/126.0.0.0 Safari/537.36"
77.33.202.80 - - [07/Mar/2025:03:37:14 +0100] "POST /?wc-ajax=get_refreshed_fragments" 200 1070 "https://danmedica.dk/" "Mozilla/5.0 (Windows NT 10.0; Win64; x64) AppleWebKit/537.36 (KHTML, like Gecko) Chrome/126.0.0.0 Safari/537.36"
77.33.202.80 - - [07/Mar/2025:03:37:15 +0100] "POST /wp-admin/admin-ajax.php" 200 644 "https://danmedica.dk/" "Mozilla/5.0 (Windows NT 10.0; Win64; x64) AppleWebKit/537.36 (KHTML, like Gecko) Chrome/126.0.0.0 Safari/537.36"
77.33.202.80 - - [07/Mar/2025:03:37:15 +0100] "POST /wp-admin/admin-ajax.php" 200 154 "https://danmedica.dk/wp-admin/post.php?post=77&action=elementor&active-document=7562" "Mozilla/5.0 (Windows NT 10.0; Win64; x64) AppleWebKit/537.36 (KHTML, like Gecko) Chrome/126.0.0.0 Safari/537.36"
93.191.156.213 - - [07/Mar/2025:03:37:15 +0100] "GET /wp-json/jetpack/v4/sync/spawn-sync?time=1741315032&request_lock_id=1741315032.8522" 200 37 "" "WordPress/6.7.2; https://danmedica.dk"
77.33.202.80 - - [07/Mar/2025:03:37:15 +0100] "POST /?wc-ajax=get_refreshed_fragments" 200 1070 "https://danmedica.dk/?elementor-preview=77&ver=1741314768" "Mozilla/5.0 (Windows NT 10.0; Win64; x64) AppleWebKit/537.36 (KHTML, like Gecko) Chrome/126.0.0.0 Safari/537.36"
77.33.202.80 - - [07/Mar/2025:03:37:16 +0100] "POST /wp-admin/admin-ajax.php" 200 644 "https://danmedica.dk/?elementor-preview=77&ver=1741314768" "Mozilla/5.0 (Windows NT 10.0; Win64; x64) AppleWebKit/537.36 (KHTML, like Gecko) Chrome/126.0.0.0 Safari/537.36"
77.33.202.80 - - [07/Mar/2025:03:37:16 +0100] "POST /wp-admin/admin-ajax.php" 200 644 "https://danmedica.dk/?elementor-preview=77&ver=1741314768" "Mozilla/5.0 (Windows NT 10.0; Win64; x64) AppleWebKit/537.36 (KHTML, like Gecko) Chrome/126.0.0.0 Safari/537.36"
77.33.202.80 - - [07/Mar/2025:03:37:20 +0100] "POST /wp-admin/admin-ajax.php" 200 96 "https://danmedica.dk/wp-admin/post.php?post=77&action=elementor&active-document=7562" "Mozilla/5.0 (Windows NT 10.0; Win64; x64) AppleWebKit/537.36 (KHTML, like Gecko) Chrome/126.0.0.0 Safari/537.36"
77.33.202.80 - - [07/Mar/2025:03:37:30 +0100] "GET /" 200 77999 "" "Mozilla/5.0 (Windows NT 10.0; Win64; x64) AppleWebKit/537.36 (KHTML, like Gecko) Chrome/126.0.0.0 Safari/537.36"
93.191.156.213 - - [07/Mar/2025:03:37:39 +0100] "POST /wp-cron.php?doing_wp_cron=1741315059.7830688953399658203125" 200 0 "" "bKTrhzP8bEAU"
77.33.202.80 - - [07/Mar/2025:03:37:40 +0100] "POST /wp-admin/admin-ajax.php" 200 869 "https://danmedica.dk/wp-admin/post.php?post=77&action=elementor&active-document=7562" "Mozilla/5.0 (Windows NT 10.0; Win64; x64) AppleWebKit/537.36 (KHTML, like Gecko) Chrome/126.0.0.0 Safari/537.36"
77.33.202.80 - - [07/Mar/2025:03:38:02 +0100] "POST /wp-admin/admin-ajax.php" 503 849 "https://danmedica.dk/" "Mozilla/5.0 (Windows NT 10.0; Win64; x64) AppleWebKit/537.36 (KHTML, like Gecko) Chrome/126.0.0.0 Safari/537.36"
77.33.202.80 - - [07/Mar/2025:03:38:07 +0100] "POST /wp-admin/admin-ajax.php" 503 849 "https://danmedica.dk/" "Mozilla/5.0 (Windows NT 10.0; Win64; x64) AppleWebKit/537.36 (KHTML, like Gecko) Chrome/126.0.0.0 Safari/537.36"
77.33.202.80 - - [07/Mar/2025:03:38:07 +0100] "POST /wp-admin/admin-ajax.php" 503 849 "https://danmedica.dk/" "Mozilla/5.0 (Windows NT 10.0; Win64; x64) AppleWebKit/537.36 (KHTML, like Gecko) Chrome/126.0.0.0 Safari/537.36"
77.33.202.80 - - [07/Mar/2025:03:38:07 +0100] "GET /" 503 849 "https://danmedica.dk/" "Mozilla/5.0 (Windows NT 10.0; Win64; x64) AppleWebKit/537.36 (KHTML, like Gecko) Chrome/126.0.0.0 Safari/537.36"
77.33.202.80 - - [07/Mar/2025:03:38:07 +0100] "POST /wp-admin/admin-ajax.php" 503 849 "https://danmedica.dk/" "Mozilla/5.0 (Windows NT 10.0; Win64; x64) AppleWebKit/537.36 (KHTML, like Gecko) Chrome/126.0.0.0 Safari/537.36"
93.191.156.213 - - [07/Mar/2025:03:38:21 +0100] "POST /wp-cron.php?doing_wp_cron=1741315101.5004599094390869140625" 200 0 "" "Q0fuu5v7IWpt"
77.33.202.80 - - [07/Mar/2025:03:38:21 +0100] "POST /wp-admin/admin-ajax.php" 503 849 "https://danmedica.dk/" "Mozilla/5.0 (Windows NT 10.0; Win64; x64) AppleWebKit/537.36 (KHTML, like Gecko) Chrome/126.0.0.0 Safari/537.36"
93.191.156.213 - - [07/Mar/2025:03:38:21 +0100] "POST /wp-cron.php?doing_wp_cron=1741315101.5003139972686767578125" 200 0 "" "b8sMPDwg2nBu"
93.191.156.213 - - [07/Mar/2025:03:38:21 +0100] "POST /wp-cron.php?doing_wp_cron=1741315101.5010778903961181640625" 200 0 "" "Siz7mcj4KWJk"
93.191.156.213 - - [07/Mar/2025:03:38:21 +0100] "POST /wp-cron.php?doing_wp_cron=1741315101.5009000301361083984375" 200 0 "" "wO25VHsTIS8T"
93.191.156.213 - - [07/Mar/2025:03:38:21 +0100] "POST /wp-cron.php?doing_wp_cron=1741315101.5007319450378417968750" 200 0 "" "tmhFacYDwePB"
77.33.202.80 - - [07/Mar/2025:03:38:22 +0100] "POST /wp-admin/admin-ajax.php" 200 98 "https://danmedica.dk/" "Mozilla/5.0 (Windows NT 10.0; Win64; x64) AppleWebKit/537.36 (KHTML, like Gecko) Chrome/126.0.0.0 Safari/537.36"
77.33.202.80 - - [07/Mar/2025:03:38:22 +0100] "POST /wp-admin/admin-ajax.php" 200 106 "https://danmedica.dk/" "Mozilla/5.0 (Windows NT 10.0; Win64; x64) AppleWebKit/537.36 (KHTML, like Gecko) Chrome/126.0.0.0 Safari/537.36"
77.33.202.80 - - [07/Mar/2025:03:38:22 +0100] "POST /wp-admin/admin-ajax.php" 200 98 "https://danmedica.dk/" "Mozilla/5.0 (Windows NT 10.0; Win64; x64) AppleWebKit/537.36 (KHTML, like Gecko) Chrome/126.0.0.0 Safari/537.36"
77.33.202.80 - - [07/Mar/2025:03:38:22 +0100] "POST /wp-admin/admin-ajax.php" 200 98 "https://danmedica.dk/" "Mozilla/5.0 (Windows NT 10.0; Win64; x64) AppleWebKit/537.36 (KHTML, like Gecko) Chrome/126.0.0.0 Safari/537.36"
77.33.202.80 - - [07/Mar/2025:03:38:22 +0100] "POST /wp-admin/admin-ajax.php" 200 106 "https://danmedica.dk/" "Mozilla/5.0 (Windows NT 10.0; Win64; x64) AppleWebKit/537.36 (KHTML, like Gecko) Chrome/126.0.0.0 Safari/537.36"
77.33.202.80 - - [07/Mar/2025:03:38:22 +0100] "POST /wp-admin/admin-ajax.php" 200 98 "https://danmedica.dk/" "Mozilla/5.0 (Windows NT 10.0; Win64; x64) AppleWebKit/537.36 (KHTML, like Gecko) Chrome/126.0.0.0 Safari/537.36"
77.33.202.80 - - [07/Mar/2025:03:38:22 +0100] "POST /wp-admin/admin-ajax.php" 200 98 "https://danmedica.dk/" "Mozilla/5.0 (Windows NT 10.0; Win64; x64) AppleWebKit/537.36 (KHTML, like Gecko) Chrome/126.0.0.0 Safari/537.36"
77.33.202.80 - - [07/Mar/2025:03:38:22 +0100] "POST /wp-admin/admin-ajax.php" 200 97 "https://danmedica.dk/" "Mozilla/5.0 (Windows NT 10.0; Win64; x64) AppleWebKit/537.36 (KHTML, like Gecko) Chrome/126.0.0.0 Safari/537.36"
77.33.202.80 - - [07/Mar/2025:03:38:22 +0100] "POST /wp-admin/admin-ajax.php" 200 98 "https://danmedica.dk/" "Mozilla/5.0 (Windows NT 10.0; Win64; x64) AppleWebKit/537.36 (KHTML, like Gecko) Chrome/126.0.0.0 Safari/537.36"
77.33.202.80 - - [07/Mar/2025:03:38:42 +0100] "POST /wp-admin/admin-ajax.php" 200 46 "https://danmedica.dk/wp-admin/post.php?post=77&action=elementor&active-document=7562" "Mozilla/5.0 (Windows NT 10.0; Win64; x64) AppleWebKit/537.36 (KHTML, like Gecko) Chrome/126.0.0.0 Safari/537.36"
93.191.156.213 - - [07/Mar/2025:03:38:43 +0100] "GET /sitemap_index.xml" 200 353 "" "WordPress/6.7.2; https://danmedica.dk"
93.191.156.213 - - [07/Mar/2025:03:38:47 +0100] "GET /author/hasse/" 200 61162 "" "WP Rocket/Preload"
93.191.156.213 - - [07/Mar/2025:03:38:49 +0100] "GET /author/hasse/" 200 61167 "" "WP Rocket/Preload Mozilla/5.0 (iPhone; CPU iPhone OS 9_1 like Mac OS X) AppleWebKit/601.1.46 (KHTML, like Gecko) Version/9.0 Mobile/13B143 Safari/601.1"
93.191.156.213 - - [07/Mar/2025:03:39:19 +0100] "POST /wp-cron.php?doing_wp_cron=1741315159.4551579952239990234375" 200 0 "" "jVdXFHTUqX6H"
77.33.202.80 - - [07/Mar/2025:03:39:20 +0100] "POST /wp-admin/admin-ajax.php" 200 96 "https://danmedica.dk/wp-admin/post.php?post=77&action=elementor&active-document=7562" "Mozilla/5.0 (Windows NT 10.0; Win64; x64) AppleWebKit/537.36 (KHTML, like Gecko) Chrome/126.0.0.0 Safari/537.36"
66.249.79.162 - - [07/Mar/2025:03:39:20 +0100] "GET /bevaegelse/elektrisk-personloftere/elektrisk-personlift-til-loeft-af-patienter-med-sejl-outlet-b/" 200 88059 "" "Mozilla/5.0 (compatible; Googlebot/2.1; +http://www.google.com/bot.html)"
93.191.156.213 - - [07/Mar/2025:03:39:45 +0100] "POST /wp-cron.php?doing_wp_cron=1741315185.4861900806427001953125" 200 0 "" "BZm7nkaapG83"
77.33.202.80 - - [07/Mar/2025:03:39:46 +0100] "POST /wp-admin/admin-ajax.php" 200 46 "https://danmedica.dk/wp-admin/post.php?post=77&action=elementor&active-document=7562" "Mozilla/5.0 (Windows NT 10.0; Win64; x64) AppleWebKit/537.36 (KHTML, like Gecko) Chrome/126.0.0.0 Safari/537.36"
93.191.156.213 - - [07/Mar/2025:03:39:46 +0100] "POST /wp-admin/admin-ajax.php?action=as_async_request_queue_runner&nonce=3b9e107b1b" 499 0 "" "BZm7nkaapG83"
93.191.156.213 - - [07/Mar/2025:03:39:47 +0100] "GET /" 200 48389 "" "WP Rocket/Preload"
93.191.156.213 - - [07/Mar/2025:03:39:49 +0100] "GET /" 200 48586 "" "WP Rocket/Preload Mozilla/5.0 (iPhone; CPU iPhone OS 9_1 like Mac OS X) AppleWebKit/601.1.46 (KHTML, like Gecko) Version/9.0 Mobile/13B143 Safari/601.1"
66.249.68.68 - - [07/Mar/2025:03:40:20 +0100] "GET /wp-content/uploads/2024/10/ENZO_PLEGAT-1.png" 200 73382 "" "Googlebot-Image/1.0"
93.191.156.213 - - [07/Mar/2025:03:41:21 +0100] "POST /wp-cron.php?doing_wp_cron=1741315281.2690908908843994140625" 200 0 "" "olC6bGXG7lGR"
77.33.202.80 - - [07/Mar/2025:03:41:22 +0100] "GET /" 200 79556 "" "Mozilla/5.0 (Windows NT 10.0; Win64; x64) AppleWebKit/537.36 (KHTML, like Gecko) Chrome/126.0.0.0 Safari/537.36"
77.33.202.80 - - [07/Mar/2025:03:41:29 +0100] "POST /?wc-ajax=get_refreshed_fragments" 200 1070 "https://danmedica.dk/" "Mozilla/5.0 (Windows NT 10.0; Win64; x64) AppleWebKit/537.36 (KHTML, like Gecko) Chrome/126.0.0.0 Safari/537.36"
77.33.202.80 - - [07/Mar/2025:03:41:29 +0100] "POST /wp-admin/admin-ajax.php" 200 108 "https://danmedica.dk/" "Mozilla/5.0 (Windows NT 10.0; Win64; x64) AppleWebKit/537.36 (KHTML, like Gecko) Chrome/126.0.0.0 Safari/537.36"
77.33.202.80 - - [07/Mar/2025:03:41:29 +0100] "POST /wp-admin/admin-ajax.php" 200 98 "https://danmedica.dk/" "Mozilla/5.0 (Windows NT 10.0; Win64; x64) AppleWebKit/537.36 (KHTML, like Gecko) Chrome/126.0.0.0 Safari/537.36"
77.33.202.80 - - [07/Mar/2025:03:41:29 +0100] "POST /wp-admin/admin-ajax.php" 200 98 "https://danmedica.dk/" "Mozilla/5.0 (Windows NT 10.0; Win64; x64) AppleWebKit/537.36 (KHTML, like Gecko) Chrome/126.0.0.0 Safari/537.36"
77.33.202.80 - - [07/Mar/2025:03:41:29 +0100] "POST /wp-admin/admin-ajax.php" 200 98 "https://danmedica.dk/" "Mozilla/5.0 (Windows NT 10.0; Win64; x64) AppleWebKit/537.36 (KHTML, like Gecko) Chrome/126.0.0.0 Safari/537.36"
77.33.202.80 - - [07/Mar/2025:03:41:29 +0100] "POST /wp-admin/admin-ajax.php" 200 98 "https://danmedica.dk/" "Mozilla/5.0 (Windows NT 10.0; Win64; x64) AppleWebKit/537.36 (KHTML, like Gecko) Chrome/126.0.0.0 Safari/537.36"
77.33.202.80 - - [07/Mar/2025:03:41:29 +0100] "POST /wp-admin/admin-ajax.php" 200 106 "https://danmedica.dk/" "Mozilla/5.0 (Windows NT 10.0; Win64; x64) AppleWebKit/537.36 (KHTML, like Gecko) Chrome/126.0.0.0 Safari/537.36"
77.33.202.80 - - [07/Mar/2025:03:41:29 +0100] "POST /wp-admin/admin-ajax.php" 200 106 "https://danmedica.dk/" "Mozilla/5.0 (Windows NT 10.0; Win64; x64) AppleWebKit/537.36 (KHTML, like Gecko) Chrome/126.0.0.0 Safari/537.36"
77.33.202.80 - - [07/Mar/2025:03:41:29 +0100] "POST /wp-admin/admin-ajax.php" 200 97 "https://danmedica.dk/" "Mozilla/5.0 (Windows NT 10.0; Win64; x64) AppleWebKit/537.36 (KHTML, like Gecko) Chrome/126.0.0.0 Safari/537.36"
77.33.202.80 - - [07/Mar/2025:03:41:29 +0100] "POST /wp-admin/admin-ajax.php" 200 98 "https://danmedica.dk/" "Mozilla/5.0 (Windows NT 10.0; Win64; x64) AppleWebKit/537.36 (KHTML, like Gecko) Chrome/126.0.0.0 Safari/537.36"
77.33.202.80 - - [07/Mar/2025:03:41:29 +0100] "POST /wp-admin/admin-ajax.php" 200 98 "https://danmedica.dk/" "Mozilla/5.0 (Windows NT 10.0; Win64; x64) AppleWebKit/537.36 (KHTML, like Gecko) Chrome/126.0.0.0 Safari/537.36"
77.33.202.80 - - [07/Mar/2025:03:41:29 +0100] "POST /wp-admin/admin-ajax.php" 200 106 "https://danmedica.dk/" "Mozilla/5.0 (Windows NT 10.0; Win64; x64) AppleWebKit/537.36 (KHTML, like Gecko) Chrome/126.0.0.0 Safari/537.36"
77.33.202.80 - - [07/Mar/2025:03:41:29 +0100] "POST /wp-admin/admin-ajax.php" 200 98 "https://danmedica.dk/" "Mozilla/5.0 (Windows NT 10.0; Win64; x64) AppleWebKit/537.36 (KHTML, like Gecko) Chrome/126.0.0.0 Safari/537.36"
77.33.202.80 - - [07/Mar/2025:03:41:29 +0100] "POST /wp-admin/admin-ajax.php" 200 108 "https://danmedica.dk/" "Mozilla/5.0 (Windows NT 10.0; Win64; x64) AppleWebKit/537.36 (KHTML, like Gecko) Chrome/126.0.0.0 Safari/537.36"
77.33.202.80 - - [07/Mar/2025:03:41:29 +0100] "POST /wp-admin/admin-ajax.php" 200 98 "https://danmedica.dk/" "Mozilla/5.0 (Windows NT 10.0; Win64; x64) AppleWebKit/537.36 (KHTML, like Gecko) Chrome/126.0.0.0 Safari/537.36"
77.33.202.80 - - [07/Mar/2025:03:41:30 +0100] "POST /wp-admin/admin-ajax.php" 200 644 "https://danmedica.dk/" "Mozilla/5.0 (Windows NT 10.0; Win64; x64) AppleWebKit/537.36 (KHTML, like Gecko) Chrome/126.0.0.0 Safari/537.36"
77.33.202.80 - - [07/Mar/2025:03:41:31 +0100] "GET /til-hjemmet/" 200 89173 "https://danmedica.dk/" "Mozilla/5.0 (Windows NT 10.0; Win64; x64) AppleWebKit/537.36 (KHTML, like Gecko) Chrome/126.0.0.0 Safari/537.36"
77.33.202.80 - - [07/Mar/2025:03:41:31 +0100] "GET /bevaegelse/til-trapper/stolelift-og-trappelift/" 200 78861 "https://danmedica.dk/" "Mozilla/5.0 (Windows NT 10.0; Win64; x64) AppleWebKit/537.36 (KHTML, like Gecko) Chrome/126.0.0.0 Safari/537.36"
98.84.110.134 - - [07/Mar/2025:03:42:57 +0100] "GET /" 200 76859 "" "Mozilla/5.0 (Windows NT 10.0; Win64; x64) AppleWebKit/537.36 (KHTML, like Gecko) Chrome/118.0.0.0 Safari/537.36"
98.84.110.134 - - [07/Mar/2025:03:42:57 +0100] "GET /" 200 76859 "" "Mozilla/5.0 (Windows NT 10.0; Win64; x64) AppleWebKit/537.36 (KHTML, like Gecko) Chrome/118.0.0.0 Safari/537.36"
98.84.110.134 - - [07/Mar/2025:03:42:58 +0100] "GET /wp-content/uploads/2024/02/fd2f170a-c9d4-4a39-b5d9-bfe25ba48ef9.png" 200 92297 "https://danmedica.dk/" "Mozilla/5.0 (Windows NT 10.0; Win64; x64) AppleWebKit/537.36 (KHTML, like Gecko) Chrome/118.0.0.0 Safari/537.36"
98.84.110.134 - - [07/Mar/2025:03:42:58 +0100] "GET /wp-content/uploads/2023/10/RO5-3-1024x928.jpg" 200 154429 "https://danmedica.dk/" "Mozilla/5.0 (Windows NT 10.0; Win64; x64) AppleWebKit/537.36 (KHTML, like Gecko) Chrome/118.0.0.0 Safari/537.36"
98.84.110.134 - - [07/Mar/2025:03:42:58 +0100] "GET /wp-content/uploads/2023/12/Elektrisk-koerestol-768x512.jpg" 200 34607 "https://danmedica.dk/" "Mozilla/5.0 (Windows NT 10.0; Win64; x64) AppleWebKit/537.36 (KHTML, like Gecko) Chrome/118.0.0.0 Safari/537.36"
98.84.110.134 - - [07/Mar/2025:03:42:58 +0100] "GET /wp-content/plugins/jet-woo-builder/assets/css/lib/jetwoobuilder-font/fonts/rating-star.woff" 200 1263 "https://danmedica.dk/" "Mozilla/5.0 (Windows NT 10.0; Win64; x64) AppleWebKit/537.36 (KHTML, like Gecko) Chrome/118.0.0.0 Safari/537.36"
98.84.110.134 - - [07/Mar/2025:03:42:58 +0100] "GET /wp-content/uploads/2024/05/lg-evacu-plus-el-ambientata.jpg" 200 57133 "https://danmedica.dk/" "Mozilla/5.0 (Windows NT 10.0; Win64; x64) AppleWebKit/537.36 (KHTML, like Gecko) Chrome/118.0.0.0 Safari/537.36"
98.84.110.134 - - [07/Mar/2025:03:42:58 +0100] "GET /wp-content/uploads/2024/02/4-Libercar-Aura-cuadrada.jpg" 200 133014 "https://danmedica.dk/" "Mozilla/5.0 (Windows NT 10.0; Win64; x64) AppleWebKit/537.36 (KHTML, like Gecko) Chrome/118.0.0.0 Safari/537.36"
98.84.110.134 - - [07/Mar/2025:03:42:58 +0100] "GET /wp-content/plugins/woocommerce/assets/fonts/WooCommerce.woff2" 200 6498 "https://danmedica.dk/" "Mozilla/5.0 (Windows NT 10.0; Win64; x64) AppleWebKit/537.36 (KHTML, like Gecko) Chrome/118.0.0.0 Safari/537.36"
93.191.156.213 - - [07/Mar/2025:03:42:58 +0100] "POST /wp-cron.php?doing_wp_cron=1741315378.6057970523834228515625" 200 0 "" "BGfeDzN6EpsQ"
98.84.110.134 - - [07/Mar/2025:03:42:58 +0100] "GET /wp-content/uploads/2023/12/El-koerestol-med-baggrund.jpg" 200 18181 "https://danmedica.dk/" "Mozilla/5.0 (Windows NT 10.0; Win64; x64) AppleWebKit/537.36 (KHTML, like Gecko) Chrome/118.0.0.0 Safari/537.36"
77.33.202.80 - - [07/Mar/2025:03:42:58 +0100] "GET /wp-admin/admin-ajax.php?action=imagify_get_admin_bar_profile&imagifygetadminbarprofilenonce=10b6aca103" 200 219 "https://danmedica.dk/" "Mozilla/5.0 (Windows NT 10.0; Win64; x64) AppleWebKit/537.36 (KHTML, like Gecko) Chrome/126.0.0.0 Safari/537.36"
