66.249.79.6 - - [07/Mar/2025:04:05:06 +0100] "GET /bevaegelse/rollatorer/elegant-vinroed-rollator-22271/" 200 88222 "" "Mozilla/5.0 (Linux; Android 6.0.1; Nexus 5X Build/MMB29P) AppleWebKit/537.36 (KHTML, like Gecko) Chrome/133.0.6943.53 Mobile Safari/537.36 (compatible; Googlebot/2.1; +http://www.google.com/bot.html)"
157.55.39.13 - - [07/Mar/2025:04:05:15 +0100] "GET /scootere/urban/" 200 93613 "" "Mozilla/5.0 AppleWebKit/537.36 (KHTML, like Gecko; compatible; bingbot/2.0; +http://www.bing.com/bingbot.htm) Chrome/116.0.1938.76 Safari/537.36"
213.180.203.196 - - [07/Mar/2025:04:08:03 +0100] "GET /bevaegelse/rollatorer/elegant-vinroed-rollator-22271/" 200 88082 "" "Mozilla/5.0 (compatible; YandexBot/3.0; +http://yandex.com/bots)"
207.46.13.92 - - [07/Mar/2025:04:09:01 +0100] "GET /wp-content/uploads/2024/12/Manual-Libercar-el-koerestole-dansk.pdf" 200 1564930 "" "Mozilla/5.0 AppleWebKit/537.36 (KHTML, like Gecko; compatible; bingbot/2.0; +http://www.bing.com/bingbot.htm) Chrome/116.0.1938.76 Safari/537.36"
66.249.68.36 - - [07/Mar/2025:04:09:05 +0100] "GET /bevaegelse/rollatorer/care-lux-luksus-rollator-med-extra-bredt-og-komfortabelt-saede/" 200 90608 "" "Mozilla/5.0 (Linux; Android 6.0.1; Nexus 5X Build/MMB29P) AppleWebKit/537.36 (KHTML, like Gecko) Chrome/133.0.6943.53 Mobile Safari/537.36 (compatible; Googlebot/2.1; +http://www.google.com/bot.html)"
207.46.13.92 - - [07/Mar/2025:04:10:30 +0100] "GET /wp-content/uploads/2024/02/2-300x300.jpg" 200 34926 "" "Mozilla/5.0 AppleWebKit/537.36 (KHTML, like Gecko; compatible; bingbot/2.0; +http://www.bing.com/bingbot.htm) Chrome/116.0.1938.76 Safari/537.36"
207.46.13.92 - - [07/Mar/2025:04:10:40 +0100] "GET /wp-content/uploads/2025/01/R32_1024x1024@2x-2.jpg" 200 42136 "" "Mozilla/5.0 AppleWebKit/537.36 (KHTML, like Gecko; compatible; bingbot/2.0; +http://www.bing.com/bingbot.htm) Chrome/116.0.1938.76 Safari/537.36"
93.191.156.213 - - [07/Mar/2025:04:11:11 +0100] "POST /wp-cron.php?doing_wp_cron=1741317070.9990260601043701171875" 200 0 "" "bMhuVn7lnxXG"
35.241.180.131 - - [07/Mar/2025:04:11:11 +0100] "GET /wp-json/wc/v3/settings/general?oauth_consumer_key=ck_767531e9aed8f4e4649535625a425845b1b83d5f&oauth_nonce=6d26139dbb3df4332e3f5e67cffeb92320a4a375&oauth_signature=rW7Pf3BwjGguAA9I%2BN6D2aHfIbo%3D&oauth_signature_method=HMAC-SHA1&oauth_timestamp=1741317068&oauth_token=&oauth_version=1.0" 200 28932 "" "IEX Integration/3.0"
93.191.156.213 - - [07/Mar/2025:04:11:12 +0100] "GET /product-tag/alt-terraen/" 200 89432 "" "WP Rocket/Preload"
35.241.180.131 - - [07/Mar/2025:04:11:12 +0100] "GET /wp-json/wc/v3/webhooks/4?oauth_consumer_key=ck_767531e9aed8f4e4649535625a425845b1b83d5f&oauth_nonce=38b21bfbd1da91952f3babf1543d99ae5c8acd15&oauth_signature=d6OtPAS%2BltrpnA85s%2FA2sBDE5a4%3D&oauth_signature_method=HMAC-SHA1&oauth_timestamp=1741317071&oauth_token=&oauth_version=1.0" 200 406 "" "IEX Integration/3.0"
35.241.180.131 - - [07/Mar/2025:04:11:12 +0100] "GET /wp-json/wc/v3/webhooks/3?oauth_consumer_key=ck_767531e9aed8f4e4649535625a425845b1b83d5f&oauth_nonce=869256036d6d19c44dcdd369a9c481c82a339301&oauth_signature=9Or6FTHGh%2FThXRg7iqcNSZeVpv4%3D&oauth_signature_method=HMAC-SHA1&oauth_timestamp=1741317072&oauth_token=&oauth_version=1.0" 200 423 "" "IEX Integration/3.0"
93.191.156.213 - - [07/Mar/2025:04:11:14 +0100] "GET /product-tag/alt-terraen/" 200 89451 "" "WP Rocket/Preload Mozilla/5.0 (iPhone; CPU iPhone OS 9_1 like Mac OS X) AppleWebKit/601.1.46 (KHTML, like Gecko) Version/9.0 Mobile/13B143 Safari/601.1"
93.191.156.213 - - [07/Mar/2025:04:11:15 +0100] "GET /product-tag/top-klasse/" 200 89398 "" "WP Rocket/Preload"
93.191.156.213 - - [07/Mar/2025:04:11:17 +0100] "GET /product-tag/top-klasse/" 200 89417 "" "WP Rocket/Preload Mozilla/5.0 (iPhone; CPU iPhone OS 9_1 like Mac OS X) AppleWebKit/601.1.46 (KHTML, like Gecko) Version/9.0 Mobile/13B143 Safari/601.1"
93.191.156.213 - - [07/Mar/2025:04:11:18 +0100] "GET /bevaegelse/handicap-scootere/letvaegt/bora-bora-sammenklappelig-el-scooter-16-kg-flygodkendt/" 200 93793 "" "WP Rocket/Preload"
93.191.156.213 - - [07/Mar/2025:04:11:20 +0100] "GET /bevaegelse/handicap-scootere/letvaegt/bora-bora-sammenklappelig-el-scooter-16-kg-flygodkendt/" 200 48586 "" "WP Rocket/Preload Mozilla/5.0 (iPhone; CPU iPhone OS 9_1 like Mac OS X) AppleWebKit/601.1.46 (KHTML, like Gecko) Version/9.0 Mobile/13B143 Safari/601.1"
93.191.156.213 - - [07/Mar/2025:04:11:21 +0100] "GET /bevaegelse/handicap-scootere/letvaegt/formentera-foldbar-el-scooter-21-kg/" 200 48586 "" "WP Rocket/Preload"
93.191.156.213 - - [07/Mar/2025:04:11:23 +0100] "GET /bevaegelse/handicap-scootere/letvaegt/formentera-foldbar-el-scooter-21-kg/" 200 93459 "" "WP Rocket/Preload Mozilla/5.0 (iPhone; CPU iPhone OS 9_1 like Mac OS X) AppleWebKit/601.1.46 (KHTML, like Gecko) Version/9.0 Mobile/13B143 Safari/601.1"
93.191.156.213 - - [07/Mar/2025:04:11:24 +0100] "GET /product-tag/21kg/" 200 89269 "" "WP Rocket/Preload"
93.191.156.213 - - [07/Mar/2025:04:11:25 +0100] "GET /product-tag/21kg/" 200 89288 "" "WP Rocket/Preload Mozilla/5.0 (iPhone; CPU iPhone OS 9_1 like Mac OS X) AppleWebKit/601.1.46 (KHTML, like Gecko) Version/9.0 Mobile/13B143 Safari/601.1"
93.191.156.213 - - [07/Mar/2025:04:11:27 +0100] "GET /bevaegelse/rollatorer/multifunktionel-rollator-med-bakke-22231/" 200 88287 "" "WP Rocket/Preload"
93.191.156.213 - - [07/Mar/2025:04:11:28 +0100] "GET /bevaegelse/rollatorer/multifunktionel-rollator-med-bakke-22231/" 200 88321 "" "WP Rocket/Preload Mozilla/5.0 (iPhone; CPU iPhone OS 9_1 like Mac OS X) AppleWebKit/601.1.46 (KHTML, like Gecko) Version/9.0 Mobile/13B143 Safari/601.1"
93.191.156.213 - - [07/Mar/2025:04:11:30 +0100] "GET /bevaegelse/rollatorer/store-hjul-knaerollator-22151/" 200 48586 "" "WP Rocket/Preload"
93.191.156.213 - - [07/Mar/2025:04:11:31 +0100] "GET /bevaegelse/rollatorer/store-hjul-knaerollator-22151/" 200 89121 "" "WP Rocket/Preload Mozilla/5.0 (iPhone; CPU iPhone OS 9_1 like Mac OS X) AppleWebKit/601.1.46 (KHTML, like Gecko) Version/9.0 Mobile/13B143 Safari/601.1"
93.191.156.213 - - [07/Mar/2025:04:11:33 +0100] "GET /bevaegelse/rollatorer/robust-off-road-rollator-2219/" 200 87981 "" "WP Rocket/Preload"
93.191.156.213 - - [07/Mar/2025:04:11:34 +0100] "GET /bevaegelse/rollatorer/robust-off-road-rollator-2219/" 200 88375 "" "WP Rocket/Preload Mozilla/5.0 (iPhone; CPU iPhone OS 9_1 like Mac OS X) AppleWebKit/601.1.46 (KHTML, like Gecko) Version/9.0 Mobile/13B143 Safari/601.1"
87.250.224.125 - - [07/Mar/2025:04:11:39 +0100] "GET /bevaegelse/rollatorer/care-lux-luksus-rollator-med-extra-bredt-og-komfortabelt-saede/" 200 90791 "" "Mozilla/5.0 (compatible; YandexBot/3.0; +http://yandex.com/bots)"
206.189.232.91 - - [07/Mar/2025:04:12:24 +0100] "GET /" 200 77089 "http://danmedica.dk/" "Mozilla/5.0 (Macintosh; Intel Mac OS X 10_14_1) AppleWebKit/537.36 (KHTML, like Gecko) Chrome/70.0.3538.102 Safari/537.36"
34.34.141.2 - - [07/Mar/2025:04:13:10 +0100] "GET /wp-json/wc/v3/orders?oauth_consumer_key=ck_767531e9aed8f4e4649535625a425845b1b83d5f&oauth_nonce=f3f6e032de339bda2696586f959c7706f183186c&oauth_signature=FD4oQoCSKc6DMmtvZgqt4ZHK42I%3D&oauth_signature_method=HMAC-SHA1&oauth_timestamp=1741317189&oauth_token=&oauth_version=1.0&dates_are_gmt=1&modified_after=2025-03-07%2003%3A02%3A51&per_page=100&page=1" 200 22 "" "IEX Integration/3.0"
93.191.156.213 - - [07/Mar/2025:04:13:10 +0100] "POST /wp-cron.php?doing_wp_cron=1741317190.2294819355010986328125" 200 0 "" "dC6E6rzde5xM"
34.34.141.2 - - [07/Mar/2025:04:13:11 +0100] "GET /wp-json/wc/v3/products/attributes?oauth_consumer_key=ck_767531e9aed8f4e4649535625a425845b1b83d5f&oauth_nonce=c28a8f018b3368cce3fcb78c9cd7ad498762193f&oauth_signature=9VUPlrQbn74GCckweGt6LQ1w1IM%3D&oauth_signature_method=HMAC-SHA1&oauth_timestamp=1741317190&oauth_token=&oauth_version=1.0" 200 7019 "" "IEX Integration/3.0"
93.191.156.213 - - [07/Mar/2025:04:13:12 +0100] "GET /bevaegelse/korestole/transportkoerestol-let-og-foldbar-6-9kg/" 200 89150 "" "WP Rocket/Preload"
93.191.156.213 - - [07/Mar/2025:04:13:14 +0100] "GET /bevaegelse/korestole/transportkoerestol-let-og-foldbar-6-9kg/" 200 89228 "" "WP Rocket/Preload Mozilla/5.0 (iPhone; CPU iPhone OS 9_1 like Mac OS X) AppleWebKit/601.1.46 (KHTML, like Gecko) Version/9.0 Mobile/13B143 Safari/601.1"
93.191.156.213 - - [07/Mar/2025:04:13:15 +0100] "GET /bevaegelse/korestole/serenity-praktisk-koerestol-i-aluminium/" 200 88214 "" "WP Rocket/Preload"
93.191.156.213 - - [07/Mar/2025:04:13:16 +0100] "GET /bevaegelse/korestole/serenity-praktisk-koerestol-i-aluminium/" 200 87601 "" "WP Rocket/Preload Mozilla/5.0 (iPhone; CPU iPhone OS 9_1 like Mac OS X) AppleWebKit/601.1.46 (KHTML, like Gecko) Version/9.0 Mobile/13B143 Safari/601.1"
93.191.156.213 - - [07/Mar/2025:04:13:18 +0100] "GET /bevaegelse/korestole/el-korestole/siena-sammenklappelig-elkoerestol-vejer-25-kg-baereevne-135-kg/" 200 96538 "" "WP Rocket/Preload"
93.191.156.213 - - [07/Mar/2025:04:13:19 +0100] "GET /bevaegelse/korestole/el-korestole/siena-sammenklappelig-elkoerestol-vejer-25-kg-baereevne-135-kg/" 200 96433 "" "WP Rocket/Preload Mozilla/5.0 (iPhone; CPU iPhone OS 9_1 like Mac OS X) AppleWebKit/601.1.46 (KHTML, like Gecko) Version/9.0 Mobile/13B143 Safari/601.1"
93.191.156.213 - - [07/Mar/2025:04:13:20 +0100] "GET /bevaegelse/elektrisk-personloftere/elektrisk-personloefter-til-loeft-og-transport/" 200 87787 "" "WP Rocket/Preload"
93.191.156.213 - - [07/Mar/2025:04:13:21 +0100] "GET /bevaegelse/elektrisk-personloftere/elektrisk-personloefter-til-loeft-og-transport/" 200 87309 "" "WP Rocket/Preload Mozilla/5.0 (iPhone; CPU iPhone OS 9_1 like Mac OS X) AppleWebKit/601.1.46 (KHTML, like Gecko) Version/9.0 Mobile/13B143 Safari/601.1"
93.191.156.213 - - [07/Mar/2025:04:13:23 +0100] "GET /bevaegelse/korestole/ramper-til-koerestol/koerestols-rampe-baerbar-og-sammenklappelig-71-x-150-cm/" 200 86397 "" "WP Rocket/Preload"
93.191.156.213 - - [07/Mar/2025:04:13:24 +0100] "GET /bevaegelse/korestole/ramper-til-koerestol/koerestols-rampe-baerbar-og-sammenklappelig-71-x-150-cm/" 200 86399 "" "WP Rocket/Preload Mozilla/5.0 (iPhone; CPU iPhone OS 9_1 like Mac OS X) AppleWebKit/601.1.46 (KHTML, like Gecko) Version/9.0 Mobile/13B143 Safari/601.1"
93.191.156.213 - - [07/Mar/2025:04:13:25 +0100] "GET /bevaegelse/korestole/ramper-til-koerestol/lille-koerestols-rampe-letvaegt-baerbar-og-sammenklappelig-76-x-91-cm/" 200 86676 "" "WP Rocket/Preload"
93.191.156.213 - - [07/Mar/2025:04:13:26 +0100] "GET /bevaegelse/korestole/ramper-til-koerestol/lille-koerestols-rampe-letvaegt-baerbar-og-sammenklappelig-76-x-91-cm/" 200 86675 "" "WP Rocket/Preload Mozilla/5.0 (iPhone; CPU iPhone OS 9_1 like Mac OS X) AppleWebKit/601.1.46 (KHTML, like Gecko) Version/9.0 Mobile/13B143 Safari/601.1"
93.191.156.213 - - [07/Mar/2025:04:13:28 +0100] "GET /bevaegelse/korestole/rampeskinner/rampeskinner-justerbar-til-forskellige-niveauforskelle-26-x-210-cm/" 200 86837 "" "WP Rocket/Preload"
93.191.156.213 - - [07/Mar/2025:04:13:29 +0100] "GET /bevaegelse/korestole/rampeskinner/rampeskinner-justerbar-til-forskellige-niveauforskelle-26-x-210-cm/" 200 86944 "" "WP Rocket/Preload Mozilla/5.0 (iPhone; CPU iPhone OS 9_1 like Mac OS X) AppleWebKit/601.1.46 (KHTML, like Gecko) Version/9.0 Mobile/13B143 Safari/601.1"
93.191.156.213 - - [07/Mar/2025:04:13:30 +0100] "GET /bevaegelse/korestole/rampeskinner/lange-rampeskinner-justerbar-til-forskellige-niveauforskelle-213-cm/" 200 87113 "" "WP Rocket/Preload"
93.191.156.213 - - [07/Mar/2025:04:13:31 +0100] "GET /bevaegelse/korestole/rampeskinner/lange-rampeskinner-justerbar-til-forskellige-niveauforskelle-213-cm/" 200 87092 "" "WP Rocket/Preload Mozilla/5.0 (iPhone; CPU iPhone OS 9_1 like Mac OS X) AppleWebKit/601.1.46 (KHTML, like Gecko) Version/9.0 Mobile/13B143 Safari/601.1"
66.249.79.35 - - [07/Mar/2025:04:15:57 +0100] "GET /wp-content/uploads/2024/07/Trappelift-indendoers-til-lige-trappe.png" 200 44673 "" "Googlebot-Image/1.0"
93.191.156.213 - - [07/Mar/2025:04:16:45 +0100] "POST /wp-cron.php?doing_wp_cron=1741317405.6860969066619873046875" 200 0 "" "HgNsvNl4ahJn"
72.14.199.8 - - [07/Mar/2025:04:16:46 +0100] "GET /bevaegelse/korestole/strandkoerestol/" 200 87763 "" "Mozilla/5.0 (Linux; Android 6.0.1; Nexus 5X Build/MMB29P) AppleWebKit/537.36 (KHTML, like Gecko) Chrome/133.0.6943.53 Mobile Safari/537.36 (compatible; AdsBot-Google-Mobile; +http://www.google.com/mobile/adsbot.html)"
93.191.156.213 - - [07/Mar/2025:04:16:46 +0100] "GET /bevaegelse/korestole/ramper-til-koerestol/lille-letvaegt-koerestolsrampe-til-mindre-forhoejninger-35-x-70-cm/" 200 86745 "" "WP Rocket/Preload"
93.191.156.213 - - [07/Mar/2025:04:16:48 +0100] "GET /bevaegelse/korestole/ramper-til-koerestol/lille-letvaegt-koerestolsrampe-til-mindre-forhoejninger-35-x-70-cm/" 200 86766 "" "WP Rocket/Preload Mozilla/5.0 (iPhone; CPU iPhone OS 9_1 like Mac OS X) AppleWebKit/601.1.46 (KHTML, like Gecko) Version/9.0 Mobile/13B143 Safari/601.1"
93.191.156.213 - - [07/Mar/2025:04:16:49 +0100] "GET /bevaegelse/korestole/rampeskinner/rampeskinner-justerbar-til-forskellige-niveauforskelle-151-cm/" 200 83692 "" "WP Rocket/Preload"
93.191.156.213 - - [07/Mar/2025:04:16:51 +0100] "GET /bevaegelse/korestole/rampeskinner/rampeskinner-justerbar-til-forskellige-niveauforskelle-151-cm/" 200 83690 "" "WP Rocket/Preload Mozilla/5.0 (iPhone; CPU iPhone OS 9_1 like Mac OS X) AppleWebKit/601.1.46 (KHTML, like Gecko) Version/9.0 Mobile/13B143 Safari/601.1"
93.191.156.213 - - [07/Mar/2025:04:16:52 +0100] "GET /bevaegelse/elektrisk-personloftere/ulisse-ao/" 200 87417 "" "WP Rocket/Preload"
93.191.156.213 - - [07/Mar/2025:04:16:53 +0100] "GET /bevaegelse/elektrisk-personloftere/ulisse-ao/" 200 87201 "" "WP Rocket/Preload Mozilla/5.0 (iPhone; CPU iPhone OS 9_1 like Mac OS X) AppleWebKit/601.1.46 (KHTML, like Gecko) Version/9.0 Mobile/13B143 Safari/601.1"
93.191.156.213 - - [07/Mar/2025:04:16:55 +0100] "GET /bevaegelse/elektrisk-personloftere/ulisse-el/" 200 87807 "" "WP Rocket/Preload"
93.191.156.213 - - [07/Mar/2025:04:16:56 +0100] "GET /bevaegelse/elektrisk-personloftere/ulisse-el/" 200 87344 "" "WP Rocket/Preload Mozilla/5.0 (iPhone; CPU iPhone OS 9_1 like Mac OS X) AppleWebKit/601.1.46 (KHTML, like Gecko) Version/9.0 Mobile/13B143 Safari/601.1"
93.191.156.213 - - [07/Mar/2025:04:16:58 +0100] "GET /bevaegelse/elektrisk-personloftere/ulisse-el-220/" 200 88631 "" "WP Rocket/Preload"
93.191.156.213 - - [07/Mar/2025:04:16:59 +0100] "GET /bevaegelse/elektrisk-personloftere/ulisse-el-220/" 200 48586 "" "WP Rocket/Preload Mozilla/5.0 (iPhone; CPU iPhone OS 9_1 like Mac OS X) AppleWebKit/601.1.46 (KHTML, like Gecko) Version/9.0 Mobile/13B143 Safari/601.1"
93.191.156.213 - - [07/Mar/2025:04:17:01 +0100] "GET /bevaegelse/elektrisk-personloftere/ulisse-verti/" 200 88689 "" "WP Rocket/Preload"
93.191.156.213 - - [07/Mar/2025:04:17:02 +0100] "GET /bevaegelse/elektrisk-personloftere/ulisse-verti/" 200 88040 "" "WP Rocket/Preload Mozilla/5.0 (iPhone; CPU iPhone OS 9_1 like Mac OS X) AppleWebKit/601.1.46 (KHTML, like Gecko) Version/9.0 Mobile/13B143 Safari/601.1"
93.191.156.213 - - [07/Mar/2025:04:17:04 +0100] "GET /bevaegelse/til-trapper/trappeklatrere/trappeklatrer-til-koerestol-gecko/" 200 48586 "" "WP Rocket/Preload"
93.191.156.213 - - [07/Mar/2025:04:17:05 +0100] "GET /bevaegelse/til-trapper/trappeklatrere/trappeklatrer-til-koerestol-gecko/" 200 89604 "" "WP Rocket/Preload Mozilla/5.0 (iPhone; CPU iPhone OS 9_1 like Mac OS X) AppleWebKit/601.1.46 (KHTML, like Gecko) Version/9.0 Mobile/13B143 Safari/601.1"
93.191.156.213 - - [07/Mar/2025:04:17:06 +0100] "GET /bevaegelse/til-trapper/stolelift-og-trappelift/lg2004-150-avanceret-trappelift-med-patenteret-manoevrering-og-komfortforbedringer/" 200 91905 "" "WP Rocket/Preload"
93.191.156.213 - - [07/Mar/2025:04:17:08 +0100] "GET /bevaegelse/til-trapper/stolelift-og-trappelift/lg2004-150-avanceret-trappelift-med-patenteret-manoevrering-og-komfortforbedringer/" 200 91904 "" "WP Rocket/Preload Mozilla/5.0 (iPhone; CPU iPhone OS 9_1 like Mac OS X) AppleWebKit/601.1.46 (KHTML, like Gecko) Version/9.0 Mobile/13B143 Safari/601.1"
34.79.187.74 - - [07/Mar/2025:04:17:30 +0100] "GET /wp-json/wc/v3/orders?oauth_consumer_key=ck_767531e9aed8f4e4649535625a425845b1b83d5f&oauth_nonce=a16d187929144dc465be4498de9d7713978e508d&oauth_signature=%2FhoH4cEZzExliTvayPfwNsP1RvI%3D&oauth_signature_method=HMAC-SHA1&oauth_timestamp=1741317450&oauth_token=&oauth_version=1.0&dates_are_gmt=1&modified_after=2025-03-07%2003%3A13%3A09&per_page=100&page=1" 200 22 "" "IEX Integration/3.0"
34.79.187.74 - - [07/Mar/2025:04:17:31 +0100] "GET /wp-json/wc/v3/products/attributes?oauth_consumer_key=ck_767531e9aed8f4e4649535625a425845b1b83d5f&oauth_nonce=677d0b4246345491128b732c0feaf4335203e2ce&oauth_signature=MJw178GZl2s2F496lelDraG2gP0%3D&oauth_signature_method=HMAC-SHA1&oauth_timestamp=1741317450&oauth_token=&oauth_version=1.0" 200 7019 "" "IEX Integration/3.0"
207.46.13.130 - - [07/Mar/2025:04:18:16 +0100] "GET /wp-content/uploads/2024/02/detalle-rueda-300x300.jpg.webp" 200 6198 "" "Mozilla/5.0 AppleWebKit/537.36 (KHTML, like Gecko; compatible; bingbot/2.0; +http://www.bing.com/bingbot.htm) Chrome/116.0.1938.76 Safari/537.36"
93.191.156.213 - - [07/Mar/2025:04:18:25 +0100] "POST /wp-cron.php?doing_wp_cron=1741317505.5584900379180908203125" 200 0 "" "cOkccfkwGwoz"
157.55.39.193 - - [07/Mar/2025:04:18:26 +0100] "GET /evakueringsudstyr/" 200 81188 "" "Mozilla/5.0 AppleWebKit/537.36 (KHTML, like Gecko; compatible; bingbot/2.0; +http://www.bing.com/bingbot.htm) Chrome/116.0.1938.76 Safari/537.36"
93.191.156.213 - - [07/Mar/2025:04:18:27 +0100] "GET /bevaegelse/handicap-scootere/" 200 84552 "" "WP Rocket/Preload"
93.191.156.213 - - [07/Mar/2025:04:18:29 +0100] "GET /bevaegelse/handicap-scootere/" 200 48586 "" "WP Rocket/Preload Mozilla/5.0 (iPhone; CPU iPhone OS 9_1 like Mac OS X) AppleWebKit/601.1.46 (KHTML, like Gecko) Version/9.0 Mobile/13B143 Safari/601.1"
93.191.156.213 - - [07/Mar/2025:04:18:30 +0100] "GET /bevaegelse/korestole/xxl-koerestol-til-brugere-op-til-235-kg-staerk-staal-konstruktion-foldbar/" 200 87755 "" "WP Rocket/Preload"
93.191.156.213 - - [07/Mar/2025:04:18:31 +0100] "GET /bevaegelse/korestole/xxl-koerestol-til-brugere-op-til-235-kg-staerk-staal-konstruktion-foldbar/" 200 87554 "" "WP Rocket/Preload Mozilla/5.0 (iPhone; CPU iPhone OS 9_1 like Mac OS X) AppleWebKit/601.1.46 (KHTML, like Gecko) Version/9.0 Mobile/13B143 Safari/601.1"
93.191.156.213 - - [07/Mar/2025:04:18:32 +0100] "GET /uncategorized/clara-el-koerestol-16kg-sammenklappelig-hoej-komfort/" 200 90900 "" "WP Rocket/Preload"
93.191.156.213 - - [07/Mar/2025:04:18:34 +0100] "GET /uncategorized/clara-el-koerestol-16kg-sammenklappelig-hoej-komfort/" 200 90976 "" "WP Rocket/Preload Mozilla/5.0 (iPhone; CPU iPhone OS 9_1 like Mac OS X) AppleWebKit/601.1.46 (KHTML, like Gecko) Version/9.0 Mobile/13B143 Safari/601.1"
93.191.156.213 - - [07/Mar/2025:04:18:35 +0100] "GET /bevaegelse/clara-el-koerestol-16kg-sammenklappelig-hoej-komfort/" 200 90294 "" "WP Rocket/Preload"
93.191.156.213 - - [07/Mar/2025:04:18:36 +0100] "GET /bevaegelse/clara-el-koerestol-16kg-sammenklappelig-hoej-komfort/" 200 90716 "" "WP Rocket/Preload Mozilla/5.0 (iPhone; CPU iPhone OS 9_1 like Mac OS X) AppleWebKit/601.1.46 (KHTML, like Gecko) Version/9.0 Mobile/13B143 Safari/601.1"
93.191.156.213 - - [07/Mar/2025:04:18:37 +0100] "GET /bevaegelse/korestole/el-korestole/letvaegt-sammenklappelige/" 200 48586 "" "WP Rocket/Preload"
93.191.156.213 - - [07/Mar/2025:04:18:39 +0100] "GET /bevaegelse/korestole/el-korestole/letvaegt-sammenklappelige/" 200 48586 "" "WP Rocket/Preload Mozilla/5.0 (iPhone; CPU iPhone OS 9_1 like Mac OS X) AppleWebKit/601.1.46 (KHTML, like Gecko) Version/9.0 Mobile/13B143 Safari/601.1"
93.191.156.213 - - [07/Mar/2025:04:18:40 +0100] "GET /bevaegelse/handicap-scootere/4-hjulet/" 200 83089 "" "WP Rocket/Preload"
93.191.156.213 - - [07/Mar/2025:04:18:42 +0100] "GET /bevaegelse/handicap-scootere/4-hjulet/" 200 83204 "" "WP Rocket/Preload Mozilla/5.0 (iPhone; CPU iPhone OS 9_1 like Mac OS X) AppleWebKit/601.1.46 (KHTML, like Gecko) Version/9.0 Mobile/13B143 Safari/601.1"
93.191.156.213 - - [07/Mar/2025:04:18:43 +0100] "GET /bevaegelse/rollatorer/udendoers/" 200 48586 "" "WP Rocket/Preload"
93.191.156.213 - - [07/Mar/2025:04:18:45 +0100] "GET /bevaegelse/rollatorer/udendoers/" 200 48586 "" "WP Rocket/Preload Mozilla/5.0 (iPhone; CPU iPhone OS 9_1 like Mac OS X) AppleWebKit/601.1.46 (KHTML, like Gecko) Version/9.0 Mobile/13B143 Safari/601.1"
93.191.156.213 - - [07/Mar/2025:04:18:46 +0100] "GET /bevaegelse/korestole/el-korestole/letvaegt-sammenklappelige/smarty-elektrisk-korestol-med-automatisk-folde-funktion/" 200 98026 "" "WP Rocket/Preload"
93.191.156.213 - - [07/Mar/2025:04:18:48 +0100] "GET /bevaegelse/korestole/el-korestole/letvaegt-sammenklappelige/smarty-elektrisk-korestol-med-automatisk-folde-funktion/" 200 97455 "" "WP Rocket/Preload Mozilla/5.0 (iPhone; CPU iPhone OS 9_1 like Mac OS X) AppleWebKit/601.1.46 (KHTML, like Gecko) Version/9.0 Mobile/13B143 Safari/601.1"
34.79.187.74 - - [07/Mar/2025:04:23:16 +0100] "GET /wp-json/wc/v3/orders?oauth_consumer_key=ck_767531e9aed8f4e4649535625a425845b1b83d5f&oauth_nonce=49124ac28b85d71a011102f1411b19d8c1092b54&oauth_signature=eqyvhuKa%2BGnAN%2FWqRyC7KlLVnQc%3D&oauth_signature_method=HMAC-SHA1&oauth_timestamp=1741317794&oauth_token=&oauth_version=1.0&dates_are_gmt=1&modified_after=2025-03-07%2003%3A17%3A30&per_page=100&page=1" 200 22 "" "IEX Integration/3.0"
93.191.156.213 - - [07/Mar/2025:04:23:16 +0100] "POST /wp-cron.php?doing_wp_cron=1741317796.6881020069122314453125" 200 0 "" "vZ2yJzLdH5mc"
34.79.187.74 - - [07/Mar/2025:04:23:17 +0100] "GET /wp-json/wc/v3/products/attributes?oauth_consumer_key=ck_767531e9aed8f4e4649535625a425845b1b83d5f&oauth_nonce=ae44449f55b0a48a2c2207faded96f8d4d113326&oauth_signature=F3nL9UCNN1w47Wsq%2F7sNhIbtgeM%3D&oauth_signature_method=HMAC-SHA1&oauth_timestamp=1741317796&oauth_token=&oauth_version=1.0" 200 7019 "" "IEX Integration/3.0"
93.191.156.213 - - [07/Mar/2025:04:23:18 +0100] "GET /bevaegelse/handicap-scootere/2-personer-el-scoter-dakar-duo-robust-og-staerk/" 200 89131 "" "WP Rocket/Preload"
93.191.156.213 - - [07/Mar/2025:04:23:19 +0100] "GET /bevaegelse/handicap-scootere/2-personer-el-scoter-dakar-duo-robust-og-staerk/" 200 89004 "" "WP Rocket/Preload Mozilla/5.0 (iPhone; CPU iPhone OS 9_1 like Mac OS X) AppleWebKit/601.1.46 (KHTML, like Gecko) Version/9.0 Mobile/13B143 Safari/601.1"
93.191.156.213 - - [07/Mar/2025:04:23:21 +0100] "GET /product-tag/med-nakkestoette/" 200 89504 "" "WP Rocket/Preload"
93.191.156.213 - - [07/Mar/2025:04:23:22 +0100] "GET /product-tag/med-nakkestoette/" 200 89524 "" "WP Rocket/Preload Mozilla/5.0 (iPhone; CPU iPhone OS 9_1 like Mac OS X) AppleWebKit/601.1.46 (KHTML, like Gecko) Version/9.0 Mobile/13B143 Safari/601.1"
93.191.156.213 - - [07/Mar/2025:04:23:24 +0100] "GET /bevaegelse/handicap-scootere/letvaegt/diblasi-3-hjulet-scooter-automatisk-foldbar-og-35-km-raekkevidde/" 200 48586 "" "WP Rocket/Preload"
93.191.156.213 - - [07/Mar/2025:04:23:25 +0100] "GET /bevaegelse/handicap-scootere/letvaegt/diblasi-3-hjulet-scooter-automatisk-foldbar-og-35-km-raekkevidde/" 200 90472 "" "WP Rocket/Preload Mozilla/5.0 (iPhone; CPU iPhone OS 9_1 like Mac OS X) AppleWebKit/601.1.46 (KHTML, like Gecko) Version/9.0 Mobile/13B143 Safari/601.1"
93.191.156.213 - - [07/Mar/2025:04:23:26 +0100] "GET /bevaegelse/" 304 0 "" "WP Rocket/Preload"
93.191.156.213 - - [07/Mar/2025:04:23:28 +0100] "GET /bevaegelse/korestole/el-korestole/" 200 96111 "" "WP Rocket/Preload"
93.191.156.213 - - [07/Mar/2025:04:23:29 +0100] "GET /bevaegelse/korestole/el-korestole/" 499 0 "" "WP Rocket/Preload Mozilla/5.0 (iPhone; CPU iPhone OS 9_1 like Mac OS X) AppleWebKit/601.1.46 (KHTML, like Gecko) Version/9.0 Mobile/13B143 Safari/601.1"
93.191.156.213 - - [07/Mar/2025:04:23:30 +0100] "GET /bevaegelse/" 200 48586 "" "WP Rocket/Preload Mozilla/5.0 (iPhone; CPU iPhone OS 9_1 like Mac OS X) AppleWebKit/601.1.46 (KHTML, like Gecko) Version/9.0 Mobile/13B143 Safari/601.1"
93.191.156.213 - - [07/Mar/2025:04:23:31 +0100] "GET /bevaegelse/korestole/el-korestole/letvaegt-sammenklappelige/martinika-karbon-el-koerestol-baerevne-150kg-vejer-kun-11-9kg/" 499 0 "" "WP Rocket/Preload"
93.191.156.213 - - [07/Mar/2025:04:23:32 +0100] "GET /bevaegelse/korestole/el-korestole/letvaegt-sammenklappelige/martinika-karbon-el-koerestol-baerevne-150kg-vejer-kun-11-9kg/" 200 90467 "" "WP Rocket/Preload Mozilla/5.0 (iPhone; CPU iPhone OS 9_1 like Mac OS X) AppleWebKit/601.1.46 (KHTML, like Gecko) Version/9.0 Mobile/13B143 Safari/601.1"
93.191.156.213 - - [07/Mar/2025:04:23:33 +0100] "GET /evakueringsudstyr/" 200 81208 "" "WP Rocket/Preload"
93.191.156.213 - - [07/Mar/2025:04:23:34 +0100] "GET /evakueringsudstyr/" 200 81197 "" "WP Rocket/Preload Mozilla/5.0 (iPhone; CPU iPhone OS 9_1 like Mac OS X) AppleWebKit/601.1.46 (KHTML, like Gecko) Version/9.0 Mobile/13B143 Safari/601.1"
93.191.156.213 - - [07/Mar/2025:04:23:36 +0100] "GET /bevaegelse/til-trapper/" 200 48586 "" "WP Rocket/Preload"
93.191.156.213 - - [07/Mar/2025:04:23:37 +0100] "GET /bevaegelse/til-trapper/" 200 48586 "" "WP Rocket/Preload Mozilla/5.0 (iPhone; CPU iPhone OS 9_1 like Mac OS X) AppleWebKit/601.1.46 (KHTML, like Gecko) Version/9.0 Mobile/13B143 Safari/601.1"
93.191.156.213 - - [07/Mar/2025:04:23:38 +0100] "GET /til-hjemmet/" 304 0 "" "WP Rocket/Preload"
93.191.156.213 - - [07/Mar/2025:04:23:39 +0100] "GET /til-hjemmet/" 200 91181 "" "WP Rocket/Preload Mozilla/5.0 (iPhone; CPU iPhone OS 9_1 like Mac OS X) AppleWebKit/601.1.46 (KHTML, like Gecko) Version/9.0 Mobile/13B143 Safari/601.1"
52.167.144.139 - - [07/Mar/2025:04:25:38 +0100] "GET /bevaegelse/korestole/el-korestole/" 200 96111 "" "Mozilla/5.0 AppleWebKit/537.36 (KHTML, like Gecko; compatible; bingbot/2.0; +http://www.bing.com/bingbot.htm) Chrome/116.0.1938.76 Safari/537.36"
213.180.203.103 - - [07/Mar/2025:04:26:01 +0100] "GET /bevaegelse/korestole/el-korestole/" 200 96111 "" "Mozilla/5.0 (compatible; YandexBot/3.0; +http://yandex.com/bots)"
93.191.156.213 - - [07/Mar/2025:04:26:14 +0100] "POST /wp-cron.php?doing_wp_cron=1741317974.7307651042938232421875" 200 0 "" "x7qPupiWP5PF"
66.249.79.161 - - [07/Mar/2025:04:26:16 +0100] "GET /alle-produkter/page/4/" 200 95112 "" "Mozilla/5.0 (Linux; Android 6.0.1; Nexus 5X Build/MMB29P) AppleWebKit/537.36 (KHTML, like Gecko) Chrome/133.0.6943.53 Mobile Safari/537.36 (compatible; Googlebot/2.1; +http://www.google.com/bot.html)"
93.191.156.213 - - [07/Mar/2025:04:26:17 +0100] "GET /bevaegelse/rollatorer/" 200 84795 "" "WP Rocket/Preload"
93.191.156.213 - - [07/Mar/2025:04:26:19 +0100] "GET /bevaegelse/rollatorer/" 499 0 "" "WP Rocket/Preload Mozilla/5.0 (iPhone; CPU iPhone OS 9_1 like Mac OS X) AppleWebKit/601.1.46 (KHTML, like Gecko) Version/9.0 Mobile/13B143 Safari/601.1"
93.191.156.213 - - [07/Mar/2025:04:26:20 +0100] "GET /bevaegelse/handicap-scootere/letvaegt/diblasi-3-hjulet-scooter-saet-med-lift-til-bilen/" 499 0 "" "WP Rocket/Preload"
93.191.156.213 - - [07/Mar/2025:04:26:22 +0100] "GET /bevaegelse/handicap-scootere/letvaegt/diblasi-3-hjulet-scooter-saet-med-lift-til-bilen/" 499 0 "" "WP Rocket/Preload Mozilla/5.0 (iPhone; CPU iPhone OS 9_1 like Mac OS X) AppleWebKit/601.1.46 (KHTML, like Gecko) Version/9.0 Mobile/13B143 Safari/601.1"
93.191.156.213 - - [07/Mar/2025:04:26:24 +0100] "GET /bevaegelse/handicap-scootere/letvaegt/scooter-lift-diblasi-r30/" 200 48586 "" "WP Rocket/Preload"
157.55.39.15 - - [07/Mar/2025:04:26:24 +0100] "GET /wp-content/plugins/tablepress/js/jquery.datatables.min.js?ver=3.0.4" 200 32217 "" "Mozilla/5.0 AppleWebKit/537.36 (KHTML, like Gecko; compatible; bingbot/2.0; +http://www.bing.com/bingbot.htm) Chrome/116.0.1938.76 Safari/537.36"
93.191.156.213 - - [07/Mar/2025:04:26:25 +0100] "GET /bevaegelse/handicap-scootere/letvaegt/scooter-lift-diblasi-r30/" 200 48586 "" "WP Rocket/Preload Mozilla/5.0 (iPhone; CPU iPhone OS 9_1 like Mac OS X) AppleWebKit/601.1.46 (KHTML, like Gecko) Version/9.0 Mobile/13B143 Safari/601.1"
157.55.39.15 - - [07/Mar/2025:04:26:25 +0100] "GET /wp-content/uploads/2023/10/A3-BLACK-5-300x200.jpg.webp" 200 9348 "" "Mozilla/5.0 AppleWebKit/537.36 (KHTML, like Gecko; compatible; bingbot/2.0; +http://www.bing.com/bingbot.htm) Chrome/116.0.1938.76 Safari/537.36"
93.191.156.213 - - [07/Mar/2025:04:26:27 +0100] "GET /addons/ekstra-lithium-batteri/" 200 48071 "" "WP Rocket/Preload"
93.191.156.213 - - [07/Mar/2025:04:26:28 +0100] "GET /addons/ekstra-lithium-batteri/" 200 48586 "" "WP Rocket/Preload Mozilla/5.0 (iPhone; CPU iPhone OS 9_1 like Mac OS X) AppleWebKit/601.1.46 (KHTML, like Gecko) Version/9.0 Mobile/13B143 Safari/601.1"
93.191.156.213 - - [07/Mar/2025:04:26:30 +0100] "GET /addons/ekstra-lithium-batteri-2/" 200 48586 "" "WP Rocket/Preload"
93.191.156.213 - - [07/Mar/2025:04:26:31 +0100] "GET /addons/ekstra-lithium-batteri-2/" 200 48586 "" "WP Rocket/Preload Mozilla/5.0 (iPhone; CPU iPhone OS 9_1 like Mac OS X) AppleWebKit/601.1.46 (KHTML, like Gecko) Version/9.0 Mobile/13B143 Safari/601.1"
157.55.39.194 - - [07/Mar/2025:04:26:32 +0100] "GET /wp-content/uploads/2025/02/silla-de-ruedas-electrica-itrion_drive-foto-principal-768x576.webp" 200 62442 "" "Mozilla/5.0 AppleWebKit/537.36 (KHTML, like Gecko; compatible; bingbot/2.0; +http://www.bing.com/bingbot.htm) Chrome/116.0.1938.76 Safari/537.36"
93.191.156.213 - - [07/Mar/2025:04:26:33 +0100] "GET /evakueringsudstyr/escape-chair-volt-evakueringsstol-til-trapper/" 499 0 "" "WP Rocket/Preload"
93.191.156.213 - - [07/Mar/2025:04:26:34 +0100] "GET /evakueringsudstyr/escape-chair-volt-evakueringsstol-til-trapper/" 499 0 "" "WP Rocket/Preload Mozilla/5.0 (iPhone; CPU iPhone OS 9_1 like Mac OS X) AppleWebKit/601.1.46 (KHTML, like Gecko) Version/9.0 Mobile/13B143 Safari/601.1"
93.191.156.213 - - [07/Mar/2025:04:26:36 +0100] "GET /evakueringsudstyr/redningsbaare-og-evakueringsbaare-laengdejusterbar-kapacitet-paa-160kg-foldbar-lg-bar-scoop/" 499 0 "" "WP Rocket/Preload"
93.191.156.213 - - [07/Mar/2025:04:26:37 +0100] "GET /evakueringsudstyr/redningsbaare-og-evakueringsbaare-laengdejusterbar-kapacitet-paa-160kg-foldbar-lg-bar-scoop/" 499 0 "" "WP Rocket/Preload Mozilla/5.0 (iPhone; CPU iPhone OS 9_1 like Mac OS X) AppleWebKit/601.1.46 (KHTML, like Gecko) Version/9.0 Mobile/13B143 Safari/601.1"
157.55.39.194 - - [07/Mar/2025:04:27:02 +0100] "GET /bevaegelse/rollatorer/" 200 84816 "" "Mozilla/5.0 AppleWebKit/537.36 (KHTML, like Gecko; compatible; bingbot/2.0; +http://www.bing.com/bingbot.htm) Chrome/116.0.1938.76 Safari/537.36"
87.250.224.77 - - [07/Mar/2025:04:27:03 +0100] "GET /bevaegelse/rollatorer/" 200 84816 "" "Mozilla/5.0 (compatible; YandexBot/3.0; +http://yandex.com/bots)"
157.55.39.15 - - [07/Mar/2025:04:27:24 +0100] "GET /wp-content/uploads/2023/12/2c63d098-47e5-443f-a7aa-8a9b49913c3d-768x835.png.webp" 200 75254 "" "Mozilla/5.0 AppleWebKit/537.36 (KHTML, like Gecko; compatible; bingbot/2.0; +http://www.bing.com/bingbot.htm) Chrome/116.0.1938.76 Safari/537.36"
52.167.144.139 - - [07/Mar/2025:04:27:29 +0100] "GET /wp-content/uploads/2024/02/e03c51da-7008-43e5-937d-b24fb2ca75ca-768x768.png.webp" 200 77870 "" "Mozilla/5.0 AppleWebKit/537.36 (KHTML, like Gecko; compatible; bingbot/2.0; +http://www.bing.com/bingbot.htm) Chrome/116.0.1938.76 Safari/537.36"
206.189.232.91 - - [07/Mar/2025:04:28:30 +0100] "GET /" 304 0 "http://danmedica.dk/" "Mozilla/5.0 (Macintosh; Intel Mac OS X 10_14_1) AppleWebKit/537.36 (KHTML, like Gecko) Chrome/70.0.3538.102 Safari/537.36"
40.77.167.25 - - [07/Mar/2025:04:28:50 +0100] "GET /bevaegelse/rollatorer/" 200 84816 "" "Mozilla/5.0 AppleWebKit/537.36 (KHTML, like Gecko; compatible; bingbot/2.0; +http://www.bing.com/bingbot.htm) Chrome/116.0.1938.76 Safari/537.36"
93.191.156.213 - - [07/Mar/2025:04:32:29 +0100] "POST /wp-cron.php?doing_wp_cron=1741318349.5241100788116455078125" 200 0 "" "c2AgC3hMTaIa"
34.34.141.2 - - [07/Mar/2025:04:32:29 +0100] "GET /wp-json/wc/v3/orders?oauth_consumer_key=ck_767531e9aed8f4e4649535625a425845b1b83d5f&oauth_nonce=a59055abe55d25a62a06abff7644a2bc80b78bd2&oauth_signature=jQkfwEoTMFBlLxvK76G3uTMcnKQ%3D&oauth_signature_method=HMAC-SHA1&oauth_timestamp=1741318347&oauth_token=&oauth_version=1.0&dates_are_gmt=1&modified_after=2025-03-07%2003%3A23%3A13&per_page=100&page=1" 200 22 "" "IEX Integration/3.0"
34.34.141.2 - - [07/Mar/2025:04:32:30 +0100] "GET /wp-json/wc/v3/products/attributes?oauth_consumer_key=ck_767531e9aed8f4e4649535625a425845b1b83d5f&oauth_nonce=4ba04ee5aa47e7665c6be7f430f8ba63b55dc135&oauth_signature=JbwWI7Wvr%2FdP%2Ba6KDfw4XJbtC4Q%3D&oauth_signature_method=HMAC-SHA1&oauth_timestamp=1741318350&oauth_token=&oauth_version=1.0" 200 7019 "" "IEX Integration/3.0"
93.191.156.213 - - [07/Mar/2025:04:32:31 +0100] "GET /bevaegelse/korestole/el-korestole/libercar-nova/" 200 95321 "" "WP Rocket/Preload"
93.191.156.213 - - [07/Mar/2025:04:32:32 +0100] "GET /bevaegelse/korestole/el-korestole/libercar-nova/" 200 94986 "" "WP Rocket/Preload Mozilla/5.0 (iPhone; CPU iPhone OS 9_1 like Mac OS X) AppleWebKit/601.1.46 (KHTML, like Gecko) Version/9.0 Mobile/13B143 Safari/601.1"
93.191.156.213 - - [07/Mar/2025:04:32:34 +0100] "GET /author/hasse/" 200 48586 "" "WP Rocket/Preload"
93.191.156.213 - - [07/Mar/2025:04:32:35 +0100] "GET /author/hasse/" 200 61167 "" "WP Rocket/Preload Mozilla/5.0 (iPhone; CPU iPhone OS 9_1 like Mac OS X) AppleWebKit/601.1.46 (KHTML, like Gecko) Version/9.0 Mobile/13B143 Safari/601.1"
93.191.156.213 - - [07/Mar/2025:04:32:38 +0100] "GET /bevaegelse/korestole/el-korestole/elba-el-koerestol-med-store-hjul-og-letvaegt-25-kg-2/" 200 48071 "" "WP Rocket/Preload"
93.191.156.213 - - [07/Mar/2025:04:32:40 +0100] "GET /bevaegelse/korestole/el-korestole/elba-el-koerestol-med-store-hjul-og-letvaegt-25-kg-2/" 200 96732 "" "WP Rocket/Preload Mozilla/5.0 (iPhone; CPU iPhone OS 9_1 like Mac OS X) AppleWebKit/601.1.46 (KHTML, like Gecko) Version/9.0 Mobile/13B143 Safari/601.1"
93.191.156.213 - - [07/Mar/2025:04:32:40 +0100] "GET /bevaegelse/korestole/koerestol-til-brugere-med-svaere-lidelser-med-tiltefunktion-og-hoej-komfort/" 200 48586 "" "WP Rocket/Preload"
93.191.156.213 - - [07/Mar/2025:04:32:41 +0100] "GET /bevaegelse/korestole/koerestol-til-brugere-med-svaere-lidelser-med-tiltefunktion-og-hoej-komfort/" 200 48586 "" "WP Rocket/Preload Mozilla/5.0 (iPhone; CPU iPhone OS 9_1 like Mac OS X) AppleWebKit/601.1.46 (KHTML, like Gecko) Version/9.0 Mobile/13B143 Safari/601.1"
93.191.156.213 - - [07/Mar/2025:04:32:43 +0100] "GET /bevaegelse/3-hjulet-el-cykel-nem-at-folde-i-staerk-kulfiber-r34/" 200 80815 "" "WP Rocket/Preload"
93.191.156.213 - - [07/Mar/2025:04:32:44 +0100] "GET /bevaegelse/3-hjulet-el-cykel-nem-at-folde-i-staerk-kulfiber-r34/" 200 48586 "" "WP Rocket/Preload Mozilla/5.0 (iPhone; CPU iPhone OS 9_1 like Mac OS X) AppleWebKit/601.1.46 (KHTML, like Gecko) Version/9.0 Mobile/13B143 Safari/601.1"
93.191.156.213 - - [07/Mar/2025:04:32:46 +0100] "GET /product-tag/foldbar/" 200 48586 "" "WP Rocket/Preload"
93.191.156.213 - - [07/Mar/2025:04:32:47 +0100] "GET /product-tag/foldbar/" 200 48586 "" "WP Rocket/Preload Mozilla/5.0 (iPhone; CPU iPhone OS 9_1 like Mac OS X) AppleWebKit/601.1.46 (KHTML, like Gecko) Version/9.0 Mobile/13B143 Safari/601.1"
93.191.156.213 - - [07/Mar/2025:04:32:49 +0100] "GET /klinikudstyr/" 200 72974 "" "WP Rocket/Preload"
93.191.156.213 - - [07/Mar/2025:04:32:50 +0100] "GET /klinikudstyr/" 200 48586 "" "WP Rocket/Preload Mozilla/5.0 (iPhone; CPU iPhone OS 9_1 like Mac OS X) AppleWebKit/601.1.46 (KHTML, like Gecko) Version/9.0 Mobile/13B143 Safari/601.1"
52.167.144.139 - - [07/Mar/2025:04:33:02 +0100] "GET /wp-content/uploads/2023/10/Care-Plus-5-276x300.jpg.webp" 200 4928 "" "Mozilla/5.0 AppleWebKit/537.36 (KHTML, like Gecko; compatible; bingbot/2.0; +http://www.bing.com/bingbot.htm) Chrome/116.0.1938.76 Safari/537.36"
189.222.125.74 - - [07/Mar/2025:04:33:47 +0100] "GET /.git/config" 404 106 "" "Mozilla/5.0 (Macintosh; Intel Mac OS X 14_2_1) AppleWebKit/605.1.15 (KHTML, like Gecko) Version/17.2 Safari/605.1.15"
66.249.79.103 - - [07/Mar/2025:04:33:57 +0100] "GET /wp-content/uploads/2024/06/720318a2-6247-416c-9323-ec86aeb37e03.png" 200 168895 "" "Googlebot-Image/1.0"
93.191.156.213 - - [07/Mar/2025:04:34:34 +0100] "POST /wp-cron.php?doing_wp_cron=1741318474.0189270973205566406250" 200 0 "" "guIM1FUPeBhZ"
54.36.149.22 - - [07/Mar/2025:04:34:35 +0100] "GET /bevaegelse/handicap-scootere/letvaegt/litium-4-hjul/?add-to-cart=1443" 200 92552 "" "Mozilla/5.0 (compatible; AhrefsBot/7.0; +http://ahrefs.com/robot/)"
93.191.156.213 - - [07/Mar/2025:04:34:35 +0100] "GET /bevaegelse/korestole/el-korestole/bariatrisk-og-bredde-el-koerestole-brugtervaegt-fra-135-kg-320-kg/obea-xxl-el-koerestol-certificeret-til-237-kg-foldbar-og-47kg-vaegt/" 200 90850 "" "WP Rocket/Preload"
93.191.156.213 - - [07/Mar/2025:04:34:36 +0100] "GET /bevaegelse/korestole/el-korestole/bariatrisk-og-bredde-el-koerestole-brugtervaegt-fra-135-kg-320-kg/obea-xxl-el-koerestol-certificeret-til-237-kg-foldbar-og-47kg-vaegt/" 200 90299 "" "WP Rocket/Preload Mozilla/5.0 (iPhone; CPU iPhone OS 9_1 like Mac OS X) AppleWebKit/601.1.46 (KHTML, like Gecko) Version/9.0 Mobile/13B143 Safari/601.1"
93.191.156.213 - - [07/Mar/2025:04:34:38 +0100] "GET /til-hjemmet/toiletstole-og-baekkenstole/transport-og-badestol-i-aluminium-med-toilet-brugervaegt-op-til-150kg-2208/" 200 48586 "" "WP Rocket/Preload"
93.191.156.213 - - [07/Mar/2025:04:34:40 +0100] "GET /til-hjemmet/toiletstole-og-baekkenstole/transport-og-badestol-i-aluminium-med-toilet-brugervaegt-op-til-150kg-2208/" 200 48586 "" "WP Rocket/Preload Mozilla/5.0 (iPhone; CPU iPhone OS 9_1 like Mac OS X) AppleWebKit/601.1.46 (KHTML, like Gecko) Version/9.0 Mobile/13B143 Safari/601.1"
93.191.156.213 - - [07/Mar/2025:04:34:40 +0100] "GET /til-hjemmet/toiletstole-og-baekkenstole/" 200 81252 "" "WP Rocket/Preload"
93.191.156.213 - - [07/Mar/2025:04:34:41 +0100] "GET /til-hjemmet/toiletstole-og-baekkenstole/" 200 81501 "" "WP Rocket/Preload Mozilla/5.0 (iPhone; CPU iPhone OS 9_1 like Mac OS X) AppleWebKit/601.1.46 (KHTML, like Gecko) Version/9.0 Mobile/13B143 Safari/601.1"
93.191.156.213 - - [07/Mar/2025:04:34:43 +0100] "GET /bevaegelse/elektrisk-personloftere/elektrisk-personlift-til-loeft-af-patienter-med-sejl-outlet-b/" 200 88110 "" "WP Rocket/Preload"
93.191.156.213 - - [07/Mar/2025:04:34:44 +0100] "GET /bevaegelse/elektrisk-personloftere/elektrisk-personlift-til-loeft-af-patienter-med-sejl-outlet-b/" 200 87537 "" "WP Rocket/Preload Mozilla/5.0 (iPhone; CPU iPhone OS 9_1 like Mac OS X) AppleWebKit/601.1.46 (KHTML, like Gecko) Version/9.0 Mobile/13B143 Safari/601.1"
93.191.156.213 - - [07/Mar/2025:04:34:46 +0100] "GET /bevaegelse/handicap-scootere/foldbare-el-scootere/sammenklappelig-elektrisk-scooter-med-fjernbetjening-flygodkendt-og-let-at-transportere/" 200 48071 "" "WP Rocket/Preload"
93.191.156.213 - - [07/Mar/2025:04:34:47 +0100] "GET /bevaegelse/handicap-scootere/foldbare-el-scootere/sammenklappelig-elektrisk-scooter-med-fjernbetjening-flygodkendt-og-let-at-transportere/" 200 90895 "" "WP Rocket/Preload Mozilla/5.0 (iPhone; CPU iPhone OS 9_1 like Mac OS X) AppleWebKit/601.1.46 (KHTML, like Gecko) Version/9.0 Mobile/13B143 Safari/601.1"
93.191.156.213 - - [07/Mar/2025:04:34:49 +0100] "GET /bevaegelse/korestole/hjaelpemotor/hjaelpemotor-til-koerestol-16km-raekkevidde-ultranem-installation/" 200 91825 "" "WP Rocket/Preload"
93.191.156.213 - - [07/Mar/2025:04:34:50 +0100] "GET /bevaegelse/korestole/hjaelpemotor/hjaelpemotor-til-koerestol-16km-raekkevidde-ultranem-installation/" 200 91492 "" "WP Rocket/Preload Mozilla/5.0 (iPhone; CPU iPhone OS 9_1 like Mac OS X) AppleWebKit/601.1.46 (KHTML, like Gecko) Version/9.0 Mobile/13B143 Safari/601.1"
93.191.156.213 - - [07/Mar/2025:04:34:51 +0100] "GET /bevaegelse/til-trapper/trappeklatrere/lg2004-avanceret-trappelift-med-skinner-patenteret-manoevring-hoej-raekkevidde/" 200 92307 "" "WP Rocket/Preload"
93.191.156.213 - - [07/Mar/2025:04:34:53 +0100] "GET /bevaegelse/til-trapper/trappeklatrere/lg2004-avanceret-trappelift-med-skinner-patenteret-manoevring-hoej-raekkevidde/" 200 91602 "" "WP Rocket/Preload Mozilla/5.0 (iPhone; CPU iPhone OS 9_1 like Mac OS X) AppleWebKit/601.1.46 (KHTML, like Gecko) Version/9.0 Mobile/13B143 Safari/601.1"
93.191.156.213 - - [07/Mar/2025:04:34:54 +0100] "GET /bevaegelse/til-trapper/trappeklatrere/lg2004-t-lift-avanceret-trappeklatrer-tilpasningsdygtig-til-alle-koerestole/" 200 90947 "" "WP Rocket/Preload"
93.191.156.213 - - [07/Mar/2025:04:34:55 +0100] "GET /bevaegelse/til-trapper/trappeklatrere/lg2004-t-lift-avanceret-trappeklatrer-tilpasningsdygtig-til-alle-koerestole/" 200 90864 "" "WP Rocket/Preload Mozilla/5.0 (iPhone; CPU iPhone OS 9_1 like Mac OS X) AppleWebKit/601.1.46 (KHTML, like Gecko) Version/9.0 Mobile/13B143 Safari/601.1"
93.191.156.213 - - [07/Mar/2025:04:34:57 +0100] "GET /product-tag/bestseller-produkt/" 200 89430 "" "WP Rocket/Preload"
93.191.156.213 - - [07/Mar/2025:04:34:58 +0100] "GET /product-tag/bestseller-produkt/" 200 48586 "" "WP Rocket/Preload Mozilla/5.0 (iPhone; CPU iPhone OS 9_1 like Mac OS X) AppleWebKit/601.1.46 (KHTML, like Gecko) Version/9.0 Mobile/13B143 Safari/601.1"
93.191.156.213 - - [07/Mar/2025:04:38:53 +0100] "POST /wp-cron.php?doing_wp_cron=1741318733.7758688926696777343750" 200 0 "" "mQtBHAR6SKEz"
35.195.223.117 - - [07/Mar/2025:04:38:54 +0100] "GET /wp-json/wc/v3/orders?oauth_consumer_key=ck_767531e9aed8f4e4649535625a425845b1b83d5f&oauth_nonce=91ed8254596af193bf3491385c6f786655f0a7a9&oauth_signature=tbMLFkYTmUaFf6Zj8HxNK1HgUt8%3D&oauth_signature_method=HMAC-SHA1&oauth_timestamp=1741318731&oauth_token=&oauth_version=1.0&dates_are_gmt=1&modified_after=2025-03-07%2003%3A32%3A27&per_page=100&page=1" 200 22 "" "IEX Integration/3.0"
35.195.223.117 - - [07/Mar/2025:04:38:54 +0100] "GET /wp-json/wc/v3/products/attributes?oauth_consumer_key=ck_767531e9aed8f4e4649535625a425845b1b83d5f&oauth_nonce=3ca0968e5460df054473457d0971ec612308f874&oauth_signature=ck158ZG%2FCWenllqv6L6eQyA2Yeo%3D&oauth_signature_method=HMAC-SHA1&oauth_timestamp=1741318734&oauth_token=&oauth_version=1.0" 200 7019 "" "IEX Integration/3.0"
93.191.156.213 - - [07/Mar/2025:04:38:55 +0100] "GET /bevaegelse/til-trapper/stolelift-og-trappelift/trappelift-indendoers-til-lige-trappe-med-montering/" 200 88799 "" "WP Rocket/Preload"
93.191.156.213 - - [07/Mar/2025:04:38:56 +0100] "GET /bevaegelse/til-trapper/stolelift-og-trappelift/trappelift-indendoers-til-lige-trappe-med-montering/" 200 88632 "" "WP Rocket/Preload Mozilla/5.0 (iPhone; CPU iPhone OS 9_1 like Mac OS X) AppleWebKit/601.1.46 (KHTML, like Gecko) Version/9.0 Mobile/13B143 Safari/601.1"
93.191.156.213 - - [07/Mar/2025:04:38:58 +0100] "GET /product-tag/uden-koerestol/" 200 48586 "" "WP Rocket/Preload"
93.191.156.213 - - [07/Mar/2025:04:38:59 +0100] "GET /product-tag/uden-koerestol/" 200 90064 "" "WP Rocket/Preload Mozilla/5.0 (iPhone; CPU iPhone OS 9_1 like Mac OS X) AppleWebKit/601.1.46 (KHTML, like Gecko) Version/9.0 Mobile/13B143 Safari/601.1"
93.191.156.213 - - [07/Mar/2025:04:39:01 +0100] "GET /bevaegelse/til-trapper/trappeklatrere/trappeklatrer-gecko-seat/" 200 48586 "" "WP Rocket/Preload"
93.191.156.213 - - [07/Mar/2025:04:39:02 +0100] "GET /bevaegelse/til-trapper/trappeklatrere/trappeklatrer-gecko-seat/" 200 89752 "" "WP Rocket/Preload Mozilla/5.0 (iPhone; CPU iPhone OS 9_1 like Mac OS X) AppleWebKit/601.1.46 (KHTML, like Gecko) Version/9.0 Mobile/13B143 Safari/601.1"
93.191.156.213 - - [07/Mar/2025:04:39:04 +0100] "GET /bevaegelse/til-trapper/trappeklatrere/trappeklatrer-lg-2020-30/" 200 91772 "" "WP Rocket/Preload"
93.191.156.213 - - [07/Mar/2025:04:39:05 +0100] "GET /bevaegelse/til-trapper/trappeklatrere/trappeklatrer-lg-2020-30/" 200 48586 "" "WP Rocket/Preload Mozilla/5.0 (iPhone; CPU iPhone OS 9_1 like Mac OS X) AppleWebKit/601.1.46 (KHTML, like Gecko) Version/9.0 Mobile/13B143 Safari/601.1"
93.191.156.213 - - [07/Mar/2025:04:39:07 +0100] "GET /product-tag/130kg-baereevne/" 200 89416 "" "WP Rocket/Preload"
93.191.156.213 - - [07/Mar/2025:04:39:08 +0100] "GET /product-tag/130kg-baereevne/" 200 89436 "" "WP Rocket/Preload Mozilla/5.0 (iPhone; CPU iPhone OS 9_1 like Mac OS X) AppleWebKit/601.1.46 (KHTML, like Gecko) Version/9.0 Mobile/13B143 Safari/601.1"
93.191.156.213 - - [07/Mar/2025:04:39:09 +0100] "GET /addons/tilpasning-til-venstrehaandsstyring/" 200 83610 "" "WP Rocket/Preload"
93.191.156.213 - - [07/Mar/2025:04:39:11 +0100] "GET /addons/tilpasning-til-venstrehaandsstyring/" 200 83587 "" "WP Rocket/Preload Mozilla/5.0 (iPhone; CPU iPhone OS 9_1 like Mac OS X) AppleWebKit/601.1.46 (KHTML, like Gecko) Version/9.0 Mobile/13B143 Safari/601.1"
93.191.156.213 - - [07/Mar/2025:04:39:12 +0100] "GET /bevaegelse/korestole/el-korestole/med-ledsagerstyring/itrion-elektrisk-koerestol-med-ledsagerstyring/" 200 92539 "" "WP Rocket/Preload"
93.191.156.213 - - [07/Mar/2025:04:39:13 +0100] "GET /bevaegelse/korestole/el-korestole/med-ledsagerstyring/itrion-elektrisk-koerestol-med-ledsagerstyring/" 200 93116 "" "WP Rocket/Preload Mozilla/5.0 (iPhone; CPU iPhone OS 9_1 like Mac OS X) AppleWebKit/601.1.46 (KHTML, like Gecko) Version/9.0 Mobile/13B143 Safari/601.1"
93.191.156.213 - - [07/Mar/2025:04:39:15 +0100] "GET /scootere/bravo/" 499 0 "" "WP Rocket/Preload"
93.191.156.213 - - [07/Mar/2025:04:39:16 +0100] "GET /scootere/bravo/" 499 0 "" "WP Rocket/Preload Mozilla/5.0 (iPhone; CPU iPhone OS 9_1 like Mac OS X) AppleWebKit/601.1.46 (KHTML, like Gecko) Version/9.0 Mobile/13B143 Safari/601.1"
94.102.55.18 - - [07/Mar/2025:04:39:31 +0100] "GET /wp-content/plugins/security-malware-firewall/readme.txt" 555 874 "" "Mozilla/5.0 (Macintosh; Intel Mac OS X 10_15_7) AppleWebKit/537.36 (KHTML, like Gecko) Chrome/131.0.0.0 Safari/537.36"
54.36.148.128 - - [07/Mar/2025:04:42:04 +0100] "GET /bevaegelse/korestole/el-korestole/" 200 96111 "" "Mozilla/5.0 (compatible; AhrefsBot/7.0; +http://ahrefs.com/robot/)"
40.77.202.144 - - [07/Mar/2025:04:43:21 +0100] "GET /wp-content/uploads/2024/10/ca8ec6f1-4e16-4caf-9a18-1c1d90ca6d47.png.webp" 200 85240 "https://danmedica.dk/bevaegelse/rollatorer/" "Mozilla/5.0 AppleWebKit/537.36 (KHTML, like Gecko; compatible; bingbot/2.0; +http://www.bing.com/bingbot.htm) Chrome/112.0.0.0 Safari/537.36"
40.77.167.0 - - [07/Mar/2025:04:43:23 +0100] "GET /bevaegelse/korestole/el-korestole/" 304 0 "" "Mozilla/5.0 AppleWebKit/537.36 (KHTML, like Gecko; compatible; bingbot/2.0; +http://www.bing.com/bingbot.htm) Chrome/116.0.1938.76 Safari/537.36"
40.77.202.144 - - [07/Mar/2025:04:43:25 +0100] "GET /wp-content/plugins/elementor/assets/lib/swiper/v8/swiper.min.js?ver=8.4.5" 200 39695 "https://danmedica.dk/bevaegelse/rollatorer/" "Mozilla/5.0 AppleWebKit/537.36 (KHTML, like Gecko; compatible; bingbot/2.0; +http://www.bing.com/bingbot.htm) Chrome/112.0.0.0 Safari/537.36"
40.77.202.144 - - [07/Mar/2025:04:43:25 +0100] "GET /wp-includes/js/jquery/ui/datepicker.min.js?ver=1.13.3" 200 10909 "https://danmedica.dk/bevaegelse/rollatorer/" "Mozilla/5.0 AppleWebKit/537.36 (KHTML, like Gecko; compatible; bingbot/2.0; +http://www.bing.com/bingbot.htm) Chrome/112.0.0.0 Safari/537.36"
206.189.232.91 - - [07/Mar/2025:04:45:04 +0100] "GET /" 304 0 "http://danmedica.dk/" "Mozilla/5.0 (Macintosh; Intel Mac OS X 10_14_1) AppleWebKit/537.36 (KHTML, like Gecko) Chrome/70.0.3538.102 Safari/537.36"
93.191.156.213 - - [07/Mar/2025:04:49:54 +0100] "POST /wp-cron.php?doing_wp_cron=1741319394.6601359844207763671875" 200 0 "" "DpaNMVFEiC8I"
54.36.149.13 - - [07/Mar/2025:04:49:55 +0100] "GET /bevaegelse/korestole/el-korestole/aftagelige-og-justerbare-fodstoetter/a3-manuel-og-elektrisk-korestol/?add-to-cart=2091" 200 97208 "" "Mozilla/5.0 (compatible; AhrefsBot/7.0; +http://ahrefs.com/robot/)"
93.191.156.213 - - [07/Mar/2025:04:49:56 +0100] "GET /bevaegelse/til-trapper/stolelift-og-trappelift/lg2004-basic-trappelift-med-skinner-manuel-oekonomisk-model/" 200 89964 "" "WP Rocket/Preload"
93.191.156.213 - - [07/Mar/2025:04:49:57 +0100] "GET /bevaegelse/til-trapper/stolelift-og-trappelift/lg2004-basic-trappelift-med-skinner-manuel-oekonomisk-model/" 200 89557 "" "WP Rocket/Preload Mozilla/5.0 (iPhone; CPU iPhone OS 9_1 like Mac OS X) AppleWebKit/601.1.46 (KHTML, like Gecko) Version/9.0 Mobile/13B143 Safari/601.1"
93.191.156.213 - - [07/Mar/2025:04:49:58 +0100] "GET /til-hjemmet/badestole-badebaenke/" 200 80302 "" "WP Rocket/Preload"
93.191.156.213 - - [07/Mar/2025:04:50:00 +0100] "GET /til-hjemmet/badestole-badebaenke/" 200 80350 "" "WP Rocket/Preload Mozilla/5.0 (iPhone; CPU iPhone OS 9_1 like Mac OS X) AppleWebKit/601.1.46 (KHTML, like Gecko) Version/9.0 Mobile/13B143 Safari/601.1"
93.191.156.213 - - [07/Mar/2025:04:50:01 +0100] "GET /bevaegelse/til-trapper/trappeklatrere/" 200 48586 "" "WP Rocket/Preload"
93.191.156.213 - - [07/Mar/2025:04:50:03 +0100] "GET /bevaegelse/til-trapper/trappeklatrere/" 200 81762 "" "WP Rocket/Preload Mozilla/5.0 (iPhone; CPU iPhone OS 9_1 like Mac OS X) AppleWebKit/601.1.46 (KHTML, like Gecko) Version/9.0 Mobile/13B143 Safari/601.1"
93.191.156.213 - - [07/Mar/2025:04:50:04 +0100] "GET /bevaegelse/korestole/el-korestole/aftagelige-og-justerbare-fodstoetter/" 200 73162 "" "WP Rocket/Preload"
93.191.156.213 - - [07/Mar/2025:04:50:06 +0100] "GET /bevaegelse/korestole/el-korestole/aftagelige-og-justerbare-fodstoetter/" 200 81064 "" "WP Rocket/Preload Mozilla/5.0 (iPhone; CPU iPhone OS 9_1 like Mac OS X) AppleWebKit/601.1.46 (KHTML, like Gecko) Version/9.0 Mobile/13B143 Safari/601.1"
93.191.156.213 - - [07/Mar/2025:04:50:07 +0100] "GET /bevaegelse/korestole/el-korestole/joystick-kan-monteres-i-venstre-side/" 200 48586 "" "WP Rocket/Preload"
93.191.156.213 - - [07/Mar/2025:04:50:09 +0100] "GET /bevaegelse/korestole/el-korestole/joystick-kan-monteres-i-venstre-side/" 200 48586 "" "WP Rocket/Preload Mozilla/5.0 (iPhone; CPU iPhone OS 9_1 like Mac OS X) AppleWebKit/601.1.46 (KHTML, like Gecko) Version/9.0 Mobile/13B143 Safari/601.1"
