93.191.156.213 - - [07/Mar/2025:04:50:10 +0100] "GET /bevaegelse/elektrisk-personloftere/" 200 81863 "" "WP Rocket/Preload"
93.191.156.213 - - [07/Mar/2025:04:50:12 +0100] "GET /bevaegelse/elektrisk-personloftere/" 200 81654 "" "WP Rocket/Preload Mozilla/5.0 (iPhone; CPU iPhone OS 9_1 like Mac OS X) AppleWebKit/601.1.46 (KHTML, like Gecko) Version/9.0 Mobile/13B143 Safari/601.1"
93.191.156.213 - - [07/Mar/2025:04:50:13 +0100] "GET /scootere/dolce-vita/" 200 48586 "" "WP Rocket/Preload"
93.191.156.213 - - [07/Mar/2025:04:50:15 +0100] "GET /scootere/dolce-vita/" 200 48586 "" "WP Rocket/Preload Mozilla/5.0 (iPhone; CPU iPhone OS 9_1 like Mac OS X) AppleWebKit/601.1.46 (KHTML, like Gecko) Version/9.0 Mobile/13B143 Safari/601.1"
93.191.156.213 - - [07/Mar/2025:04:50:16 +0100] "GET /bevaegelse/korestole/life-let-og-foldbar-transportkoerestol-10kg/" 200 87509 "" "WP Rocket/Preload"
93.191.156.213 - - [07/Mar/2025:04:50:17 +0100] "GET /bevaegelse/korestole/life-let-og-foldbar-transportkoerestol-10kg/" 200 87572 "" "WP Rocket/Preload Mozilla/5.0 (iPhone; CPU iPhone OS 9_1 like Mac OS X) AppleWebKit/601.1.46 (KHTML, like Gecko) Version/9.0 Mobile/13B143 Safari/601.1"
130.211.54.32 - - [07/Mar/2025:04:50:33 +0100] "GET /wp-json/wc/v3/orders?oauth_consumer_key=ck_767531e9aed8f4e4649535625a425845b1b83d5f&oauth_nonce=054e7068d79e1e8a9b919551d2c204710820634e&oauth_signature=Cs8lFgBpHik2maeZSYuLRlXmYi8%3D&oauth_signature_method=HMAC-SHA1&oauth_timestamp=1741319433&oauth_token=&oauth_version=1.0&dates_are_gmt=1&modified_after=2025-03-07%2003%3A38%3A51&per_page=100&page=1" 200 22 "" "IEX Integration/3.0"
130.211.54.32 - - [07/Mar/2025:04:50:34 +0100] "GET /wp-json/wc/v3/products/attributes?oauth_consumer_key=ck_767531e9aed8f4e4649535625a425845b1b83d5f&oauth_nonce=a12acc54e919d3cb9829e4c20e7c52eb16bd5a5d&oauth_signature=8npWu4TRW3eTEhlD%2FW8%2FlCnCnsQ%3D&oauth_signature_method=HMAC-SHA1&oauth_timestamp=1741319433&oauth_token=&oauth_version=1.0" 200 7019 "" "IEX Integration/3.0"
93.191.156.213 - - [07/Mar/2025:04:50:34 +0100] "POST /wp-cron.php?doing_wp_cron=1741319434.2124700546264648437500" 200 0 "" "EaR6uzBExlvE"
93.191.156.213 - - [07/Mar/2025:04:50:35 +0100] "GET /korestole/life-let-og-foldbar-transportkoerestol-10kg/" 200 48586 "" "WP Rocket/Preload"
93.191.156.213 - - [07/Mar/2025:04:50:37 +0100] "GET /korestole/life-let-og-foldbar-transportkoerestol-10kg/" 200 87512 "" "WP Rocket/Preload Mozilla/5.0 (iPhone; CPU iPhone OS 9_1 like Mac OS X) AppleWebKit/601.1.46 (KHTML, like Gecko) Version/9.0 Mobile/13B143 Safari/601.1"
93.191.156.213 - - [07/Mar/2025:04:50:38 +0100] "GET /bevaegelse/korestole/el-korestole/med-store-baghjul/" 200 48586 "" "WP Rocket/Preload"
93.191.156.213 - - [07/Mar/2025:04:50:40 +0100] "GET /bevaegelse/korestole/el-korestole/med-store-baghjul/" 200 79588 "" "WP Rocket/Preload Mozilla/5.0 (iPhone; CPU iPhone OS 9_1 like Mac OS X) AppleWebKit/601.1.46 (KHTML, like Gecko) Version/9.0 Mobile/13B143 Safari/601.1"
93.191.156.213 - - [07/Mar/2025:04:50:41 +0100] "GET /product-tag/til-koerestol/" 200 48422 "" "WP Rocket/Preload"
93.191.156.213 - - [07/Mar/2025:04:50:43 +0100] "GET /product-tag/til-koerestol/" 200 90487 "" "WP Rocket/Preload Mozilla/5.0 (iPhone; CPU iPhone OS 9_1 like Mac OS X) AppleWebKit/601.1.46 (KHTML, like Gecko) Version/9.0 Mobile/13B143 Safari/601.1"
93.191.156.213 - - [07/Mar/2025:04:50:44 +0100] "GET /product-tag/160kg-baereevne/" 200 90165 "" "WP Rocket/Preload"
93.191.156.213 - - [07/Mar/2025:04:50:46 +0100] "GET /product-tag/160kg-baereevne/" 200 90185 "" "WP Rocket/Preload Mozilla/5.0 (iPhone; CPU iPhone OS 9_1 like Mac OS X) AppleWebKit/601.1.46 (KHTML, like Gecko) Version/9.0 Mobile/13B143 Safari/601.1"
93.191.156.213 - - [07/Mar/2025:04:50:47 +0100] "GET /jsf/jet-engine/" 200 77093 "" "WP Rocket/Preload"
93.191.156.213 - - [07/Mar/2025:04:50:49 +0100] "GET /bevaegelse/til-trapper/stolelift-og-trappelift/" 200 80948 "" "WP Rocket/Preload"
93.191.156.213 - - [07/Mar/2025:04:50:49 +0100] "GET /jsf/jet-engine/" 200 77096 "" "WP Rocket/Preload Mozilla/5.0 (iPhone; CPU iPhone OS 9_1 like Mac OS X) AppleWebKit/601.1.46 (KHTML, like Gecko) Version/9.0 Mobile/13B143 Safari/601.1"
93.191.156.213 - - [07/Mar/2025:04:50:51 +0100] "GET /bevaegelse/til-trapper/stolelift-og-trappelift/" 200 48586 "" "WP Rocket/Preload Mozilla/5.0 (iPhone; CPU iPhone OS 9_1 like Mac OS X) AppleWebKit/601.1.46 (KHTML, like Gecko) Version/9.0 Mobile/13B143 Safari/601.1"
93.191.156.213 - - [07/Mar/2025:04:50:52 +0100] "GET /bevaegelse/korestole/el-korestole/med-fjernbetjening/" 200 48586 "" "WP Rocket/Preload"
93.191.156.213 - - [07/Mar/2025:04:50:54 +0100] "GET /bevaegelse/korestole/el-korestole/med-fjernbetjening/" 200 48586 "" "WP Rocket/Preload Mozilla/5.0 (iPhone; CPU iPhone OS 9_1 like Mac OS X) AppleWebKit/601.1.46 (KHTML, like Gecko) Version/9.0 Mobile/13B143 Safari/601.1"
93.191.156.213 - - [07/Mar/2025:04:50:54 +0100] "GET /bevaegelse/korestole/el-korestole/med-ledsagerstyring/" 200 83386 "" "WP Rocket/Preload"
93.191.156.213 - - [07/Mar/2025:04:50:56 +0100] "GET /bevaegelse/korestole/el-korestole/med-ledsagerstyring/" 200 48586 "" "WP Rocket/Preload Mozilla/5.0 (iPhone; CPU iPhone OS 9_1 like Mac OS X) AppleWebKit/601.1.46 (KHTML, like Gecko) Version/9.0 Mobile/13B143 Safari/601.1"
66.249.68.5 - - [07/Mar/2025:04:51:58 +0100] "GET /wp-content/uploads/2024/02/fd2f170a-c9d4-4a39-b5d9-bfe25ba48ef9-768x768.png" 200 86902 "" "Googlebot-Image/1.0"
130.211.54.32 - - [07/Mar/2025:04:55:56 +0100] "GET /wp-json/wc/v3/orders?oauth_consumer_key=ck_767531e9aed8f4e4649535625a425845b1b83d5f&oauth_nonce=906cd2d6628411c269b2dd40a4d08078e4b3da0a&oauth_signature=kv7i83YHcTFve57bNFIli29IvlE%3D&oauth_signature_method=HMAC-SHA1&oauth_timestamp=1741319753&oauth_token=&oauth_version=1.0&dates_are_gmt=1&modified_after=2025-03-07%2003%3A50%3A32&per_page=100&page=1" 200 22 "" "IEX Integration/3.0"
93.191.156.213 - - [07/Mar/2025:04:55:56 +0100] "POST /wp-cron.php?doing_wp_cron=1741319756.2515459060668945312500" 200 0 "" "hbHm3itQpdbk"
130.211.54.32 - - [07/Mar/2025:04:55:57 +0100] "GET /wp-json/wc/v3/products/attributes?oauth_consumer_key=ck_767531e9aed8f4e4649535625a425845b1b83d5f&oauth_nonce=872040c36ad2f9a4c4684d5de71e56b0d2c36102&oauth_signature=Mw8QblrHA0Bhwrkll3RKoYnX8HY%3D&oauth_signature_method=HMAC-SHA1&oauth_timestamp=1741319756&oauth_token=&oauth_version=1.0" 200 7019 "" "IEX Integration/3.0"
93.191.156.213 - - [07/Mar/2025:04:55:58 +0100] "GET /bevaegelse/handicap-scootere/letvaegt/" 200 82097 "" "WP Rocket/Preload"
93.191.156.213 - - [07/Mar/2025:04:55:59 +0100] "GET /bevaegelse/handicap-scootere/letvaegt/" 200 82109 "" "WP Rocket/Preload Mozilla/5.0 (iPhone; CPU iPhone OS 9_1 like Mac OS X) AppleWebKit/601.1.46 (KHTML, like Gecko) Version/9.0 Mobile/13B143 Safari/601.1"
93.191.156.213 - - [07/Mar/2025:04:56:01 +0100] "GET /bevaegelse/handicap-scootere/foldbare-el-scootere/" 200 81273 "" "WP Rocket/Preload"
93.191.156.213 - - [07/Mar/2025:04:56:02 +0100] "GET /bevaegelse/handicap-scootere/foldbare-el-scootere/" 200 81319 "" "WP Rocket/Preload Mozilla/5.0 (iPhone; CPU iPhone OS 9_1 like Mac OS X) AppleWebKit/601.1.46 (KHTML, like Gecko) Version/9.0 Mobile/13B143 Safari/601.1"
93.191.156.213 - - [07/Mar/2025:04:56:04 +0100] "GET /bevaegelse/handicap-scootere/3-hjulet/" 200 82742 "" "WP Rocket/Preload"
93.191.156.213 - - [07/Mar/2025:04:56:05 +0100] "GET /bevaegelse/handicap-scootere/3-hjulet/" 200 83021 "" "WP Rocket/Preload Mozilla/5.0 (iPhone; CPU iPhone OS 9_1 like Mac OS X) AppleWebKit/601.1.46 (KHTML, like Gecko) Version/9.0 Mobile/13B143 Safari/601.1"
93.191.156.213 - - [07/Mar/2025:04:56:06 +0100] "GET /bevaegelse/korestole/manuelle-koerestole/" 499 0 "" "WP Rocket/Preload"
93.191.156.213 - - [07/Mar/2025:04:56:08 +0100] "GET /bevaegelse/korestole/manuelle-koerestole/" 499 0 "" "WP Rocket/Preload Mozilla/5.0 (iPhone; CPU iPhone OS 9_1 like Mac OS X) AppleWebKit/601.1.46 (KHTML, like Gecko) Version/9.0 Mobile/13B143 Safari/601.1"
157.55.39.62 - - [07/Mar/2025:04:56:08 +0100] "GET /wp-json/wp/v2/product_tag/212" 200 309 "" "Mozilla/5.0 AppleWebKit/537.36 (KHTML, like Gecko; compatible; bingbot/2.0; +http://www.bing.com/bingbot.htm) Chrome/116.0.1938.76 Safari/537.36"
93.191.156.213 - - [07/Mar/2025:04:56:09 +0100] "GET /bevaegelse/korestole/el-korestole/aftagelige-og-justerbare-fodstoetter/a3-el-korestol-med-ledsagerstyring/" 200 96582 "" "WP Rocket/Preload"
93.191.156.213 - - [07/Mar/2025:04:56:11 +0100] "GET /bevaegelse/korestole/el-korestole/aftagelige-og-justerbare-fodstoetter/a3-el-korestol-med-ledsagerstyring/" 200 48586 "" "WP Rocket/Preload Mozilla/5.0 (iPhone; CPU iPhone OS 9_1 like Mac OS X) AppleWebKit/601.1.46 (KHTML, like Gecko) Version/9.0 Mobile/13B143 Safari/601.1"
93.191.156.213 - - [07/Mar/2025:04:56:12 +0100] "GET /bevaegelse/korestole/hjaelpemotor/" 200 80392 "" "WP Rocket/Preload"
93.191.156.213 - - [07/Mar/2025:04:56:14 +0100] "GET /bevaegelse/korestole/hjaelpemotor/" 200 48586 "" "WP Rocket/Preload Mozilla/5.0 (iPhone; CPU iPhone OS 9_1 like Mac OS X) AppleWebKit/601.1.46 (KHTML, like Gecko) Version/9.0 Mobile/13B143 Safari/601.1"
93.191.156.213 - - [07/Mar/2025:04:56:15 +0100] "GET /klinikudstyr/vippelejer-undersoegelseslejer/" 200 48586 "" "WP Rocket/Preload"
93.191.156.213 - - [07/Mar/2025:04:56:17 +0100] "GET /klinikudstyr/vippelejer-undersoegelseslejer/" 200 48586 "" "WP Rocket/Preload Mozilla/5.0 (iPhone; CPU iPhone OS 9_1 like Mac OS X) AppleWebKit/601.1.46 (KHTML, like Gecko) Version/9.0 Mobile/13B143 Safari/601.1"
93.191.156.213 - - [07/Mar/2025:04:56:18 +0100] "GET /bevaegelse/korestole/el-korestole/letvaegt-sammenklappelige/itrion-drive-elektrisk-koerestol-med-dobbelt-joystick-styring/" 499 0 "" "WP Rocket/Preload"
93.191.156.213 - - [07/Mar/2025:04:56:20 +0100] "GET /bevaegelse/korestole/el-korestole/letvaegt-sammenklappelige/itrion-drive-elektrisk-koerestol-med-dobbelt-joystick-styring/" 200 48071 "" "WP Rocket/Preload Mozilla/5.0 (iPhone; CPU iPhone OS 9_1 like Mac OS X) AppleWebKit/601.1.46 (KHTML, like Gecko) Version/9.0 Mobile/13B143 Safari/601.1"
93.191.156.213 - - [07/Mar/2025:04:57:08 +0100] "POST /wp-cron.php?doing_wp_cron=1741319828.4803330898284912109375" 200 0 "" "MfsPPss3L15C"
93.191.156.213 - - [07/Mar/2025:04:57:09 +0100] "GET /product-tag/18-9kg/" 200 89342 "" "WP Rocket/Preload"
66.249.68.5 - - [07/Mar/2025:04:57:09 +0100] "GET /product-tag/13kg/" 200 89735 "" "Mozilla/5.0 (Linux; Android 6.0.1; Nexus 5X Build/MMB29P) AppleWebKit/537.36 (KHTML, like Gecko) Chrome/133.0.6943.53 Mobile Safari/537.36 (compatible; Googlebot/2.1; +http://www.google.com/bot.html)"
93.191.156.213 - - [07/Mar/2025:04:57:11 +0100] "GET /product-tag/18-9kg/" 200 89362 "" "WP Rocket/Preload Mozilla/5.0 (iPhone; CPU iPhone OS 9_1 like Mac OS X) AppleWebKit/601.1.46 (KHTML, like Gecko) Version/9.0 Mobile/13B143 Safari/601.1"
93.191.156.213 - - [07/Mar/2025:04:57:12 +0100] "GET /product-tag/automatisk-foldbar/" 200 90755 "" "WP Rocket/Preload"
93.191.156.213 - - [07/Mar/2025:04:57:14 +0100] "GET /product-tag/automatisk-foldbar/" 200 90774 "" "WP Rocket/Preload Mozilla/5.0 (iPhone; CPU iPhone OS 9_1 like Mac OS X) AppleWebKit/601.1.46 (KHTML, like Gecko) Version/9.0 Mobile/13B143 Safari/601.1"
93.191.156.213 - - [07/Mar/2025:04:57:15 +0100] "GET /korestole/a3-el-korestol-med-ledsagerstyring/" 200 96688 "" "WP Rocket/Preload"
93.191.156.213 - - [07/Mar/2025:04:57:17 +0100] "GET /korestole/a3-el-korestol-med-ledsagerstyring/" 200 96562 "" "WP Rocket/Preload Mozilla/5.0 (iPhone; CPU iPhone OS 9_1 like Mac OS X) AppleWebKit/601.1.46 (KHTML, like Gecko) Version/9.0 Mobile/13B143 Safari/601.1"
93.191.156.213 - - [07/Mar/2025:04:57:18 +0100] "GET /addons/gel-saedebetraek/" 200 83763 "" "WP Rocket/Preload"
93.191.156.213 - - [07/Mar/2025:04:57:19 +0100] "GET /addons/gel-saedebetraek/" 200 83744 "" "WP Rocket/Preload Mozilla/5.0 (iPhone; CPU iPhone OS 9_1 like Mac OS X) AppleWebKit/601.1.46 (KHTML, like Gecko) Version/9.0 Mobile/13B143 Safari/601.1"
93.191.156.213 - - [07/Mar/2025:04:57:21 +0100] "GET /bevaegelse/til-trapper/trappeklatrere/trappeklatrer-lg-2020/" 200 91926 "" "WP Rocket/Preload"
93.191.156.213 - - [07/Mar/2025:04:57:22 +0100] "GET /bevaegelse/til-trapper/trappeklatrere/trappeklatrer-lg-2020/" 200 91361 "" "WP Rocket/Preload Mozilla/5.0 (iPhone; CPU iPhone OS 9_1 like Mac OS X) AppleWebKit/601.1.46 (KHTML, like Gecko) Version/9.0 Mobile/13B143 Safari/601.1"
93.191.156.213 - - [07/Mar/2025:04:57:26 +0100] "GET /bevaegelse/korestole/strandkoerestol/" 200 87542 "" "WP Rocket/Preload"
93.191.156.213 - - [07/Mar/2025:04:57:26 +0100] "GET /bevaegelse/korestole/" 200 48586 "" "WP Rocket/Preload"
93.191.156.213 - - [07/Mar/2025:04:57:27 +0100] "GET /bevaegelse/korestole/" 200 48586 "" "WP Rocket/Preload Mozilla/5.0 (iPhone; CPU iPhone OS 9_1 like Mac OS X) AppleWebKit/601.1.46 (KHTML, like Gecko) Version/9.0 Mobile/13B143 Safari/601.1"
93.191.156.213 - - [07/Mar/2025:04:57:27 +0100] "GET /bevaegelse/korestole/strandkoerestol/" 200 87781 "" "WP Rocket/Preload Mozilla/5.0 (iPhone; CPU iPhone OS 9_1 like Mac OS X) AppleWebKit/601.1.46 (KHTML, like Gecko) Version/9.0 Mobile/13B143 Safari/601.1"
93.191.156.213 - - [07/Mar/2025:04:57:28 +0100] "GET /bevaegelse/korestole/god-allround-koerestol-foldbar-og-letvaegt-12kg/" 200 87295 "" "WP Rocket/Preload"
54.36.148.230 - - [07/Mar/2025:04:57:29 +0100] "GET /bevaegelse/rollatorer/care-lux-luksus-rollator-med-extra-bredt-og-komfortabelt-saede/" 200 90791 "" "Mozilla/5.0 (compatible; AhrefsBot/7.0; +http://ahrefs.com/robot/)"
93.191.156.213 - - [07/Mar/2025:04:57:30 +0100] "GET /bevaegelse/korestole/god-allround-koerestol-foldbar-og-letvaegt-12kg/" 200 87873 "" "WP Rocket/Preload Mozilla/5.0 (iPhone; CPU iPhone OS 9_1 like Mac OS X) AppleWebKit/601.1.46 (KHTML, like Gecko) Version/9.0 Mobile/13B143 Safari/601.1"
40.77.167.58 - - [07/Mar/2025:04:59:03 +0100] "GET /bevaegelse/korestole/strandkoerestol/" 200 87561 "" "Mozilla/5.0 AppleWebKit/537.36 (KHTML, like Gecko; compatible; bingbot/2.0; +http://www.bing.com/bingbot.htm) Chrome/116.0.1938.76 Safari/537.36"
87.250.224.18 - - [07/Mar/2025:04:59:03 +0100] "GET /bevaegelse/korestole/strandkoerestol/" 200 87561 "" "Mozilla/5.0 (compatible; YandexBot/3.0; +http://yandex.com/bots)"
157.55.39.62 - - [07/Mar/2025:04:59:18 +0100] "GET /wp-content/uploads/2024/02/c7e79d65-e1a1-49a8-a5bf-e928419262db-768x768.png.webp" 200 94806 "" "Mozilla/5.0 AppleWebKit/537.36 (KHTML, like Gecko; compatible; bingbot/2.0; +http://www.bing.com/bingbot.htm) Chrome/116.0.1938.76 Safari/537.36"
40.77.167.47 - - [07/Mar/2025:04:59:23 +0100] "GET /wp-content/uploads/2023/12/a3c0f593-f2bb-4038-b03c-e6b80dc46084-768x768.png.webp" 200 112316 "" "Mozilla/5.0 AppleWebKit/537.36 (KHTML, like Gecko; compatible; bingbot/2.0; +http://www.bing.com/bingbot.htm) Chrome/116.0.1938.76 Safari/537.36"
40.77.167.47 - - [07/Mar/2025:04:59:25 +0100] "GET /wp-content/uploads/2023/12/a2952427-cdfd-4ed5-a3f8-b8f0f396d809-600x400.png.webp" 200 28670 "" "Mozilla/5.0 AppleWebKit/537.36 (KHTML, like Gecko; compatible; bingbot/2.0; +http://www.bing.com/bingbot.htm) Chrome/116.0.1938.76 Safari/537.36"
40.77.167.23 - - [07/Mar/2025:04:59:28 +0100] "GET /wp-content/uploads/2024/06/easybeach02-1-600x400.webp" 200 9576 "" "Mozilla/5.0 AppleWebKit/537.36 (KHTML, like Gecko; compatible; bingbot/2.0; +http://www.bing.com/bingbot.htm) Chrome/116.0.1938.76 Safari/537.36"
40.77.167.23 - - [07/Mar/2025:04:59:28 +0100] "GET /wp-content/uploads/2024/06/easybeach01-1-600x400.webp" 200 8206 "" "Mozilla/5.0 AppleWebKit/537.36 (KHTML, like Gecko; compatible; bingbot/2.0; +http://www.bing.com/bingbot.htm) Chrome/116.0.1938.76 Safari/537.36"
185.191.171.4 - - [07/Mar/2025:04:59:54 +0100] "GET /bevaegelse/til-trapper/trappeklatrere/trappeklatrer-gecko-seat/" 200 89102 "" "Mozilla/5.0 (compatible; SemrushBot/7~bl; +http://www.semrush.com/bot.html)"
35.195.223.117 - - [07/Mar/2025:05:00:58 +0100] "GET /wp-json/wc/v3/orders?oauth_consumer_key=ck_767531e9aed8f4e4649535625a425845b1b83d5f&oauth_nonce=de2c6fa40be92820be5d28b93d020ab332860768&oauth_signature=22CFy%2BYG5zAX0%2FYtjm%2F37pFzIvo%3D&oauth_signature_method=HMAC-SHA1&oauth_timestamp=1741320056&oauth_token=&oauth_version=1.0&dates_are_gmt=1&modified_after=2025-03-07%2003%3A55%3A53&per_page=100&page=1" 200 22 "" "IEX Integration/3.0"
40.77.167.23 - - [07/Mar/2025:05:00:58 +0100] "GET /bevaegelse/til-trapper/trappeklatrere/trappeklatrer-gecko-seat/" 304 0 "" "Mozilla/5.0 AppleWebKit/537.36 (KHTML, like Gecko; compatible; bingbot/2.0; +http://www.bing.com/bingbot.htm) Chrome/116.0.1938.76 Safari/537.36"
93.191.156.213 - - [07/Mar/2025:05:00:58 +0100] "POST /wp-cron.php?doing_wp_cron=1741320058.5764930248260498046875" 200 0 "" "BhvBkfdWaEZG"
35.195.223.117 - - [07/Mar/2025:05:00:59 +0100] "GET /wp-json/wc/v3/products/attributes?oauth_consumer_key=ck_767531e9aed8f4e4649535625a425845b1b83d5f&oauth_nonce=97071e93e11b10aa1ff86b89a4ea41d9002c75b0&oauth_signature=HOGZZUh%2BhrXzZQm46baDsHuo2ME%3D&oauth_signature_method=HMAC-SHA1&oauth_timestamp=1741320059&oauth_token=&oauth_version=1.0" 200 7019 "" "IEX Integration/3.0"
93.191.156.213 - - [07/Mar/2025:05:01:00 +0100] "GET /userweight/101-120-kg/" 200 94829 "" "WP Rocket/Preload"
93.191.156.213 - - [07/Mar/2025:05:01:01 +0100] "GET /userweight/101-120-kg/" 499 0 "" "WP Rocket/Preload Mozilla/5.0 (iPhone; CPU iPhone OS 9_1 like Mac OS X) AppleWebKit/601.1.46 (KHTML, like Gecko) Version/9.0 Mobile/13B143 Safari/601.1"
93.191.156.213 - - [07/Mar/2025:05:01:03 +0100] "GET /weight/25-40-kg/" 200 48586 "" "WP Rocket/Preload"
93.191.156.213 - - [07/Mar/2025:05:01:05 +0100] "GET /weight/25-40-kg/" 200 48586 "" "WP Rocket/Preload Mozilla/5.0 (iPhone; CPU iPhone OS 9_1 like Mac OS X) AppleWebKit/601.1.46 (KHTML, like Gecko) Version/9.0 Mobile/13B143 Safari/601.1"
93.191.156.213 - - [07/Mar/2025:05:01:06 +0100] "GET /product-tag/manuel-elektrisk/" 200 89621 "" "WP Rocket/Preload"
213.180.203.81 - - [07/Mar/2025:05:01:06 +0100] "GET /bevaegelse/til-trapper/trappeklatrere/trappeklatrer-gecko-seat/" 200 89102 "" "Mozilla/5.0 (compatible; YandexBot/3.0; +http://yandex.com/bots)"
93.191.156.213 - - [07/Mar/2025:05:01:07 +0100] "GET /product-tag/manuel-elektrisk/" 200 89640 "" "WP Rocket/Preload Mozilla/5.0 (iPhone; CPU iPhone OS 9_1 like Mac OS X) AppleWebKit/601.1.46 (KHTML, like Gecko) Version/9.0 Mobile/13B143 Safari/601.1"
93.191.156.213 - - [07/Mar/2025:05:01:09 +0100] "GET /product-tag/staerk-motor/" 200 90413 "" "WP Rocket/Preload"
93.191.156.213 - - [07/Mar/2025:05:01:10 +0100] "GET /product-tag/staerk-motor/" 200 90433 "" "WP Rocket/Preload Mozilla/5.0 (iPhone; CPU iPhone OS 9_1 like Mac OS X) AppleWebKit/601.1.46 (KHTML, like Gecko) Version/9.0 Mobile/13B143 Safari/601.1"
93.191.156.213 - - [07/Mar/2025:05:01:11 +0100] "GET /product-tag/25kg/" 200 90134 "" "WP Rocket/Preload"
93.191.156.213 - - [07/Mar/2025:05:01:13 +0100] "GET /product-tag/25kg/" 200 90153 "" "WP Rocket/Preload Mozilla/5.0 (iPhone; CPU iPhone OS 9_1 like Mac OS X) AppleWebKit/601.1.46 (KHTML, like Gecko) Version/9.0 Mobile/13B143 Safari/601.1"
100.28.218.75 - - [07/Mar/2025:05:01:14 +0100] "GET //wp-includes/wlwmanifest.xml" 555 876 "" "Mozilla/5.0 (Windows NT 10.0; Win64; x64) AppleWebKit/537.36 (KHTML, like Gecko) Chrome/78.0.3904.108 Safari/537.36"
100.28.218.75 - - [07/Mar/2025:05:01:14 +0100] "GET //xmlrpc.php?rsd" 555 876 "" "Mozilla/5.0 (Windows NT 10.0; Win64; x64) AppleWebKit/537.36 (KHTML, like Gecko) Chrome/78.0.3904.108 Safari/537.36"
100.28.218.75 - - [07/Mar/2025:05:01:14 +0100] "GET /" 555 876 "" "Mozilla/5.0 (Windows NT 10.0; Win64; x64) AppleWebKit/537.36 (KHTML, like Gecko) Chrome/78.0.3904.108 Safari/537.36"
93.191.156.213 - - [07/Mar/2025:05:01:14 +0100] "GET /product-tag/blaa/" 200 89329 "" "WP Rocket/Preload"
100.28.218.75 - - [07/Mar/2025:05:01:15 +0100] "GET //blog/wp-includes/wlwmanifest.xml" 555 876 "" "Mozilla/5.0 (Windows NT 10.0; Win64; x64) AppleWebKit/537.36 (KHTML, like Gecko) Chrome/78.0.3904.108 Safari/537.36"
100.28.218.75 - - [07/Mar/2025:05:01:15 +0100] "GET /" 555 876 "" "Mozilla/5.0 (Windows NT 10.0; Win64; x64) AppleWebKit/537.36 (KHTML, like Gecko) Chrome/78.0.3904.108 Safari/537.36"
100.28.218.75 - - [07/Mar/2025:05:01:15 +0100] "GET //web/wp-includes/wlwmanifest.xml" 555 876 "" "Mozilla/5.0 (Windows NT 10.0; Win64; x64) AppleWebKit/537.36 (KHTML, like Gecko) Chrome/78.0.3904.108 Safari/537.36"
100.28.218.75 - - [07/Mar/2025:05:01:16 +0100] "GET //wordpress/wp-includes/wlwmanifest.xml" 555 876 "" "Mozilla/5.0 (Windows NT 10.0; Win64; x64) AppleWebKit/537.36 (KHTML, like Gecko) Chrome/78.0.3904.108 Safari/537.36"
100.28.218.75 - - [07/Mar/2025:05:01:16 +0100] "GET //news/wp-includes/wlwmanifest.xml" 555 876 "" "Mozilla/5.0 (Windows NT 10.0; Win64; x64) AppleWebKit/537.36 (KHTML, like Gecko) Chrome/78.0.3904.108 Safari/537.36"
100.28.218.75 - - [07/Mar/2025:05:01:16 +0100] "GET //wp/wp-includes/wlwmanifest.xml" 555 876 "" "Mozilla/5.0 (Windows NT 10.0; Win64; x64) AppleWebKit/537.36 (KHTML, like Gecko) Chrome/78.0.3904.108 Safari/537.36"
100.28.218.75 - - [07/Mar/2025:05:01:16 +0100] "GET //website/wp-includes/wlwmanifest.xml" 555 876 "" "Mozilla/5.0 (Windows NT 10.0; Win64; x64) AppleWebKit/537.36 (KHTML, like Gecko) Chrome/78.0.3904.108 Safari/537.36"
93.191.156.213 - - [07/Mar/2025:05:01:16 +0100] "GET /product-tag/blaa/" 200 89349 "" "WP Rocket/Preload Mozilla/5.0 (iPhone; CPU iPhone OS 9_1 like Mac OS X) AppleWebKit/601.1.46 (KHTML, like Gecko) Version/9.0 Mobile/13B143 Safari/601.1"
100.28.218.75 - - [07/Mar/2025:05:01:17 +0100] "GET //2018/wp-includes/wlwmanifest.xml" 555 876 "" "Mozilla/5.0 (Windows NT 10.0; Win64; x64) AppleWebKit/537.36 (KHTML, like Gecko) Chrome/78.0.3904.108 Safari/537.36"
93.191.156.213 - - [07/Mar/2025:05:01:17 +0100] "GET /til-hjemmet/toiletstole-og-baekkenstole/transferstol-med-baekken-2802/" 200 87737 "" "WP Rocket/Preload"
100.28.218.75 - - [07/Mar/2025:05:01:17 +0100] "GET //2019/wp-includes/wlwmanifest.xml" 555 876 "" "Mozilla/5.0 (Windows NT 10.0; Win64; x64) AppleWebKit/537.36 (KHTML, like Gecko) Chrome/78.0.3904.108 Safari/537.36"
100.28.218.75 - - [07/Mar/2025:05:01:17 +0100] "GET //shop/wp-includes/wlwmanifest.xml" 555 876 "" "Mozilla/5.0 (Windows NT 10.0; Win64; x64) AppleWebKit/537.36 (KHTML, like Gecko) Chrome/78.0.3904.108 Safari/537.36"
93.191.156.213 - - [07/Mar/2025:05:01:18 +0100] "GET /til-hjemmet/toiletstole-og-baekkenstole/transferstol-med-baekken-2802/" 200 87874 "" "WP Rocket/Preload Mozilla/5.0 (iPhone; CPU iPhone OS 9_1 like Mac OS X) AppleWebKit/601.1.46 (KHTML, like Gecko) Version/9.0 Mobile/13B143 Safari/601.1"
100.28.218.75 - - [07/Mar/2025:05:01:18 +0100] "GET //wp1/wp-includes/wlwmanifest.xml" 555 876 "" "Mozilla/5.0 (Windows NT 10.0; Win64; x64) AppleWebKit/537.36 (KHTML, like Gecko) Chrome/78.0.3904.108 Safari/537.36"
100.28.218.75 - - [07/Mar/2025:05:01:18 +0100] "GET //media/wp-includes/wlwmanifest.xml" 555 876 "" "Mozilla/5.0 (Windows NT 10.0; Win64; x64) AppleWebKit/537.36 (KHTML, like Gecko) Chrome/78.0.3904.108 Safari/537.36"
100.28.218.75 - - [07/Mar/2025:05:01:18 +0100] "GET //test/wp-includes/wlwmanifest.xml" 555 876 "" "Mozilla/5.0 (Windows NT 10.0; Win64; x64) AppleWebKit/537.36 (KHTML, like Gecko) Chrome/78.0.3904.108 Safari/537.36"
100.28.218.75 - - [07/Mar/2025:05:01:19 +0100] "GET //site/wp-includes/wlwmanifest.xml" 555 876 "" "Mozilla/5.0 (Windows NT 10.0; Win64; x64) AppleWebKit/537.36 (KHTML, like Gecko) Chrome/78.0.3904.108 Safari/537.36"
100.28.218.75 - - [07/Mar/2025:05:01:19 +0100] "GET //cms/wp-includes/wlwmanifest.xml" 555 876 "" "Mozilla/5.0 (Windows NT 10.0; Win64; x64) AppleWebKit/537.36 (KHTML, like Gecko) Chrome/78.0.3904.108 Safari/537.36"
100.28.218.75 - - [07/Mar/2025:05:01:19 +0100] "GET //wp2/wp-includes/wlwmanifest.xml" 555 876 "" "Mozilla/5.0 (Windows NT 10.0; Win64; x64) AppleWebKit/537.36 (KHTML, like Gecko) Chrome/78.0.3904.108 Safari/537.36"
93.191.156.213 - - [07/Mar/2025:05:01:20 +0100] "GET /product-tag/16kg/" 200 89917 "" "WP Rocket/Preload"
100.28.218.75 - - [07/Mar/2025:05:01:20 +0100] "GET //sito/wp-includes/wlwmanifest.xml" 555 876 "" "Mozilla/5.0 (Windows NT 10.0; Win64; x64) AppleWebKit/537.36 (KHTML, like Gecko) Chrome/78.0.3904.108 Safari/537.36"
157.55.39.62 - - [07/Mar/2025:05:01:21 +0100] "GET /wp-content/uploads/2024/06/5552da1b-5cbb-41a2-8dac-dd6682113f2e-600x600.png.webp" 200 38262 "" "Mozilla/5.0 AppleWebKit/537.36 (KHTML, like Gecko; compatible; bingbot/2.0; +http://www.bing.com/bingbot.htm) Chrome/116.0.1938.76 Safari/537.36"
93.191.156.213 - - [07/Mar/2025:05:01:21 +0100] "GET /product-tag/16kg/" 200 89937 "" "WP Rocket/Preload Mozilla/5.0 (iPhone; CPU iPhone OS 9_1 like Mac OS X) AppleWebKit/601.1.46 (KHTML, like Gecko) Version/9.0 Mobile/13B143 Safari/601.1"
157.55.39.62 - - [07/Mar/2025:05:01:22 +0100] "GET /wp-content/uploads/2024/06/e2a2b75d-dadf-4f6a-8c0c-6fdb54524da4-600x600.png.webp" 200 44608 "" "Mozilla/5.0 AppleWebKit/537.36 (KHTML, like Gecko; compatible; bingbot/2.0; +http://www.bing.com/bingbot.htm) Chrome/116.0.1938.76 Safari/537.36"
40.77.167.47 - - [07/Mar/2025:05:01:26 +0100] "GET /bevaegelse/korestole/strandkoerestol/" 304 0 "" "Mozilla/5.0 AppleWebKit/537.36 (KHTML, like Gecko; compatible; bingbot/2.0; +http://www.bing.com/bingbot.htm) Chrome/116.0.1938.76 Safari/537.36"
40.77.167.47 - - [07/Mar/2025:05:01:27 +0100] "GET /wp-content/uploads/2024/06/1675500f-6780-4287-ad4d-168936cacfd8-600x600.png.webp" 200 38366 "" "Mozilla/5.0 AppleWebKit/537.36 (KHTML, like Gecko; compatible; bingbot/2.0; +http://www.bing.com/bingbot.htm) Chrome/116.0.1938.76 Safari/537.36"
206.189.232.91 - - [07/Mar/2025:05:01:39 +0100] "GET /" 304 0 "http://danmedica.dk/" "Mozilla/5.0 (Macintosh; Intel Mac OS X 10_14_1) AppleWebKit/537.36 (KHTML, like Gecko) Chrome/70.0.3538.102 Safari/537.36"
40.77.167.23 - - [07/Mar/2025:05:03:07 +0100] "GET /bevaegelse/til-trapper/trappeklatrere/trappeklatrer-gecko-seat/" 304 0 "" "Mozilla/5.0 AppleWebKit/537.36 (KHTML, like Gecko; compatible; bingbot/2.0; +http://www.bing.com/bingbot.htm) Chrome/116.0.1938.76 Safari/537.36"
40.77.167.23 - - [07/Mar/2025:05:03:08 +0100] "GET /wp-content/uploads/2024/01/7Libercar-Dolce-Vita-300x300.jpg.webp" 200 19470 "" "Mozilla/5.0 AppleWebKit/537.36 (KHTML, like Gecko; compatible; bingbot/2.0; +http://www.bing.com/bingbot.htm) Chrome/116.0.1938.76 Safari/537.36"
93.191.156.213 - - [07/Mar/2025:05:04:45 +0100] "POST /wp-cron.php?doing_wp_cron=1741320285.8734350204467773437500" 200 0 "" "qsfHYBDpOAMC"
54.36.148.104 - - [07/Mar/2025:05:04:46 +0100] "GET /bevaegelse/handicap-scootere/letvaegt/litium-3-hjul/?add-to-cart=1444" 200 90256 "" "Mozilla/5.0 (compatible; AhrefsBot/7.0; +http://ahrefs.com/robot/)"
93.191.156.213 - - [07/Mar/2025:05:04:48 +0100] "GET /bevaegelse/3-hjulet-cykel-nem-at-folde-i-staerk-kulfiber-r32/" 200 96856 "" "WP Rocket/Preload"
93.191.156.213 - - [07/Mar/2025:05:04:50 +0100] "GET /bevaegelse/3-hjulet-cykel-nem-at-folde-i-staerk-kulfiber-r32/" 200 48586 "" "WP Rocket/Preload Mozilla/5.0 (iPhone; CPU iPhone OS 9_1 like Mac OS X) AppleWebKit/601.1.46 (KHTML, like Gecko) Version/9.0 Mobile/13B143 Safari/601.1"
93.191.156.213 - - [07/Mar/2025:05:04:51 +0100] "GET /klinikudstyr/vippelejer-undersoegelseslejer/gynaekologisk-leje-med-elektrisk-baekkenloeft-og-hoejdejustering/" 200 48586 "" "WP Rocket/Preload"
93.191.156.213 - - [07/Mar/2025:05:04:53 +0100] "GET /klinikudstyr/vippelejer-undersoegelseslejer/gynaekologisk-leje-med-elektrisk-baekkenloeft-og-hoejdejustering/" 200 48586 "" "WP Rocket/Preload Mozilla/5.0 (iPhone; CPU iPhone OS 9_1 like Mac OS X) AppleWebKit/601.1.46 (KHTML, like Gecko) Version/9.0 Mobile/13B143 Safari/601.1"
93.191.156.213 - - [07/Mar/2025:05:04:54 +0100] "GET /bevaegelse/korestole/ramper-til-koerestol/" 200 80219 "" "WP Rocket/Preload"
93.191.156.213 - - [07/Mar/2025:05:04:56 +0100] "GET /bevaegelse/korestole/ramper-til-koerestol/" 200 80233 "" "WP Rocket/Preload Mozilla/5.0 (iPhone; CPU iPhone OS 9_1 like Mac OS X) AppleWebKit/601.1.46 (KHTML, like Gecko) Version/9.0 Mobile/13B143 Safari/601.1"
93.191.156.213 - - [07/Mar/2025:05:04:57 +0100] "GET /bevaegelse/korestole/el-korestole/letvaegt-sammenklappelige/airwheel-h3pc-letvaegt-sammenklappelig-el-korestol/" 200 48074 "" "WP Rocket/Preload"
93.191.156.213 - - [07/Mar/2025:05:04:59 +0100] "GET /bevaegelse/korestole/el-korestole/letvaegt-sammenklappelige/airwheel-h3pc-letvaegt-sammenklappelig-el-korestol/" 200 48586 "" "WP Rocket/Preload Mozilla/5.0 (iPhone; CPU iPhone OS 9_1 like Mac OS X) AppleWebKit/601.1.46 (KHTML, like Gecko) Version/9.0 Mobile/13B143 Safari/601.1"
93.191.156.213 - - [07/Mar/2025:05:05:00 +0100] "GET /product-tag/150kg-baerevne/" 499 0 "" "WP Rocket/Preload"
93.191.156.213 - - [07/Mar/2025:05:05:02 +0100] "GET /product-tag/150kg-baerevne/" 499 0 "" "WP Rocket/Preload Mozilla/5.0 (iPhone; CPU iPhone OS 9_1 like Mac OS X) AppleWebKit/601.1.46 (KHTML, like Gecko) Version/9.0 Mobile/13B143 Safari/601.1"
93.191.156.213 - - [07/Mar/2025:05:05:04 +0100] "GET /bevaegelse/korestole/evakueringsstol-og-transitkoerestol-smal-bredde-til-trangerum-flykabiner-lufthavne-hospitaler/" 200 48586 "" "WP Rocket/Preload"
93.191.156.213 - - [07/Mar/2025:05:05:05 +0100] "GET /bevaegelse/korestole/evakueringsstol-og-transitkoerestol-smal-bredde-til-trangerum-flykabiner-lufthavne-hospitaler/" 200 48586 "" "WP Rocket/Preload Mozilla/5.0 (iPhone; CPU iPhone OS 9_1 like Mac OS X) AppleWebKit/601.1.46 (KHTML, like Gecko) Version/9.0 Mobile/13B143 Safari/601.1"
93.191.156.213 - - [07/Mar/2025:05:05:07 +0100] "GET /addons/" 200 48586 "" "WP Rocket/Preload"
93.191.156.213 - - [07/Mar/2025:05:05:08 +0100] "GET /addons/" 200 48586 "" "WP Rocket/Preload Mozilla/5.0 (iPhone; CPU iPhone OS 9_1 like Mac OS X) AppleWebKit/601.1.46 (KHTML, like Gecko) Version/9.0 Mobile/13B143 Safari/601.1"
207.46.13.160 - - [07/Mar/2025:05:07:30 +0100] "GET /wp-content/uploads/2023/12/b07bd8cb-6dc1-4682-bf88-ef37191bc26a.png.webp" 200 91396 "" "Mozilla/5.0 AppleWebKit/537.36 (KHTML, like Gecko; compatible; bingbot/2.0; +http://www.bing.com/bingbot.htm) Chrome/116.0.1938.76 Safari/537.36"
35.195.223.117 - - [07/Mar/2025:05:07:57 +0100] "GET /wp-json/wc/v3/orders?oauth_consumer_key=ck_767531e9aed8f4e4649535625a425845b1b83d5f&oauth_nonce=4a3b9fe897edd73b4e0d845bc4a8456ee1ff8373&oauth_signature=Xjylv54INtgyu%2FlpdU0V9mFaonk%3D&oauth_signature_method=HMAC-SHA1&oauth_timestamp=1741320475&oauth_token=&oauth_version=1.0&dates_are_gmt=1&modified_after=2025-03-07%2004%3A00%3A56&per_page=100&page=1" 200 22 "" "IEX Integration/3.0"
93.191.156.213 - - [07/Mar/2025:05:07:57 +0100] "POST /wp-cron.php?doing_wp_cron=1741320477.1769719123840332031250" 200 0 "" "yw7g1i9NdaoS"
93.191.156.213 - - [07/Mar/2025:05:07:58 +0100] "GET /product-tag/komplet-saet/" 200 89392 "" "WP Rocket/Preload"
35.195.223.117 - - [07/Mar/2025:05:07:58 +0100] "GET /wp-json/wc/v3/products/attributes?oauth_consumer_key=ck_767531e9aed8f4e4649535625a425845b1b83d5f&oauth_nonce=4be8e2648897c4d52ff29c330559a7f3e2df7f7d&oauth_signature=fp%2Flyn8dcsCW3KgqoQk7fLBdq1Q%3D&oauth_signature_method=HMAC-SHA1&oauth_timestamp=1741320477&oauth_token=&oauth_version=1.0" 200 7019 "" "IEX Integration/3.0"
93.191.156.213 - - [07/Mar/2025:05:08:00 +0100] "GET /product-tag/komplet-saet/" 200 89411 "" "WP Rocket/Preload Mozilla/5.0 (iPhone; CPU iPhone OS 9_1 like Mac OS X) AppleWebKit/601.1.46 (KHTML, like Gecko) Version/9.0 Mobile/13B143 Safari/601.1"
93.191.156.213 - - [07/Mar/2025:05:08:01 +0100] "GET /product-tag/25-km-raekkevidde/" 200 89435 "" "WP Rocket/Preload"
93.191.156.213 - - [07/Mar/2025:05:08:02 +0100] "GET /product-tag/25-km-raekkevidde/" 200 89455 "" "WP Rocket/Preload Mozilla/5.0 (iPhone; CPU iPhone OS 9_1 like Mac OS X) AppleWebKit/601.1.46 (KHTML, like Gecko) Version/9.0 Mobile/13B143 Safari/601.1"
93.191.156.213 - - [07/Mar/2025:05:08:04 +0100] "GET /product-tag/120kg-baereevne/" 200 89405 "" "WP Rocket/Preload"
93.191.156.213 - - [07/Mar/2025:05:08:05 +0100] "GET /product-tag/120kg-baereevne/" 200 89424 "" "WP Rocket/Preload Mozilla/5.0 (iPhone; CPU iPhone OS 9_1 like Mac OS X) AppleWebKit/601.1.46 (KHTML, like Gecko) Version/9.0 Mobile/13B143 Safari/601.1"
93.191.156.213 - - [07/Mar/2025:05:08:07 +0100] "GET /product-tag/25km-raekkevidde/" 200 89469 "" "WP Rocket/Preload"
93.191.156.213 - - [07/Mar/2025:05:08:08 +0100] "GET /product-tag/25km-raekkevidde/" 200 89489 "" "WP Rocket/Preload Mozilla/5.0 (iPhone; CPU iPhone OS 9_1 like Mac OS X) AppleWebKit/601.1.46 (KHTML, like Gecko) Version/9.0 Mobile/13B143 Safari/601.1"
93.191.156.213 - - [07/Mar/2025:05:08:09 +0100] "GET /product-tag/deluxe-saede/" 200 89397 "" "WP Rocket/Preload"
93.191.156.213 - - [07/Mar/2025:05:08:11 +0100] "GET /product-tag/deluxe-saede/" 200 89416 "" "WP Rocket/Preload Mozilla/5.0 (iPhone; CPU iPhone OS 9_1 like Mac OS X) AppleWebKit/601.1.46 (KHTML, like Gecko) Version/9.0 Mobile/13B143 Safari/601.1"
93.191.156.213 - - [07/Mar/2025:05:08:12 +0100] "GET /til-hjemmet/toiletstole-og-baekkenstole/badestol-med-transportabelt-toilet-med-smaa-hjul-22341/" 200 87822 "" "WP Rocket/Preload"
93.191.156.213 - - [07/Mar/2025:05:08:14 +0100] "GET /til-hjemmet/toiletstole-og-baekkenstole/badestol-med-transportabelt-toilet-med-smaa-hjul-22341/" 200 87704 "" "WP Rocket/Preload Mozilla/5.0 (iPhone; CPU iPhone OS 9_1 like Mac OS X) AppleWebKit/601.1.46 (KHTML, like Gecko) Version/9.0 Mobile/13B143 Safari/601.1"
93.191.156.213 - - [07/Mar/2025:05:08:15 +0100] "GET /product-tag/2-i-1/" 200 89357 "" "WP Rocket/Preload"
93.191.156.213 - - [07/Mar/2025:05:08:16 +0100] "GET /product-tag/2-i-1/" 200 89376 "" "WP Rocket/Preload Mozilla/5.0 (iPhone; CPU iPhone OS 9_1 like Mac OS X) AppleWebKit/601.1.46 (KHTML, like Gecko) Version/9.0 Mobile/13B143 Safari/601.1"
93.191.156.213 - - [07/Mar/2025:05:08:18 +0100] "GET /klinikudstyr/vippelejer-undersoegelseslejer/vippeleje-med-elektrisk-tilt-og-hoejdetilpasning-aga-kardio-lift-kt-1060-ee/" 200 88667 "" "WP Rocket/Preload"
93.191.156.213 - - [07/Mar/2025:05:08:19 +0100] "GET /klinikudstyr/vippelejer-undersoegelseslejer/vippeleje-med-elektrisk-tilt-og-hoejdetilpasning-aga-kardio-lift-kt-1060-ee/" 200 88632 "" "WP Rocket/Preload Mozilla/5.0 (iPhone; CPU iPhone OS 9_1 like Mac OS X) AppleWebKit/601.1.46 (KHTML, like Gecko) Version/9.0 Mobile/13B143 Safari/601.1"
54.36.149.68 - - [07/Mar/2025:05:11:27 +0100] "GET /bevaegelse/til-trapper/stolelift-og-trappelift/trappeklatrer-gecko-seat/?add-to-cart=4239" 301 0 "" "Mozilla/5.0 (compatible; AhrefsBot/7.0; +http://ahrefs.com/robot/)"
93.191.156.213 - - [07/Mar/2025:05:11:27 +0100] "POST /wp-cron.php?doing_wp_cron=1741320686.9176380634307861328125" 200 0 "" "JmyynCBQ3709"
93.191.156.213 - - [07/Mar/2025:05:11:28 +0100] "GET /scootere/grand-classe/" 200 95565 "" "WP Rocket/Preload"
93.191.156.213 - - [07/Mar/2025:05:11:30 +0100] "GET /scootere/grand-classe/" 200 48586 "" "WP Rocket/Preload Mozilla/5.0 (iPhone; CPU iPhone OS 9_1 like Mac OS X) AppleWebKit/601.1.46 (KHTML, like Gecko) Version/9.0 Mobile/13B143 Safari/601.1"
93.191.156.213 - - [07/Mar/2025:05:11:31 +0100] "GET /bevaegelse/rollatorer/underarmsstoettede-rollatorer/" 200 83595 "" "WP Rocket/Preload"
93.191.156.213 - - [07/Mar/2025:05:11:32 +0100] "GET /bevaegelse/rollatorer/underarmsstoettede-rollatorer/" 200 83609 "" "WP Rocket/Preload Mozilla/5.0 (iPhone; CPU iPhone OS 9_1 like Mac OS X) AppleWebKit/601.1.46 (KHTML, like Gecko) Version/9.0 Mobile/13B143 Safari/601.1"
93.191.156.213 - - [07/Mar/2025:05:11:34 +0100] "GET /bevaegelse/korestole/el-korestole/alma-ultra-let-transportabel-el-koerestol-i-carbon/" 200 94010 "" "WP Rocket/Preload"
93.191.156.213 - - [07/Mar/2025:05:11:35 +0100] "GET /bevaegelse/korestole/el-korestole/alma-ultra-let-transportabel-el-koerestol-i-carbon/" 200 94132 "" "WP Rocket/Preload Mozilla/5.0 (iPhone; CPU iPhone OS 9_1 like Mac OS X) AppleWebKit/601.1.46 (KHTML, like Gecko) Version/9.0 Mobile/13B143 Safari/601.1"
93.191.156.213 - - [07/Mar/2025:05:11:37 +0100] "GET /product-tag/til-urban/" 200 89231 "" "WP Rocket/Preload"
93.191.156.213 - - [07/Mar/2025:05:11:38 +0100] "GET /product-tag/til-urban/" 200 89250 "" "WP Rocket/Preload Mozilla/5.0 (iPhone; CPU iPhone OS 9_1 like Mac OS X) AppleWebKit/601.1.46 (KHTML, like Gecko) Version/9.0 Mobile/13B143 Safari/601.1"
93.191.156.213 - - [07/Mar/2025:05:11:39 +0100] "GET /product-tag/evakuering/" 200 89714 "" "WP Rocket/Preload"
93.191.156.213 - - [07/Mar/2025:05:11:41 +0100] "GET /product-tag/evakuering/" 200 89733 "" "WP Rocket/Preload Mozilla/5.0 (iPhone; CPU iPhone OS 9_1 like Mac OS X) AppleWebKit/601.1.46 (KHTML, like Gecko) Version/9.0 Mobile/13B143 Safari/601.1"
93.191.156.213 - - [07/Mar/2025:05:11:42 +0100] "GET /product-tag/optimal-komfort-sikkerhed/" 200 89567 "" "WP Rocket/Preload"
93.191.156.213 - - [07/Mar/2025:05:11:44 +0100] "GET /product-tag/optimal-komfort-sikkerhed/" 200 89587 "" "WP Rocket/Preload Mozilla/5.0 (iPhone; CPU iPhone OS 9_1 like Mac OS X) AppleWebKit/601.1.46 (KHTML, like Gecko) Version/9.0 Mobile/13B143 Safari/601.1"
93.191.156.213 - - [07/Mar/2025:05:11:45 +0100] "GET /plejesenge/" 200 89820 "" "WP Rocket/Preload"
93.191.156.213 - - [07/Mar/2025:05:11:46 +0100] "GET /plejesenge/" 200 89574 "" "WP Rocket/Preload Mozilla/5.0 (iPhone; CPU iPhone OS 9_1 like Mac OS X) AppleWebKit/601.1.46 (KHTML, like Gecko) Version/9.0 Mobile/13B143 Safari/601.1"
93.191.156.213 - - [07/Mar/2025:05:11:48 +0100] "GET /plejesenge/bariatrisk-lux-plejeseng-120cm-bred-368kg-kapacitet/" 200 86560 "" "WP Rocket/Preload"
93.191.156.213 - - [07/Mar/2025:05:11:49 +0100] "GET /plejesenge/bariatrisk-lux-plejeseng-120cm-bred-368kg-kapacitet/" 200 48586 "" "WP Rocket/Preload Mozilla/5.0 (iPhone; CPU iPhone OS 9_1 like Mac OS X) AppleWebKit/601.1.46 (KHTML, like Gecko) Version/9.0 Mobile/13B143 Safari/601.1"
40.77.167.36 - - [07/Mar/2025:05:12:54 +0100] "GET /bevaegelse/rollatorer/underarmsstoettede-rollatorer/" 200 83615 "" "Mozilla/5.0 AppleWebKit/537.36 (KHTML, like Gecko; compatible; bingbot/2.0; +http://www.bing.com/bingbot.htm) Chrome/116.0.1938.76 Safari/537.36"
66.249.79.5 - - [07/Mar/2025:05:13:03 +0100] "GET /bevaegelse/rollatorer/freedom-rollator-til-udendoers-2224/" 200 88274 "" "Mozilla/5.0 (Linux; Android 6.0.1; Nexus 5X Build/MMB29P) AppleWebKit/537.36 (KHTML, like Gecko) Chrome/133.0.6943.53 Mobile Safari/537.36 (compatible; Googlebot/2.1; +http://www.google.com/bot.html)"
40.77.167.150 - - [07/Mar/2025:05:13:10 +0100] "GET /wp-content/uploads/2024/01/53235-200.svg" 200 2952 "" "Mozilla/5.0 AppleWebKit/537.36 (KHTML, like Gecko; compatible; bingbot/2.0; +http://www.bing.com/bingbot.htm) Chrome/116.0.1938.76 Safari/537.36"
213.180.203.94 - - [07/Mar/2025:05:13:12 +0100] "GET /bevaegelse/rollatorer/underarmsstoettede-rollatorer/" 200 83615 "" "Mozilla/5.0 (compatible; YandexBot/3.0; +http://yandex.com/bots)"
37.96.125.74 - - [07/Mar/2025:05:13:13 +0100] "GET /bevaegelse/korestole/el-korestole/letvaegt-sammenklappelige/smarty-elektrisk-korestol-med-automatisk-folde-funktion/?fbclid=IwZXh0bgNhZW0BMABhZGlkAasVHEhl024BHYuvyFhVm3Dw95xspfVH1U8NRTFkZjPXNyEdu96yvpSMXSKSvnM0Eb8LIg_aem_WCVrvQ8dU6LyKEyhEKmHow&utm_medium=paid&utm_source=fb&utm_id=120212204270300510&utm_content=120212204270310510&utm_term=120212204270320510&utm_campaign=120212204270300510" 200 97474 "http://m.facebook.com/" "Mozilla/5.0 (Linux; Android 12; SM-A415F Build/SP1A.210812.016; wv) AppleWebKit/537.36 (KHTML, like Gecko) Version/4.0 Chrome/133.0.6943.117 Mobile Safari/537.36 [FB_IAB/FB4A;FBAV/502.0.0.66.79;IABMV/1;]"
37.96.125.74 - - [07/Mar/2025:05:13:19 +0100] "POST /wp-admin/admin-ajax.php" 200 36 "https://danmedica.dk/bevaegelse/korestole/el-korestole/letvaegt-sammenklappelige/smarty-elektrisk-korestol-med-automatisk-folde-funktion/?fbclid=IwZXh0bgNhZW0BMABhZGlkAasVHEhl024BHYuvyFhVm3Dw95xspfVH1U8NRTFkZjPXNyEdu96yvpSMXSKSvnM0Eb8LIg_aem_WCVrvQ8dU6LyKEyhEKmHow&utm_medium=paid&utm_source=fb&utm_id=120212204270300510&utm_content=120212204270310510&utm_term=120212204270320510&utm_campaign=120212204270300510" "Mozilla/5.0 (Linux; Android 12; SM-A415F Build/SP1A.210812.016; wv) AppleWebKit/537.36 (KHTML, like Gecko) Version/4.0 Chrome/133.0.6943.117 Mobile Safari/537.36 [FB_IAB/FB4A;FBAV/502.0.0.66.79;IABMV/1;]"
37.96.125.74 - - [07/Mar/2025:05:13:19 +0100] "POST /wp-admin/admin-ajax.php" 200 98 "https://danmedica.dk/bevaegelse/korestole/el-korestole/letvaegt-sammenklappelige/smarty-elektrisk-korestol-med-automatisk-folde-funktion/?fbclid=IwZXh0bgNhZW0BMABhZGlkAasVHEhl024BHYuvyFhVm3Dw95xspfVH1U8NRTFkZjPXNyEdu96yvpSMXSKSvnM0Eb8LIg_aem_WCVrvQ8dU6LyKEyhEKmHow&utm_medium=paid&utm_source=fb&utm_id=120212204270300510&utm_content=120212204270310510&utm_term=120212204270320510&utm_campaign=120212204270300510" "Mozilla/5.0 (Linux; Android 12; SM-A415F Build/SP1A.210812.016; wv) AppleWebKit/537.36 (KHTML, like Gecko) Version/4.0 Chrome/133.0.6943.117 Mobile Safari/537.36 [FB_IAB/FB4A;FBAV/502.0.0.66.79;IABMV/1;]"
37.96.125.74 - - [07/Mar/2025:05:13:19 +0100] "POST /wp-admin/admin-ajax.php" 200 98 "https://danmedica.dk/bevaegelse/korestole/el-korestole/letvaegt-sammenklappelige/smarty-elektrisk-korestol-med-automatisk-folde-funktion/?fbclid=IwZXh0bgNhZW0BMABhZGlkAasVHEhl024BHYuvyFhVm3Dw95xspfVH1U8NRTFkZjPXNyEdu96yvpSMXSKSvnM0Eb8LIg_aem_WCVrvQ8dU6LyKEyhEKmHow&utm_medium=paid&utm_source=fb&utm_id=120212204270300510&utm_content=120212204270310510&utm_term=120212204270320510&utm_campaign=120212204270300510" "Mozilla/5.0 (Linux; Android 12; SM-A415F Build/SP1A.210812.016; wv) AppleWebKit/537.36 (KHTML, like Gecko) Version/4.0 Chrome/133.0.6943.117 Mobile Safari/537.36 [FB_IAB/FB4A;FBAV/502.0.0.66.79;IABMV/1;]"
37.96.125.74 - - [07/Mar/2025:05:13:19 +0100] "POST /wp-admin/admin-ajax.php" 200 98 "https://danmedica.dk/bevaegelse/korestole/el-korestole/letvaegt-sammenklappelige/smarty-elektrisk-korestol-med-automatisk-folde-funktion/?fbclid=IwZXh0bgNhZW0BMABhZGlkAasVHEhl024BHYuvyFhVm3Dw95xspfVH1U8NRTFkZjPXNyEdu96yvpSMXSKSvnM0Eb8LIg_aem_WCVrvQ8dU6LyKEyhEKmHow&utm_medium=paid&utm_source=fb&utm_id=120212204270300510&utm_content=120212204270310510&utm_term=120212204270320510&utm_campaign=120212204270300510" "Mozilla/5.0 (Linux; Android 12; SM-A415F Build/SP1A.210812.016; wv) AppleWebKit/537.36 (KHTML, like Gecko) Version/4.0 Chrome/133.0.6943.117 Mobile Safari/537.36 [FB_IAB/FB4A;FBAV/502.0.0.66.79;IABMV/1;]"
37.96.125.74 - - [07/Mar/2025:05:13:19 +0100] "POST /?wc-ajax=get_refreshed_fragments" 200 371 "https://danmedica.dk/bevaegelse/korestole/el-korestole/letvaegt-sammenklappelige/smarty-elektrisk-korestol-med-automatisk-folde-funktion/?fbclid=IwZXh0bgNhZW0BMABhZGlkAasVHEhl024BHYuvyFhVm3Dw95xspfVH1U8NRTFkZjPXNyEdu96yvpSMXSKSvnM0Eb8LIg_aem_WCVrvQ8dU6LyKEyhEKmHow&utm_medium=paid&utm_source=fb&utm_id=120212204270300510&utm_content=120212204270310510&utm_term=120212204270320510&utm_campaign=120212204270300510" "Mozilla/5.0 (Linux; Android 12; SM-A415F Build/SP1A.210812.016; wv) AppleWebKit/537.36 (KHTML, like Gecko) Version/4.0 Chrome/133.0.6943.117 Mobile Safari/537.36 [FB_IAB/FB4A;FBAV/502.0.0.66.79;IABMV/1;]"
93.191.156.213 - - [07/Mar/2025:05:13:19 +0100] "POST /wp-cron.php?doing_wp_cron=1741320798.9021110534667968750000" 200 0 "" "ph5L8og2xdfB"
37.96.125.74 - - [07/Mar/2025:05:13:20 +0100] "POST /wp-admin/admin-ajax.php" 200 106 "https://danmedica.dk/bevaegelse/korestole/el-korestole/letvaegt-sammenklappelige/smarty-elektrisk-korestol-med-automatisk-folde-funktion/?fbclid=IwZXh0bgNhZW0BMABhZGlkAasVHEhl024BHYuvyFhVm3Dw95xspfVH1U8NRTFkZjPXNyEdu96yvpSMXSKSvnM0Eb8LIg_aem_WCVrvQ8dU6LyKEyhEKmHow&utm_medium=paid&utm_source=fb&utm_id=120212204270300510&utm_content=120212204270310510&utm_term=120212204270320510&utm_campaign=120212204270300510" "Mozilla/5.0 (Linux; Android 12; SM-A415F Build/SP1A.210812.016; wv) AppleWebKit/537.36 (KHTML, like Gecko) Version/4.0 Chrome/133.0.6943.117 Mobile Safari/537.36 [FB_IAB/FB4A;FBAV/502.0.0.66.79;IABMV/1;]"
93.191.156.213 - - [07/Mar/2025:05:13:20 +0100] "POST /wp-admin/admin-ajax.php?action=as_async_request_queue_runner&nonce=764b0c259b" 499 0 "" "jdf3V5Ju6dGA"
93.191.156.213 - - [07/Mar/2025:05:13:20 +0100] "GET /plejesenge/leo-mobil-plejeseng-med-hjul-perfekt-til-plejehjem/" 200 88202 "" "WP Rocket/Preload"
93.191.156.213 - - [07/Mar/2025:05:13:21 +0100] "GET /plejesenge/leo-mobil-plejeseng-med-hjul-perfekt-til-plejehjem/" 200 88223 "" "WP Rocket/Preload Mozilla/5.0 (iPhone; CPU iPhone OS 9_1 like Mac OS X) AppleWebKit/601.1.46 (KHTML, like Gecko) Version/9.0 Mobile/13B143 Safari/601.1"
93.191.156.213 - - [07/Mar/2025:05:13:23 +0100] "GET /bevaegelse/elektrisk-personloftere/mobil-staalift-med-hjul-hjaelpemiddel-til-forflytning-way-up/" 200 88476 "" "WP Rocket/Preload"
93.191.156.213 - - [07/Mar/2025:05:13:24 +0100] "GET /bevaegelse/elektrisk-personloftere/mobil-staalift-med-hjul-hjaelpemiddel-til-forflytning-way-up/" 200 87827 "" "WP Rocket/Preload Mozilla/5.0 (iPhone; CPU iPhone OS 9_1 like Mac OS X) AppleWebKit/601.1.46 (KHTML, like Gecko) Version/9.0 Mobile/13B143 Safari/601.1"
93.191.156.213 - - [07/Mar/2025:05:13:25 +0100] "GET /product-tag/500w-staerke-motorer/" 200 89737 "" "WP Rocket/Preload"
93.191.156.213 - - [07/Mar/2025:05:13:27 +0100] "GET /product-tag/500w-staerke-motorer/" 200 89756 "" "WP Rocket/Preload Mozilla/5.0 (iPhone; CPU iPhone OS 9_1 like Mac OS X) AppleWebKit/601.1.46 (KHTML, like Gecko) Version/9.0 Mobile/13B143 Safari/601.1"
93.191.156.213 - - [07/Mar/2025:05:13:28 +0100] "GET /product-tag/500w-motor/" 200 89346 "" "WP Rocket/Preload"
93.191.156.213 - - [07/Mar/2025:05:13:29 +0100] "GET /product-tag/500w-motor/" 200 89365 "" "WP Rocket/Preload Mozilla/5.0 (iPhone; CPU iPhone OS 9_1 like Mac OS X) AppleWebKit/601.1.46 (KHTML, like Gecko) Version/9.0 Mobile/13B143 Safari/601.1"
93.191.156.213 - - [07/Mar/2025:05:13:31 +0100] "GET /klinikudstyr/kardiologi/" 200 90494 "" "WP Rocket/Preload"
93.191.156.213 - - [07/Mar/2025:05:13:32 +0100] "GET /klinikudstyr/kardiologi/" 200 90514 "" "WP Rocket/Preload Mozilla/5.0 (iPhone; CPU iPhone OS 9_1 like Mac OS X) AppleWebKit/601.1.46 (KHTML, like Gecko) Version/9.0 Mobile/13B143 Safari/601.1"
93.191.156.213 - - [07/Mar/2025:05:13:33 +0100] "GET /klinikudstyr/vippelejer-undersoegelseslejer/vippeleje-uden-echo-cut-out-med-elektrisk-tiltjustering-aga-kardio-mat-kt-1062-e/" 200 88490 "" "WP Rocket/Preload"
93.191.156.213 - - [07/Mar/2025:05:13:34 +0100] "GET /klinikudstyr/vippelejer-undersoegelseslejer/vippeleje-uden-echo-cut-out-med-elektrisk-tiltjustering-aga-kardio-mat-kt-1062-e/" 200 88479 "" "WP Rocket/Preload Mozilla/5.0 (iPhone; CPU iPhone OS 9_1 like Mac OS X) AppleWebKit/601.1.46 (KHTML, like Gecko) Version/9.0 Mobile/13B143 Safari/601.1"
93.191.156.213 - - [07/Mar/2025:05:13:36 +0100] "GET /product-tag/manoevrerbar/" 200 91059 "" "WP Rocket/Preload"
93.191.156.213 - - [07/Mar/2025:05:13:37 +0100] "GET /product-tag/manoevrerbar/" 200 91078 "" "WP Rocket/Preload Mozilla/5.0 (iPhone; CPU iPhone OS 9_1 like Mac OS X) AppleWebKit/601.1.46 (KHTML, like Gecko) Version/9.0 Mobile/13B143 Safari/601.1"
93.191.156.213 - - [07/Mar/2025:05:13:39 +0100] "GET /product-tag/karbon-fiber/" 200 90277 "" "WP Rocket/Preload"
93.191.156.213 - - [07/Mar/2025:05:13:40 +0100] "GET /product-tag/karbon-fiber/" 200 90297 "" "WP Rocket/Preload Mozilla/5.0 (iPhone; CPU iPhone OS 9_1 like Mac OS X) AppleWebKit/601.1.46 (KHTML, like Gecko) Version/9.0 Mobile/13B143 Safari/601.1"
93.191.156.213 - - [07/Mar/2025:05:13:41 +0100] "GET /uncategorized/trappelift-indendoers-til-lige-trappe-med-montering/" 200 89309 "" "WP Rocket/Preload"
93.191.156.213 - - [07/Mar/2025:05:13:42 +0100] "GET /uncategorized/trappelift-indendoers-til-lige-trappe-med-montering/" 200 89285 "" "WP Rocket/Preload Mozilla/5.0 (iPhone; CPU iPhone OS 9_1 like Mac OS X) AppleWebKit/601.1.46 (KHTML, like Gecko) Version/9.0 Mobile/13B143 Safari/601.1"
93.191.156.213 - - [07/Mar/2025:05:13:52 +0100] "POST /wp-cron.php?doing_wp_cron=1741320832.6418230533599853515625" 200 0 "" "vRA2wsJbhIcR"
87.250.224.49 - - [07/Mar/2025:05:13:52 +0100] "GET /klinikudstyr/vippelejer-undersoegelseslejer/vippeleje-med-elektrisk-tilt-og-hoejdetilpasning-aga-kardio-lift-kt-1060-ee/feed/" 200 521 "" "Mozilla/5.0 (compatible; YandexBot/3.0; +http://yandex.com/bots)"
93.191.156.213 - - [07/Mar/2025:05:13:53 +0100] "GET /product-tag/11-4kg/" 200 89532 "" "WP Rocket/Preload"
93.191.156.213 - - [07/Mar/2025:05:13:55 +0100] "GET /product-tag/11-4kg/" 200 89552 "" "WP Rocket/Preload Mozilla/5.0 (iPhone; CPU iPhone OS 9_1 like Mac OS X) AppleWebKit/601.1.46 (KHTML, like Gecko) Version/9.0 Mobile/13B143 Safari/601.1"
93.191.156.213 - - [07/Mar/2025:05:13:56 +0100] "GET /product-tag/nem-foldbar/" 200 86233 "" "WP Rocket/Preload"
93.191.156.213 - - [07/Mar/2025:05:13:57 +0100] "GET /product-tag/nem-foldbar/" 200 86253 "" "WP Rocket/Preload Mozilla/5.0 (iPhone; CPU iPhone OS 9_1 like Mac OS X) AppleWebKit/601.1.46 (KHTML, like Gecko) Version/9.0 Mobile/13B143 Safari/601.1"
93.191.156.213 - - [07/Mar/2025:05:13:58 +0100] "GET /2024/08/07/" 200 59585 "" "WP Rocket/Preload"
66.249.79.36 - - [07/Mar/2025:05:13:59 +0100] "GET /wp-content/uploads/2024/03/2356-2357-2358-2359-600x450.jpeg" 200 25734 "" "Googlebot-Image/1.0"
93.191.156.213 - - [07/Mar/2025:05:14:00 +0100] "GET /2024/08/07/" 499 0 "" "WP Rocket/Preload Mozilla/5.0 (iPhone; CPU iPhone OS 9_1 like Mac OS X) AppleWebKit/601.1.46 (KHTML, like Gecko) Version/9.0 Mobile/13B143 Safari/601.1"
93.191.156.213 - - [07/Mar/2025:05:14:01 +0100] "GET /product-tag/fjernbetjening/" 200 90461 "" "WP Rocket/Preload"
93.191.156.213 - - [07/Mar/2025:05:14:02 +0100] "GET /product-tag/fjernbetjening/" 200 90481 "" "WP Rocket/Preload Mozilla/5.0 (iPhone; CPU iPhone OS 9_1 like Mac OS X) AppleWebKit/601.1.46 (KHTML, like Gecko) Version/9.0 Mobile/13B143 Safari/601.1"
93.191.156.213 - - [07/Mar/2025:05:14:04 +0100] "GET /addons/opbevaringskurv/" 200 83489 "" "WP Rocket/Preload"
